--------- beginning of main
12-16 02:28:18.826     0  1892 W linker  : [vdso]: unused DT entry: type 0x6ffffef5 arg 0x160
12-16 02:28:18.833     0  1909 W linker  : [vdso]: unused DT entry: type 0x6ffffef5 arg 0x160
12-16 02:28:18.839     0  1911 W linker  : [vdso]: unused DT entry: type 0x6ffffef5 arg 0x160
12-16 02:28:19.039     0  1889 W linker  : [vdso]: unused DT entry: type 0x6ffffef5 arg 0x160
12-16 02:28:19.041     0  1904 W linker  : [vdso]: unused DT entry: type 0x6ffffef5 arg 0x160
12-16 02:28:19.042     0  1904 I powerbtn: open event2(Power Button) ok
12-16 02:28:19.054     0  1904 I powerbtn: open event1(Power Button) ok
12-16 02:28:19.510     0  1899 W linker  : [vdso]: unused DT entry: type 0x6ffffef5 arg 0xec
12-16 02:28:19.601     0  1900 W linker  : [vdso]: unused DT entry: type 0x6ffffef5 arg 0x160
12-16 02:28:19.602     0  1900 I installd: installd firing up
12-16 02:28:19.684     0  1899 I mediaserver: ServiceManager: 0xf5c356a0
12-16 02:28:19.684     0  1899 I AudioFlinger: Using default 3000 mSec as standby time.
12-16 02:28:19.684     0  1899 I ServiceManager: Waiting for service batterystats...
12-16 02:28:19.686     0  1905 W linker  : [vdso]: unused DT entry: type 0x6ffffef5 arg 0x160
12-16 02:28:19.700     0  1893 W linker  : [vdso]: unused DT entry: type 0x6ffffef5 arg 0x160
12-16 02:28:19.861     0  1898 W linker  : [vdso]: unused DT entry: type 0x6ffffef5 arg 0xec
12-16 02:28:19.866     0  1895 W linker  : [vdso]: unused DT entry: type 0x6ffffef5 arg 0xec
12-16 02:28:19.867     0  1895 I         : debuggerd: Dec  8 2015 05:11:25
12-16 02:28:19.890     0  1894 W linker  : [vdso]: unused DT entry: type 0x6ffffef5 arg 0x160
12-16 02:28:19.891     0  1894 I Netd    : Netd 1.0 starting
12-16 02:28:19.898     0  1894 E Netd    : Failed to open /proc/sys/net/ipv6/conf/default/accept_ra_rt_table: No such file or directory
12-16 02:28:19.898     0  1894 E Netd    : Failed to open /proc/sys/net/ipv6/conf/eth0/accept_ra_rt_table: No such file or directory
12-16 02:28:19.898     0  1894 E Netd    : Failed to open /proc/sys/net/ipv6/conf/ip6tnl0/accept_ra_rt_table: No such file or directory
12-16 02:28:19.898     0  1894 E Netd    : Failed to open /proc/sys/net/ipv6/conf/lo/accept_ra_rt_table: No such file or directory
12-16 02:28:19.898     0  1894 E Netd    : Failed to open /proc/sys/net/ipv6/conf/sit0/accept_ra_rt_table: No such file or directory
12-16 02:28:19.918     0  1916 W linker  : [vdso]: unused DT entry: type 0x6ffffef5 arg 0x160
12-16 02:28:19.955     0  1917 W linker  : [vdso]: unused DT entry: type 0x6ffffef5 arg 0x160
12-16 02:28:19.958     0  1918 W linker  : [vdso]: unused DT entry: type 0x6ffffef5 arg 0x160
12-16 02:28:19.960     0  1919 W linker  : [vdso]: unused DT entry: type 0x6ffffef5 arg 0x160
12-16 02:28:19.962     0  1920 W linker  : [vdso]: unused DT entry: type 0x6ffffef5 arg 0x160
12-16 02:28:19.965     0  1921 W linker  : [vdso]: unused DT entry: type 0x6ffffef5 arg 0x160
12-16 02:28:19.967     0  1922 W linker  : [vdso]: unused DT entry: type 0x6ffffef5 arg 0x160
12-16 02:28:19.967     0  1894 I iptables: WARNING: linker: [vdso]: unused DT entry: type 0x6ffffef5 arg 0x160
12-16 02:28:19.969     0  1923 W linker  : [vdso]: unused DT entry: type 0x6ffffef5 arg 0x160
12-16 02:28:19.969     0  1894 I ip6tables: WARNING: linker: [vdso]: unused DT entry: type 0x6ffffef5 arg 0x160
12-16 02:28:19.972     0  1924 W linker  : [vdso]: unused DT entry: type 0x6ffffef5 arg 0x160
12-16 02:28:19.972     0  1894 I iptables: WARNING: linker: [vdso]: unused DT entry: type 0x6ffffef5 arg 0x160
12-16 02:28:19.974     0  1925 W linker  : [vdso]: unused DT entry: type 0x6ffffef5 arg 0x160
12-16 02:28:19.974     0  1894 I ip6tables: WARNING: linker: [vdso]: unused DT entry: type 0x6ffffef5 arg 0x160
12-16 02:28:19.976     0  1926 W linker  : [vdso]: unused DT entry: type 0x6ffffef5 arg 0x160
12-16 02:28:19.978     0  1927 W linker  : [vdso]: unused DT entry: type 0x6ffffef5 arg 0x160
12-16 02:28:19.981     0  1928 W linker  : [vdso]: unused DT entry: type 0x6ffffef5 arg 0x160
12-16 02:28:19.983     0  1929 W linker  : [vdso]: unused DT entry: type 0x6ffffef5 arg 0x160
12-16 02:28:19.985     0  1930 W linker  : [vdso]: unused DT entry: type 0x6ffffef5 arg 0x160
12-16 02:28:19.987     0  1931 W linker  : [vdso]: unused DT entry: type 0x6ffffef5 arg 0x160
12-16 02:28:19.989     0  1932 W linker  : [vdso]: unused DT entry: type 0x6ffffef5 arg 0x160
12-16 02:28:19.989     0  1894 I iptables: WARNING: linker: [vdso]: unused DT entry: type 0x6ffffef5 arg 0x160
12-16 02:28:19.992     0  1933 W linker  : [vdso]: unused DT entry: type 0x6ffffef5 arg 0x160
12-16 02:28:19.992     0  1894 I ip6tables: WARNING: linker: [vdso]: unused DT entry: type 0x6ffffef5 arg 0x160
12-16 02:28:19.994     0  1934 W linker  : [vdso]: unused DT entry: type 0x6ffffef5 arg 0x160
12-16 02:28:19.994     0  1894 I iptables: WARNING: linker: [vdso]: unused DT entry: type 0x6ffffef5 arg 0x160
12-16 02:28:19.996     0  1935 W linker  : [vdso]: unused DT entry: type 0x6ffffef5 arg 0x160
12-16 02:28:19.996     0  1894 I ip6tables: WARNING: linker: [vdso]: unused DT entry: type 0x6ffffef5 arg 0x160
12-16 02:28:19.998     0  1936 W linker  : [vdso]: unused DT entry: type 0x6ffffef5 arg 0x160
12-16 02:28:20.000     0  1937 W linker  : [vdso]: unused DT entry: type 0x6ffffef5 arg 0x160
12-16 02:28:20.002     0  1938 W linker  : [vdso]: unused DT entry: type 0x6ffffef5 arg 0x160
12-16 02:28:20.005     0  1939 W linker  : [vdso]: unused DT entry: type 0x6ffffef5 arg 0x160
12-16 02:28:20.007     0  1940 W linker  : [vdso]: unused DT entry: type 0x6ffffef5 arg 0x160
12-16 02:28:20.009     0  1942 W linker  : [vdso]: unused DT entry: type 0x6ffffef5 arg 0x160
12-16 02:28:20.011     0  1943 W linker  : [vdso]: unused DT entry: type 0x6ffffef5 arg 0x160
12-16 02:28:20.011     0  1894 I iptables: WARNING: linker: [vdso]: unused DT entry: type 0x6ffffef5 arg 0x160
12-16 02:28:20.014     0  1944 W linker  : [vdso]: unused DT entry: type 0x6ffffef5 arg 0x160
12-16 02:28:20.014     0  1894 I ip6tables: WARNING: linker: [vdso]: unused DT entry: type 0x6ffffef5 arg 0x160
12-16 02:28:20.014     0  1945 W linker  : [vdso]: unused DT entry: type 0x6ffffef5 arg 0x160
12-16 02:28:20.014     0  1894 I iptables: WARNING: linker: [vdso]: unused DT entry: type 0x6ffffef5 arg 0x160
12-16 02:28:20.015     0  1946 W linker  : [vdso]: unused DT entry: type 0x6ffffef5 arg 0x160
12-16 02:28:20.015     0  1894 I ip6tables: WARNING: linker: [vdso]: unused DT entry: type 0x6ffffef5 arg 0x160
12-16 02:28:20.015     0  1947 W linker  : [vdso]: unused DT entry: type 0x6ffffef5 arg 0x160
12-16 02:28:20.016     0  1948 W linker  : [vdso]: unused DT entry: type 0x6ffffef5 arg 0x160
12-16 02:28:20.016     0  1949 W linker  : [vdso]: unused DT entry: type 0x6ffffef5 arg 0x160
12-16 02:28:20.017     0  1950 W linker  : [vdso]: unused DT entry: type 0x6ffffef5 arg 0x160
12-16 02:28:20.017     0  1951 W linker  : [vdso]: unused DT entry: type 0x6ffffef5 arg 0x160
12-16 02:28:20.018     0  1952 W linker  : [vdso]: unused DT entry: type 0x6ffffef5 arg 0x160
12-16 02:28:20.018     0  1953 W linker  : [vdso]: unused DT entry: type 0x6ffffef5 arg 0x160
12-16 02:28:20.018     0  1894 I iptables: WARNING: linker: [vdso]: unused DT entry: type 0x6ffffef5 arg 0x160
12-16 02:28:20.019     0  1954 W linker  : [vdso]: unused DT entry: type 0x6ffffef5 arg 0x160
12-16 02:28:20.019     0  1894 I ip6tables: WARNING: linker: [vdso]: unused DT entry: type 0x6ffffef5 arg 0x160
12-16 02:28:20.019     0  1955 W linker  : [vdso]: unused DT entry: type 0x6ffffef5 arg 0x160
12-16 02:28:20.019     0  1894 I iptables: WARNING: linker: [vdso]: unused DT entry: type 0x6ffffef5 arg 0x160
12-16 02:28:20.020     0  1956 W linker  : [vdso]: unused DT entry: type 0x6ffffef5 arg 0x160
12-16 02:28:20.020     0  1894 I ip6tables: WARNING: linker: [vdso]: unused DT entry: type 0x6ffffef5 arg 0x160
12-16 02:28:20.020     0  1957 W linker  : [vdso]: unused DT entry: type 0x6ffffef5 arg 0x160
12-16 02:28:20.021     0  1958 W linker  : [vdso]: unused DT entry: type 0x6ffffef5 arg 0x160
12-16 02:28:20.022     0  1959 W linker  : [vdso]: unused DT entry: type 0x6ffffef5 arg 0x160
12-16 02:28:20.022     0  1960 W linker  : [vdso]: unused DT entry: type 0x6ffffef5 arg 0x160
12-16 02:28:20.023     0  1961 W linker  : [vdso]: unused DT entry: type 0x6ffffef5 arg 0x160
12-16 02:28:20.023     0  1962 W linker  : [vdso]: unused DT entry: type 0x6ffffef5 arg 0x160
12-16 02:28:20.024     0  1963 W linker  : [vdso]: unused DT entry: type 0x6ffffef5 arg 0x160
12-16 02:28:20.024     0  1894 I iptables: WARNING: linker: [vdso]: unused DT entry: type 0x6ffffef5 arg 0x160
12-16 02:28:20.024     0  1964 W linker  : [vdso]: unused DT entry: type 0x6ffffef5 arg 0x160
12-16 02:28:20.024     0  1894 I ip6tables: WARNING: linker: [vdso]: unused DT entry: type 0x6ffffef5 arg 0x160
12-16 02:28:20.025     0  1965 W linker  : [vdso]: unused DT entry: type 0x6ffffef5 arg 0x160
12-16 02:28:20.025     0  1894 I iptables: WARNING: linker: [vdso]: unused DT entry: type 0x6ffffef5 arg 0x160
12-16 02:28:20.025     0  1966 W linker  : [vdso]: unused DT entry: type 0x6ffffef5 arg 0x160
12-16 02:28:20.025     0  1894 I ip6tables: WARNING: linker: [vdso]: unused DT entry: type 0x6ffffef5 arg 0x160
12-16 02:28:20.026     0  1967 W linker  : [vdso]: unused DT entry: type 0x6ffffef5 arg 0x160
12-16 02:28:20.026     0  1968 W linker  : [vdso]: unused DT entry: type 0x6ffffef5 arg 0x160
12-16 02:28:20.027     0  1969 W linker  : [vdso]: unused DT entry: type 0x6ffffef5 arg 0x160
12-16 02:28:20.027     0  1970 W linker  : [vdso]: unused DT entry: type 0x6ffffef5 arg 0x160
12-16 02:28:20.028     0  1971 W linker  : [vdso]: unused DT entry: type 0x6ffffef5 arg 0x160
12-16 02:28:20.028     0  1972 W linker  : [vdso]: unused DT entry: type 0x6ffffef5 arg 0x160
12-16 02:28:20.029     0  1973 W linker  : [vdso]: unused DT entry: type 0x6ffffef5 arg 0x160
12-16 02:28:20.029     0  1894 I iptables: WARNING: linker: [vdso]: unused DT entry: type 0x6ffffef5 arg 0x160
12-16 02:28:20.029     0  1974 W linker  : [vdso]: unused DT entry: type 0x6ffffef5 arg 0x160
12-16 02:28:20.029     0  1894 I ip6tables: WARNING: linker: [vdso]: unused DT entry: type 0x6ffffef5 arg 0x160
12-16 02:28:20.030     0  1975 W linker  : [vdso]: unused DT entry: type 0x6ffffef5 arg 0x160
12-16 02:28:20.030     0  1894 I iptables: WARNING: linker: [vdso]: unused DT entry: type 0x6ffffef5 arg 0x160
12-16 02:28:20.030     0  1976 W linker  : [vdso]: unused DT entry: type 0x6ffffef5 arg 0x160
12-16 02:28:20.030     0  1894 I ip6tables: WARNING: linker: [vdso]: unused DT entry: type 0x6ffffef5 arg 0x160
12-16 02:28:20.031     0  1977 W linker  : [vdso]: unused DT entry: type 0x6ffffef5 arg 0x160
12-16 02:28:20.031     0  1978 W linker  : [vdso]: unused DT entry: type 0x6ffffef5 arg 0x160
12-16 02:28:20.032     0  1979 W linker  : [vdso]: unused DT entry: type 0x6ffffef5 arg 0x160
12-16 02:28:20.032     0  1980 W linker  : [vdso]: unused DT entry: type 0x6ffffef5 arg 0x160
12-16 02:28:20.033     0  1981 W linker  : [vdso]: unused DT entry: type 0x6ffffef5 arg 0x160
12-16 02:28:20.033     0  1982 W linker  : [vdso]: unused DT entry: type 0x6ffffef5 arg 0x160
12-16 02:28:20.034     0  1983 W linker  : [vdso]: unused DT entry: type 0x6ffffef5 arg 0x160
12-16 02:28:20.034     0  1894 I iptables: WARNING: linker: [vdso]: unused DT entry: type 0x6ffffef5 arg 0x160
12-16 02:28:20.034     0  1984 W linker  : [vdso]: unused DT entry: type 0x6ffffef5 arg 0x160
12-16 02:28:20.035     0  1894 I ip6tables: WARNING: linker: [vdso]: unused DT entry: type 0x6ffffef5 arg 0x160
12-16 02:28:20.035     0  1985 W linker  : [vdso]: unused DT entry: type 0x6ffffef5 arg 0x160
12-16 02:28:20.035     0  1894 I iptables: WARNING: linker: [vdso]: unused DT entry: type 0x6ffffef5 arg 0x160
12-16 02:28:20.036     0  1986 W linker  : [vdso]: unused DT entry: type 0x6ffffef5 arg 0x160
12-16 02:28:20.036     0  1894 I ip6tables: WARNING: linker: [vdso]: unused DT entry: type 0x6ffffef5 arg 0x160
12-16 02:28:20.036     0  1987 W linker  : [vdso]: unused DT entry: type 0x6ffffef5 arg 0x160
12-16 02:28:20.037     0  1988 W linker  : [vdso]: unused DT entry: type 0x6ffffef5 arg 0x160
12-16 02:28:20.037     0  1989 W linker  : [vdso]: unused DT entry: type 0x6ffffef5 arg 0x160
12-16 02:28:20.038     0  1990 W linker  : [vdso]: unused DT entry: type 0x6ffffef5 arg 0x160
12-16 02:28:20.038     0  1991 W linker  : [vdso]: unused DT entry: type 0x6ffffef5 arg 0x160
12-16 02:28:20.039     0  1992 W linker  : [vdso]: unused DT entry: type 0x6ffffef5 arg 0x160
12-16 02:28:20.039     0  1993 W linker  : [vdso]: unused DT entry: type 0x6ffffef5 arg 0x160
12-16 02:28:20.039     0  1894 I iptables: WARNING: linker: [vdso]: unused DT entry: type 0x6ffffef5 arg 0x160
12-16 02:28:20.040     0  1994 W linker  : [vdso]: unused DT entry: type 0x6ffffef5 arg 0x160
12-16 02:28:20.040     0  1894 I ip6tables: WARNING: linker: [vdso]: unused DT entry: type 0x6ffffef5 arg 0x160
12-16 02:28:20.040     0  1995 W linker  : [vdso]: unused DT entry: type 0x6ffffef5 arg 0x160
12-16 02:28:20.040     0  1894 I iptables: WARNING: linker: [vdso]: unused DT entry: type 0x6ffffef5 arg 0x160
12-16 02:28:20.041     0  1996 W linker  : [vdso]: unused DT entry: type 0x6ffffef5 arg 0x160
12-16 02:28:20.041     0  1894 I ip6tables: WARNING: linker: [vdso]: unused DT entry: type 0x6ffffef5 arg 0x160
12-16 02:28:20.041     0  1997 W linker  : [vdso]: unused DT entry: type 0x6ffffef5 arg 0x160
12-16 02:28:20.042     0  1998 W linker  : [vdso]: unused DT entry: type 0x6ffffef5 arg 0x160
12-16 02:28:20.042     0  1999 W linker  : [vdso]: unused DT entry: type 0x6ffffef5 arg 0x160
12-16 02:28:20.043     0  2000 W linker  : [vdso]: unused DT entry: type 0x6ffffef5 arg 0x160
12-16 02:28:20.043     0  2001 W linker  : [vdso]: unused DT entry: type 0x6ffffef5 arg 0x160
12-16 02:28:20.044     0  2002 W linker  : [vdso]: unused DT entry: type 0x6ffffef5 arg 0x160
12-16 02:28:20.044     0  2003 W linker  : [vdso]: unused DT entry: type 0x6ffffef5 arg 0x160
12-16 02:28:20.044     0  1894 I iptables: WARNING: linker: [vdso]: unused DT entry: type 0x6ffffef5 arg 0x160
12-16 02:28:20.045     0  2004 W linker  : [vdso]: unused DT entry: type 0x6ffffef5 arg 0x160
12-16 02:28:20.045     0  1894 I ip6tables: WARNING: linker: [vdso]: unused DT entry: type 0x6ffffef5 arg 0x160
12-16 02:28:20.045     0  2005 W linker  : [vdso]: unused DT entry: type 0x6ffffef5 arg 0x160
12-16 02:28:20.045     0  1894 I iptables: WARNING: linker: [vdso]: unused DT entry: type 0x6ffffef5 arg 0x160
12-16 02:28:20.046     0  2006 W linker  : [vdso]: unused DT entry: type 0x6ffffef5 arg 0x160
12-16 02:28:20.046     0  1894 I ip6tables: WARNING: linker: [vdso]: unused DT entry: type 0x6ffffef5 arg 0x160
12-16 02:28:20.046     0  2007 W linker  : [vdso]: unused DT entry: type 0x6ffffef5 arg 0x160
12-16 02:28:20.047     0  2008 W linker  : [vdso]: unused DT entry: type 0x6ffffef5 arg 0x160
12-16 02:28:20.047     0  2009 W linker  : [vdso]: unused DT entry: type 0x6ffffef5 arg 0x160
12-16 02:28:20.048     0  2010 W linker  : [vdso]: unused DT entry: type 0x6ffffef5 arg 0x160
12-16 02:28:20.049     0  2011 W linker  : [vdso]: unused DT entry: type 0x6ffffef5 arg 0x160
12-16 02:28:20.049     0  2012 W linker  : [vdso]: unused DT entry: type 0x6ffffef5 arg 0x160
12-16 02:28:20.050     0  2013 W linker  : [vdso]: unused DT entry: type 0x6ffffef5 arg 0x160
12-16 02:28:20.050     0  1894 I iptables: WARNING: linker: [vdso]: unused DT entry: type 0x6ffffef5 arg 0x160
12-16 02:28:20.050     0  2014 W linker  : [vdso]: unused DT entry: type 0x6ffffef5 arg 0x160
12-16 02:28:20.050     0  1894 I ip6tables: WARNING: linker: [vdso]: unused DT entry: type 0x6ffffef5 arg 0x160
12-16 02:28:20.051     0  2015 W linker  : [vdso]: unused DT entry: type 0x6ffffef5 arg 0x160
12-16 02:28:20.051     0  1894 I iptables: WARNING: linker: [vdso]: unused DT entry: type 0x6ffffef5 arg 0x160
12-16 02:28:20.051     0  2016 W linker  : [vdso]: unused DT entry: type 0x6ffffef5 arg 0x160
12-16 02:28:20.051     0  1894 I ip6tables: WARNING: linker: [vdso]: unused DT entry: type 0x6ffffef5 arg 0x160
12-16 02:28:20.052     0  2017 W linker  : [vdso]: unused DT entry: type 0x6ffffef5 arg 0x160
12-16 02:28:20.052     0  2018 W linker  : [vdso]: unused DT entry: type 0x6ffffef5 arg 0x160
12-16 02:28:20.053     0  2019 W linker  : [vdso]: unused DT entry: type 0x6ffffef5 arg 0x160
12-16 02:28:20.053     0  2020 W linker  : [vdso]: unused DT entry: type 0x6ffffef5 arg 0x160
12-16 02:28:20.054     0  2021 W linker  : [vdso]: unused DT entry: type 0x6ffffef5 arg 0x160
12-16 02:28:20.054     0  2022 W linker  : [vdso]: unused DT entry: type 0x6ffffef5 arg 0x160
12-16 02:28:20.054     0  2023 W linker  : [vdso]: unused DT entry: type 0x6ffffef5 arg 0x160
12-16 02:28:20.055     0  1894 I iptables: WARNING: linker: [vdso]: unused DT entry: type 0x6ffffef5 arg 0x160
12-16 02:28:20.055     0  2024 W linker  : [vdso]: unused DT entry: type 0x6ffffef5 arg 0x160
12-16 02:28:20.055     0  1894 I ip6tables: WARNING: linker: [vdso]: unused DT entry: type 0x6ffffef5 arg 0x160
12-16 02:28:20.055     0  2025 W linker  : [vdso]: unused DT entry: type 0x6ffffef5 arg 0x160
12-16 02:28:20.056     0  1894 I iptables: WARNING: linker: [vdso]: unused DT entry: type 0x6ffffef5 arg 0x160
12-16 02:28:20.056     0  2026 W linker  : [vdso]: unused DT entry: type 0x6ffffef5 arg 0x160
12-16 02:28:20.056     0  1894 I ip6tables: WARNING: linker: [vdso]: unused DT entry: type 0x6ffffef5 arg 0x160
12-16 02:28:20.056     0  2027 W linker  : [vdso]: unused DT entry: type 0x6ffffef5 arg 0x160
12-16 02:28:20.057     0  2028 W linker  : [vdso]: unused DT entry: type 0x6ffffef5 arg 0x160
12-16 02:28:20.057     0  2029 W linker  : [vdso]: unused DT entry: type 0x6ffffef5 arg 0x160
12-16 02:28:20.058     0  2030 W linker  : [vdso]: unused DT entry: type 0x6ffffef5 arg 0x160
12-16 02:28:20.058     0  2031 W linker  : [vdso]: unused DT entry: type 0x6ffffef5 arg 0x160
12-16 02:28:20.059     0  2032 W linker  : [vdso]: unused DT entry: type 0x6ffffef5 arg 0x160
12-16 02:28:20.059     0  2033 W linker  : [vdso]: unused DT entry: type 0x6ffffef5 arg 0x160
12-16 02:28:20.059     0  1894 I iptables: WARNING: linker: [vdso]: unused DT entry: type 0x6ffffef5 arg 0x160
12-16 02:28:20.060     0  2034 W linker  : [vdso]: unused DT entry: type 0x6ffffef5 arg 0x160
12-16 02:28:20.060     0  1894 I ip6tables: WARNING: linker: [vdso]: unused DT entry: type 0x6ffffef5 arg 0x160
12-16 02:28:20.060     0  2035 W linker  : [vdso]: unused DT entry: type 0x6ffffef5 arg 0x160
12-16 02:28:20.060     0  1894 I iptables: WARNING: linker: [vdso]: unused DT entry: type 0x6ffffef5 arg 0x160
12-16 02:28:20.061     0  2036 W linker  : [vdso]: unused DT entry: type 0x6ffffef5 arg 0x160
12-16 02:28:20.061     0  1894 I ip6tables: WARNING: linker: [vdso]: unused DT entry: type 0x6ffffef5 arg 0x160
12-16 02:28:20.061     0  2037 W linker  : [vdso]: unused DT entry: type 0x6ffffef5 arg 0x160
12-16 02:28:20.062     0  2038 W linker  : [vdso]: unused DT entry: type 0x6ffffef5 arg 0x160
12-16 02:28:20.062     0  2039 W linker  : [vdso]: unused DT entry: type 0x6ffffef5 arg 0x160
12-16 02:28:20.063     0  2040 W linker  : [vdso]: unused DT entry: type 0x6ffffef5 arg 0x160
12-16 02:28:20.063     0  2041 W linker  : [vdso]: unused DT entry: type 0x6ffffef5 arg 0x160
12-16 02:28:20.064     0  2042 W linker  : [vdso]: unused DT entry: type 0x6ffffef5 arg 0x160
12-16 02:28:20.064     0  2043 W linker  : [vdso]: unused DT entry: type 0x6ffffef5 arg 0x160
12-16 02:28:20.064     0  1894 I iptables: WARNING: linker: [vdso]: unused DT entry: type 0x6ffffef5 arg 0x160
12-16 02:28:20.065     0  2044 W linker  : [vdso]: unused DT entry: type 0x6ffffef5 arg 0x160
12-16 02:28:20.065     0  1894 I ip6tables: WARNING: linker: [vdso]: unused DT entry: type 0x6ffffef5 arg 0x160
12-16 02:28:20.065     0  2045 W linker  : [vdso]: unused DT entry: type 0x6ffffef5 arg 0x160
12-16 02:28:20.065     0  1894 I iptables: WARNING: linker: [vdso]: unused DT entry: type 0x6ffffef5 arg 0x160
12-16 02:28:20.066     0  2046 W linker  : [vdso]: unused DT entry: type 0x6ffffef5 arg 0x160
12-16 02:28:20.066     0  1894 I ip6tables: WARNING: linker: [vdso]: unused DT entry: type 0x6ffffef5 arg 0x160
12-16 02:28:20.066     0  2047 W linker  : [vdso]: unused DT entry: type 0x6ffffef5 arg 0x160
12-16 02:28:20.067     0  2048 W linker  : [vdso]: unused DT entry: type 0x6ffffef5 arg 0x160
12-16 02:28:20.067     0  2049 W linker  : [vdso]: unused DT entry: type 0x6ffffef5 arg 0x160
12-16 02:28:20.067     0  2050 W linker  : [vdso]: unused DT entry: type 0x6ffffef5 arg 0x160
12-16 02:28:20.068     0  1894 I iptables: WARNING: linker: [vdso]: unused DT entry: type 0x6ffffef5 arg 0x160
12-16 02:28:20.068     0  2051 W linker  : [vdso]: unused DT entry: type 0x6ffffef5 arg 0x160
12-16 02:28:20.068     0  1894 I iptables: WARNING: linker: [vdso]: unused DT entry: type 0x6ffffef5 arg 0x160
12-16 02:28:20.068     0  2052 W linker  : [vdso]: unused DT entry: type 0x6ffffef5 arg 0x160
12-16 02:28:20.069     0  2053 W linker  : [vdso]: unused DT entry: type 0x6ffffef5 arg 0x160
12-16 02:28:20.069     0  2054 W linker  : [vdso]: unused DT entry: type 0x6ffffef5 arg 0x160
12-16 02:28:20.070     0  2055 W linker  : [vdso]: unused DT entry: type 0x6ffffef5 arg 0x160
12-16 02:28:20.070     0  1894 I iptables: WARNING: linker: [vdso]: unused DT entry: type 0x6ffffef5 arg 0x160
12-16 02:28:20.070     0  2056 W linker  : [vdso]: unused DT entry: type 0x6ffffef5 arg 0x160
12-16 02:28:20.070     0  1894 I iptables: WARNING: linker: [vdso]: unused DT entry: type 0x6ffffef5 arg 0x160
12-16 02:28:20.071     0  2057 W linker  : [vdso]: unused DT entry: type 0x6ffffef5 arg 0x160
12-16 02:28:20.071     0  2058 W linker  : [vdso]: unused DT entry: type 0x6ffffef5 arg 0x160
12-16 02:28:20.072     0  2059 W linker  : [vdso]: unused DT entry: type 0x6ffffef5 arg 0x160
12-16 02:28:20.072     0  2060 W linker  : [vdso]: unused DT entry: type 0x6ffffef5 arg 0x160
12-16 02:28:20.072     0  1894 I iptables: WARNING: linker: [vdso]: unused DT entry: type 0x6ffffef5 arg 0x160
12-16 02:28:20.073     0  2061 W linker  : [vdso]: unused DT entry: type 0x6ffffef5 arg 0x160
12-16 02:28:20.073     0  1894 I iptables: WARNING: linker: [vdso]: unused DT entry: type 0x6ffffef5 arg 0x160
12-16 02:28:20.073     0  2062 W linker  : [vdso]: unused DT entry: type 0x6ffffef5 arg 0x160
12-16 02:28:20.074     0  1894 V NatController: runCmd(/system/bin/iptables -F natctrl_FORWARD) res=0
12-16 02:28:20.074     0  2063 W linker  : [vdso]: unused DT entry: type 0x6ffffef5 arg 0x160
12-16 02:28:20.074     0  1894 V NatController: runCmd(/system/bin/iptables -A natctrl_FORWARD -j DROP) res=0
12-16 02:28:20.074     0  2064 W linker  : [vdso]: unused DT entry: type 0x6ffffef5 arg 0x160
12-16 02:28:20.075     0  1894 V NatController: runCmd(/system/bin/iptables -t nat -F natctrl_nat_POSTROUTING) res=0
12-16 02:28:20.075     0  2065 W linker  : [vdso]: unused DT entry: type 0x6ffffef5 arg 0x160
12-16 02:28:20.075     0  1894 V NatController: runCmd(/system/bin/iptables -F natctrl_tether_counters) res=1
12-16 02:28:20.075     0  2066 W linker  : [vdso]: unused DT entry: type 0x6ffffef5 arg 0x160
12-16 02:28:20.076     0  1894 V NatController: runCmd(/system/bin/iptables -X natctrl_tether_counters) res=1
12-16 02:28:20.076     0  2067 W linker  : [vdso]: unused DT entry: type 0x6ffffef5 arg 0x160
12-16 02:28:20.076     0  1894 V NatController: runCmd(/system/bin/iptables -N natctrl_tether_counters) res=0
12-16 02:28:20.076     0  2068 W linker  : [vdso]: unused DT entry: type 0x6ffffef5 arg 0x160
12-16 02:28:20.077     0  1894 V NatController: runCmd(/system/bin/iptables -t mangle -A natctrl_mangle_FORWARD -p tcp --tcp-flags SYN SYN -j TCPMSS --clamp-mss-to-pmtu) res=0
12-16 02:28:20.077     0  2069 W linker  : [vdso]: unused DT entry: type 0x6ffffef5 arg 0x160
12-16 02:28:20.077     0  2069 W linker  : [vdso]: unused DT entry: type 0x6ffffef5 arg 0x160
12-16 02:28:20.078     0  2070 W linker  : [vdso]: unused DT entry: type 0x6ffffef5 arg 0x160
12-16 02:28:20.078     0  2071 W linker  : [vdso]: unused DT entry: type 0x6ffffef5 arg 0x160
12-16 02:28:20.079     0  2072 W linker  : [vdso]: unused DT entry: type 0x6ffffef5 arg 0x160
12-16 02:28:20.079     0  2073 W linker  : [vdso]: unused DT entry: type 0x6ffffef5 arg 0x160
12-16 02:28:20.080     0  2074 W linker  : [vdso]: unused DT entry: type 0x6ffffef5 arg 0x160
12-16 02:28:20.080     0  2075 W linker  : [vdso]: unused DT entry: type 0x6ffffef5 arg 0x160
12-16 02:28:20.081     0  2076 W linker  : [vdso]: unused DT entry: type 0x6ffffef5 arg 0x160
12-16 02:28:20.081     0  2077 W linker  : [vdso]: unused DT entry: type 0x6ffffef5 arg 0x160
12-16 02:28:20.082     0  2078 W linker  : [vdso]: unused DT entry: type 0x6ffffef5 arg 0x160
12-16 02:28:20.082     0  2079 W linker  : [vdso]: unused DT entry: type 0x6ffffef5 arg 0x160
12-16 02:28:20.083     0  2080 W linker  : [vdso]: unused DT entry: type 0x6ffffef5 arg 0x160
12-16 02:28:20.083     0  2081 W linker  : [vdso]: unused DT entry: type 0x6ffffef5 arg 0x160
12-16 02:28:20.084     0  2082 W linker  : [vdso]: unused DT entry: type 0x6ffffef5 arg 0x160
12-16 02:28:20.084     0  2083 W linker  : [vdso]: unused DT entry: type 0x6ffffef5 arg 0x160
12-16 02:28:20.085     0  2084 W linker  : [vdso]: unused DT entry: type 0x6ffffef5 arg 0x160
12-16 02:28:20.085     0  2085 W linker  : [vdso]: unused DT entry: type 0x6ffffef5 arg 0x160
12-16 02:28:20.086     0  2086 W linker  : [vdso]: unused DT entry: type 0x6ffffef5 arg 0x160
12-16 02:28:20.086     0  2087 W linker  : [vdso]: unused DT entry: type 0x6ffffef5 arg 0x160
12-16 02:28:20.087     0  2088 W linker  : [vdso]: unused DT entry: type 0x6ffffef5 arg 0x160
12-16 02:28:20.087     0  2089 W linker  : [vdso]: unused DT entry: type 0x6ffffef5 arg 0x160
12-16 02:28:20.088     0  2090 W linker  : [vdso]: unused DT entry: type 0x6ffffef5 arg 0x160
12-16 02:28:20.088     0  2091 W linker  : [vdso]: unused DT entry: type 0x6ffffef5 arg 0x160
12-16 02:28:20.088     0  2092 W linker  : [vdso]: unused DT entry: type 0x6ffffef5 arg 0x160
12-16 02:28:20.089     0  1894 I iptables: WARNING: linker: [vdso]: unused DT entry: type 0x6ffffef5 arg 0x160
12-16 02:28:20.089     0  2093 W linker  : [vdso]: unused DT entry: type 0x6ffffef5 arg 0x160
12-16 02:28:20.089     0  1894 I ip6tables: WARNING: linker: [vdso]: unused DT entry: type 0x6ffffef5 arg 0x160
12-16 02:28:20.089     0  2094 W linker  : [vdso]: unused DT entry: type 0x6ffffef5 arg 0x160
12-16 02:28:20.089     0  1894 I iptables: WARNING: linker: [vdso]: unused DT entry: type 0x6ffffef5 arg 0x160
12-16 02:28:20.090     0  2095 W linker  : [vdso]: unused DT entry: type 0x6ffffef5 arg 0x160
12-16 02:28:20.090     0  1894 I ip6tables: WARNING: linker: [vdso]: unused DT entry: type 0x6ffffef5 arg 0x160
12-16 02:28:20.090     0  2096 W linker  : [vdso]: unused DT entry: type 0x6ffffef5 arg 0x160
12-16 02:28:20.090     0  1894 I iptables: WARNING: linker: [vdso]: unused DT entry: type 0x6ffffef5 arg 0x160
12-16 02:28:20.091     0  2097 W linker  : [vdso]: unused DT entry: type 0x6ffffef5 arg 0x160
12-16 02:28:20.091     0  1894 I ip6tables: WARNING: linker: [vdso]: unused DT entry: type 0x6ffffef5 arg 0x160
12-16 02:28:20.091     0  2098 W linker  : [vdso]: unused DT entry: type 0x6ffffef5 arg 0x160
12-16 02:28:20.092     0  2098 W linker  : [vdso]: unused DT entry: type 0x6ffffef5 arg 0x160
12-16 02:28:20.092     0  2099 W linker  : [vdso]: unused DT entry: type 0x6ffffef5 arg 0x160
12-16 02:28:20.093     0  2100 W linker  : [vdso]: unused DT entry: type 0x6ffffef5 arg 0x160
12-16 02:28:20.093     0  2101 W linker  : [vdso]: unused DT entry: type 0x6ffffef5 arg 0x160
12-16 02:28:20.094     0  2102 W linker  : [vdso]: unused DT entry: type 0x6ffffef5 arg 0x160
12-16 02:28:20.094     0  2103 W linker  : [vdso]: unused DT entry: type 0x6ffffef5 arg 0x160
12-16 02:28:20.095     0  2104 W linker  : [vdso]: unused DT entry: type 0x6ffffef5 arg 0x160
12-16 02:28:20.095     0  2105 W linker  : [vdso]: unused DT entry: type 0x6ffffef5 arg 0x160
12-16 02:28:20.096     0  2106 W linker  : [vdso]: unused DT entry: type 0x6ffffef5 arg 0x160
12-16 02:28:20.096     0  2107 W linker  : [vdso]: unused DT entry: type 0x6ffffef5 arg 0x160
12-16 02:28:20.097     0  2108 W linker  : [vdso]: unused DT entry: type 0x6ffffef5 arg 0x160
12-16 02:28:20.097     0  2109 W linker  : [vdso]: unused DT entry: type 0x6ffffef5 arg 0x160
12-16 02:28:20.098     0  2110 W linker  : [vdso]: unused DT entry: type 0x6ffffef5 arg 0x160
12-16 02:28:20.098     0  2111 W linker  : [vdso]: unused DT entry: type 0x6ffffef5 arg 0x160
12-16 02:28:20.099     0  2112 W linker  : [vdso]: unused DT entry: type 0x6ffffef5 arg 0x160
12-16 02:28:20.099     0  2113 W linker  : [vdso]: unused DT entry: type 0x6ffffef5 arg 0x160
12-16 02:28:20.100     0  2114 W linker  : [vdso]: unused DT entry: type 0x6ffffef5 arg 0x160
12-16 02:28:20.100     0  2115 W linker  : [vdso]: unused DT entry: type 0x6ffffef5 arg 0x160
12-16 02:28:20.100     0  1894 I iptables: WARNING: linker: [vdso]: unused DT entry: type 0x6ffffef5 arg 0x160
12-16 02:28:20.101     0  1894 I iptables: iptables: Invalid argument. Run `dmesg' for more information.
12-16 02:28:20.101     0  1894 I iptables: iptables terminated by exit(1)
12-16 02:28:20.101     0  1894 E BandwidthController: runIptablesCmd(): res=1 status=256 failed /system/bin/iptables -A bw_INPUT -m owner --socket-exists
--------- beginning of system
12-16 02:28:20.953  1890  1890 D Vold    : Volume usb3 state changing -1 (Initializing) -> 0 (No-Media)
12-16 02:28:20.954  1890  2131 E NetlinkEvent: NetlinkEvent::FindParam(): Parameter 'NPARTS' not found
12-16 02:28:20.954  1890  2131 W DirectVolume: Kernel block uevent missing 'NPARTS'
12-16 02:28:20.954  1890  2131 D Vold    : Volume usb0 state changing 0 (No-Media) -> 2 (Pending)
12-16 02:28:20.960  2130  2130 E ProbeModule: insmod_by_dep: cannot load module: [net-pf-16-proto-9]
12-16 02:28:20.978  1888  1888 W linker  : [vdso]: unused DT entry: type 0x6ffffef5 arg 0x160
12-16 02:28:21.016  1888  1888 I lowmemorykiller: Using in-kernel low memory killer interface
12-16 02:28:21.039  1903  1903 W linker  : [vdso]: unused DT entry: type 0x6ffffef5 arg 0xec
12-16 02:28:21.086  1901  1901 I keystore: SELinux: Keystore SELinux is disabled.
12-16 02:28:21.101  1891  1891 W linker  : [vdso]: unused DT entry: type 0x6ffffef5 arg 0x160
12-16 02:28:21.131  1891  1891 I SurfaceFlinger: SurfaceFlinger is starting
12-16 02:28:21.135  1891  1891 I SurfaceFlinger: SurfaceFlinger's main thread ready to run. Initializing graphics H/W...
12-16 02:28:21.343  1891  1891 D libEGL  : loaded /system/lib64/egl/libGLES_mesa.so
12-16 02:28:21.366  1903  1903 D AndroidRuntime: >>>>>> START com.android.internal.os.ZygoteInit uid 0 <<<<<<
12-16 02:28:21.425  1891  1891 I GRALLOC-DRM: create intel for driver i915
12-16 02:28:21.534  1891  1891 I EGL-DRI2: DRI2: found extension DRI_Core version 1
12-16 02:28:21.534  1891  1891 I EGL-DRI2: DRI2: found extension DRI_DRI2 version 4
12-16 02:28:21.593  1903  1903 D AndroidRuntime: CheckJNI is ON
12-16 02:28:21.642  1891  1891 I EGL-DRI2: DRI2: found extension DRI_TexBuffer version 3
12-16 02:28:21.642  1891  1891 I EGL-DRI2: DRI2: found extension DRI2_Flush version 4
12-16 02:28:21.642  1891  1891 I EGL-DRI2: DRI2: found extension DRI_IMAGE version 11
12-16 02:28:21.642  1891  1891 D GRALLOC-KMS: supported drm planes and formats
12-16 02:28:21.642  1891  1891 D GRALLOC-KMS: plane id 22
12-16 02:28:21.642  1891  1891 D GRALLOC-KMS:     format RG16
12-16 02:28:21.642  1891  1891 D GRALLOC-KMS:     format AB24
12-16 02:28:21.642  1891  1891 D GRALLOC-KMS:     format AR24
12-16 02:28:21.642  1891  1891 D GRALLOC-KMS:     format XB24
12-16 02:28:21.642  1891  1891 D GRALLOC-KMS:     format XR24
12-16 02:28:21.642  1891  1891 D GRALLOC-KMS:     format YUYV
12-16 02:28:21.642  1891  1891 D GRALLOC-KMS:     format YVYU
12-16 02:28:21.642  1891  1891 D GRALLOC-KMS:     format UYVY
12-16 02:28:21.642  1891  1891 D GRALLOC-KMS:     format VYUY
12-16 02:28:21.642  1891  1891 D GRALLOC-KMS: plane id 26
12-16 02:28:21.642  1891  1891 D GRALLOC-KMS:     format RG16
12-16 02:28:21.642  1891  1891 D GRALLOC-KMS:     format AB24
12-16 02:28:21.643  1891  1891 D GRALLOC-KMS:     format AR24
12-16 02:28:21.643  1891  1891 D GRALLOC-KMS:     format XB24
12-16 02:28:21.643  1891  1891 D GRALLOC-KMS:     format XR24
12-16 02:28:21.643  1891  1891 D GRALLOC-KMS:     format YUYV
12-16 02:28:21.643  1891  1891 D GRALLOC-KMS:     format YVYU
12-16 02:28:21.643  1891  1891 D GRALLOC-KMS:     format UYVY
12-16 02:28:21.643  1891  1891 D GRALLOC-KMS:     format VYUY
12-16 02:28:21.643  1891  1891 D GRALLOC-KMS: plane id 30
12-16 02:28:21.643  1891  1891 D GRALLOC-KMS:     format RG16
12-16 02:28:21.643  1891  1891 D GRALLOC-KMS:     format AB24
12-16 02:28:21.643  1891  1891 D GRALLOC-KMS:     format AR24
12-16 02:28:21.643  1891  1891 D GRALLOC-KMS:     format XB24
12-16 02:28:21.643  1891  1891 D GRALLOC-KMS:     format XR24
12-16 02:28:21.643  1891  1891 D GRALLOC-KMS:     format YUYV
12-16 02:28:21.643  1891  1891 D GRALLOC-KMS:     format YVYU
12-16 02:28:21.643  1891  1891 D GRALLOC-KMS:     format UYVY
12-16 02:28:21.643  1891  1891 D GRALLOC-KMS:     format VYUY
12-16 02:28:21.657  1903  1903 I art     : option[0]=-Xzygote
12-16 02:28:21.657  1903  1903 I art     : option[1]=-Xcheck:jni
12-16 02:28:21.657  1903  1903 I art     : option[2]=-Xjnigreflimit:2000
12-16 02:28:21.657  1903  1903 I art     : option[3]=-Xstacktracefile:/data/anr/traces.txt
12-16 02:28:21.657  1903  1903 I art     : option[4]=exit
12-16 02:28:21.657  1903  1903 I art     : option[5]=vfprintf
12-16 02:28:21.657  1903  1903 I art     : option[6]=sensitiveThread
12-16 02:28:21.657  1903  1903 I art     : option[7]=-verbose:gc
12-16 02:28:21.657  1903  1903 I art     : option[8]=-Xms16m
12-16 02:28:21.657  1903  1903 I art     : option[9]=-Xmx512m
12-16 02:28:21.657  1903  1903 I art     : option[10]=-XX:mainThreadStackSize=24K
12-16 02:28:21.657  1903  1903 I art     : option[11]=-XX:HeapGrowthLimit=192m
12-16 02:28:21.657  1903  1903 I art     : option[12]=-XX:HeapMinFree=512k
12-16 02:28:21.657  1903  1903 I art     : option[13]=-XX:HeapMaxFree=8m
12-16 02:28:21.657  1903  1903 I art     : option[14]=-XX:HeapTargetUtilization=0.75
12-16 02:28:21.657  1903  1903 I art     : option[15]=-Xgenregmap
12-16 02:28:21.657  1903  1903 I art     : option[16]=-Xgc:precise
12-16 02:28:21.657  1903  1903 I art     : option[17]=-agentlib:jdwp=transport=dt_android_adb,suspend=n,server=y
12-16 02:28:21.657  1903  1903 I art     : option[18]=-Ximage-compiler-option
12-16 02:28:21.657  1903  1903 I art     : option[19]=--runtime-arg
12-16 02:28:21.657  1903  1903 I art     : option[20]=-Ximage-compiler-option
12-16 02:28:21.657  1903  1903 I art     : option[21]=-Xms64m
12-16 02:28:21.657  1903  1903 I art     : option[22]=-Ximage-compiler-option
12-16 02:28:21.657  1903  1903 I art     : option[23]=--runtime-arg
12-16 02:28:21.657  1903  1903 I art     : option[24]=-Ximage-compiler-option
12-16 02:28:21.657  1903  1903 I art     : option[25]=-Xmx64m
12-16 02:28:21.657  1903  1903 I art     : option[26]=-Ximage-compiler-option
12-16 02:28:21.657  1903  1903 I art     : option[27]=--compiler-filter=verify-none
12-16 02:28:21.657  1903  1903 I art     : option[28]=-Ximage-compiler-option
12-16 02:28:21.657  1903  1903 I art     : option[29]=--image-classes=/system/etc/preloaded-classes
12-16 02:28:21.657  1903  1903 I art     : option[30]=-Xcompiler-option
12-16 02:28:21.657  1903  1903 I art     : option[31]=--runtime-arg
12-16 02:28:21.657  1903  1903 I art     : option[32]=-Xcompiler-option
12-16 02:28:21.657  1903  1903 I art     : option[33]=-Xms64m
12-16 02:28:21.657  1903  1903 I art     : option[34]=-Xcompiler-option
12-16 02:28:21.657  1903  1903 I art     : option[35]=--runtime-arg
12-16 02:28:21.657  1903  1903 I art     : option[36]=-Xcompiler-option
12-16 02:28:21.657  1903  1903 I art     : option[37]=-Xmx512m
12-16 02:28:21.657  1903  1903 I art     : option[38]=-Xcompiler-option
12-16 02:28:21.657  1903  1903 I art     : option[39]=--compiler-filter=interpret-only
12-16 02:28:21.657  1903  1903 I art     : option[40]=-Duser.language=en
12-16 02:28:21.657  1903  1903 I art     : option[41]=-Duser.region=US
12-16 02:28:21.657  1903  1903 I art     : option[42]=-XX:NativeBridge=libnb.so
12-16 02:28:21.684  1899  1899 I ServiceManager: Waiting for service batterystats...
12-16 02:28:21.732  1891  1891 I GRALLOC-KMS: there are 20 modes on connector 0x27, type 10
12-16 02:28:21.732  1891  1891 I GRALLOC-KMS:   1920x1080
12-16 02:28:21.732  1891  1891 I GRALLOC-KMS:   1680x1050
12-16 02:28:21.732  1891  1891 I GRALLOC-KMS:   1280x1024
12-16 02:28:21.732  1891  1891 I GRALLOC-KMS:   1280x1024
12-16 02:28:21.732  1891  1891 I GRALLOC-KMS:   1440x900
12-16 02:28:21.732  1891  1891 I GRALLOC-KMS:   1280x960
12-16 02:28:21.732  1891  1891 I GRALLOC-KMS:   1280x720
12-16 02:28:21.732  1891  1891 I GRALLOC-KMS:   1024x768
12-16 02:28:21.732  1891  1891 I GRALLOC-KMS:   1024x768
12-16 02:28:21.732  1891  1891 I GRALLOC-KMS:   1024x768
12-16 02:28:21.732  1891  1891 I GRALLOC-KMS:   832x624
12-16 02:28:21.732  1891  1891 I GRALLOC-KMS:   800x600
12-16 02:28:21.732  1891  1891 I GRALLOC-KMS:   800x600
12-16 02:28:21.732  1891  1891 I GRALLOC-KMS:   800x600
12-16 02:28:21.732  1891  1891 I GRALLOC-KMS:   800x600
12-16 02:28:21.732  1891  1891 I GRALLOC-KMS:   640x480
12-16 02:28:21.732  1891  1891 I GRALLOC-KMS:   640x480
12-16 02:28:21.732  1891  1891 I GRALLOC-KMS:   640x480
12-16 02:28:21.732  1891  1891 I GRALLOC-KMS:   640x480
12-16 02:28:21.732  1891  1891 I GRALLOC-KMS:   720x400
12-16 02:28:21.732  1891  1891 I GRALLOC-KMS: Established mode:
12-16 02:28:21.732  1891  1891 I GRALLOC-KMS: clock: 148500, hdisplay: 1920, hsync_start: 2008, hsync_end: 2052, htotal: 2200, hskew: 0
12-16 02:28:21.732  1891  1891 I GRALLOC-KMS: vdisplay: 1080, vsync_start: 1084, vsync_end: 1089, vtotal: 1125, vscan: 0, vrefresh: 60
12-16 02:28:21.732  1891  1891 I GRALLOC-KMS: flags: 5, type: 72, name 1920x1080
12-16 02:28:21.732  1891  1891 I GRALLOC-KMS: the best mode is 1920x1080
12-16 02:28:21.777  1891  1891 D GRALLOC-KMS: will use flip for fb posting
12-16 02:28:21.777  1891  1891 I GRALLOC-MOD: mode.hdisplay 1920
12-16 02:28:21.777  1891  1891 I GRALLOC-MOD: mode.vdisplay 1080
12-16 02:28:21.777  1891  1891 I GRALLOC-MOD: mode.vrefresh 60.000000
12-16 02:28:21.777  1891  1891 I GRALLOC-MOD: format 0x5
12-16 02:28:21.777  1891  1891 I GRALLOC-MOD: xdpi 93.000000
12-16 02:28:21.777  1891  1891 I GRALLOC-MOD: ydpi 94.000000
12-16 02:28:21.783  1891  1891 I GRALLOC-MOD: mode.hdisplay 1920
12-16 02:28:21.783  1891  1891 I GRALLOC-MOD: mode.vdisplay 1080
12-16 02:28:21.783  1891  1891 I GRALLOC-MOD: mode.vrefresh 60.000000
12-16 02:28:21.783  1891  1891 I GRALLOC-MOD: format 0x5
12-16 02:28:21.783  1891  1891 I GRALLOC-MOD: xdpi 93.000000
12-16 02:28:21.783  1891  1891 I GRALLOC-MOD: ydpi 94.000000
12-16 02:28:21.783  1891  1891 W hwcomposer: getting VSYNC period from fb HAL: 16666667
12-16 02:28:21.783  1891  1891 D hwcomposer: Intel hwcomposer module
12-16 02:28:21.783  1891  1891 I SurfaceFlinger: Using composer version 1.0
12-16 02:28:21.783  1891  1891 W SurfaceFlinger: no suitable EGLConfig found, trying a simpler query
12-16 02:28:21.784  1891  1891 I SurfaceFlinger: EGL information:
12-16 02:28:21.784  1891  1891 I SurfaceFlinger: vendor    : Android
12-16 02:28:21.784  1891  1891 I SurfaceFlinger: version   : 1.4 Android META-EGL
12-16 02:28:21.784  1891  1891 I SurfaceFlinger: extensions: EGL_KHR_get_all_proc_addresses EGL_ANDROID_presentation_time EGL_KHR_image_base EGL_KHR_gl_texture_2D_image EGL_KHR_gl_texture_cubemap_image EGL_KHR_gl_renderbuffer_image EGL_KHR_fence_sync EGL_KHR_create_context EGL_EXT_create_context_robustness EGL_ANDROID_image_native_buffer EGL_KHR_wait_sync 
12-16 02:28:21.784  1891  1891 I SurfaceFlinger: Client API: OpenGL_ES
12-16 02:28:21.784  1891  1891 I SurfaceFlinger: EGLSurface: 8-8-8-8, config=0x7f1b3197a040
12-16 02:28:21.805  1902  1902 W linker  : [vdso]: unused DT entry: type 0x6ffffef5 arg 0x160
12-16 02:28:21.905  1891  1891 I SurfaceFlinger: OpenGL ES informations:
12-16 02:28:21.905  1891  1891 I SurfaceFlinger: vendor    : Intel Open Source Technology Center
12-16 02:28:21.905  1891  1891 I SurfaceFlinger: renderer  : Mesa DRI Intel(R) Skylake DT  GT2 
12-16 02:28:21.905  1891  1891 I SurfaceFlinger: version   : OpenGL ES 3.0 Mesa 11.0.6 (git-2dcbc6e)
12-16 02:28:21.905  1891  1891 I SurfaceFlinger: extensions: GL_EXT_blend_minmax GL_EXT_multi_draw_arrays GL_EXT_texture_filter_anisotropic GL_EXT_texture_compression_dxt1 GL_EXT_texture_format_BGRA8888 GL_OES_compressed_ETC1_RGB8_texture GL_OES_depth24 GL_OES_element_index_uint GL_OES_fbo_render_mipmap GL_OES_mapbuffer GL_OES_rgb8_rgba8 GL_OES_standard_derivatives GL_OES_stencil8 GL_OES_texture_3D GL_OES_texture_float GL_OES_texture_float_linear GL_OES_texture_half_float GL_OES_texture_half_float_linear GL_OES_texture_npot GL_OES_EGL_image GL_OES_depth_texture GL_OES_packed_depth_stencil GL_EXT_texture_type_2_10_10_10_REV GL_OES_get_program_binary GL_APPLE_texture_max_level GL_EXT_discard_framebuffer GL_EXT_read_format_bgra GL_NV_fbo_color_attachments GL_OES_EGL_image_external GL_OES_EGL_sync GL_OES_vertex_array_object GL_ANGLE_texture_compression_dxt3 GL_ANGLE_texture_compression_dxt5 GL_EXT_texture_rg GL_EXT_unpack_subimage GL_NV_draw_buffers GL_NV_read_buffer GL_NV_read_depth GL_NV_read_depth_stencil GL_NV_read_stencil GL_EXT_draw_buffers GL_EXT_map_bu
12-16 02:28:21.905  1891  1891 I SurfaceFlinger: GL_MAX_TEXTURE_SIZE = 8192
12-16 02:28:21.905  1891  1891 I SurfaceFlinger: GL_MAX_VIEWPORT_DIMS = 16384
12-16 02:28:21.906  1891  1891 D SurfaceFlinger: Open /dev/tty0 OK
12-16 02:28:21.913  1891  1891 D SurfaceFlinger: Set power mode=2, type=0 flinger=0x7f1b31862000
12-16 02:28:21.981  1902  1902 D AndroidRuntime: >>>>>> START com.android.internal.os.ZygoteInit uid 0 <<<<<<
12-16 02:28:22.005  1891  1891 D SurfaceFlinger: shader cache generated - 24 shaders in 84.050270 ms
12-16 02:28:22.041  1902  1902 D AndroidRuntime: CheckJNI is ON
12-16 02:28:22.054  1902  1902 I art     : option[0]=-Xzygote
12-16 02:28:22.054  1902  1902 I art     : option[1]=-Xcheck:jni
12-16 02:28:22.054  1902  1902 I art     : option[2]=-Xjnigreflimit:2000
12-16 02:28:22.054  1902  1902 I art     : option[3]=-Xstacktracefile:/data/anr/traces.txt
12-16 02:28:22.054  1902  1902 I art     : option[4]=exit
12-16 02:28:22.054  1902  1902 I art     : option[5]=vfprintf
12-16 02:28:22.054  1902  1902 I art     : option[6]=sensitiveThread
12-16 02:28:22.054  1902  1902 I art     : option[7]=-verbose:gc
12-16 02:28:22.054  1902  1902 I art     : option[8]=-Xms16m
12-16 02:28:22.054  1902  1902 I art     : option[9]=-Xmx512m
12-16 02:28:22.054  1902  1902 I art     : option[10]=-XX:mainThreadStackSize=24K
12-16 02:28:22.054  1902  1902 I art     : option[11]=-XX:HeapGrowthLimit=192m
12-16 02:28:22.054  1902  1902 I art     : option[12]=-XX:HeapMinFree=512k
12-16 02:28:22.054  1902  1902 I art     : option[13]=-XX:HeapMaxFree=8m
12-16 02:28:22.054  1902  1902 I art     : option[14]=-XX:HeapTargetUtilization=0.75
12-16 02:28:22.054  1902  1902 I art     : option[15]=-Xgenregmap
12-16 02:28:22.054  1902  1902 I art     : option[16]=-Xgc:precise
12-16 02:28:22.054  1902  1902 I art     : option[17]=-agentlib:jdwp=transport=dt_android_adb,suspend=n,server=y
12-16 02:28:22.054  1902  1902 I art     : option[18]=-Ximage-compiler-option
12-16 02:28:22.054  1902  1902 I art     : option[19]=--runtime-arg
12-16 02:28:22.054  1902  1902 I art     : option[20]=-Ximage-compiler-option
12-16 02:28:22.054  1902  1902 I art     : option[21]=-Xms64m
12-16 02:28:22.054  1902  1902 I art     : option[22]=-Ximage-compiler-option
12-16 02:28:22.054  1902  1902 I art     : option[23]=--runtime-arg
12-16 02:28:22.054  1902  1902 I art     : option[24]=-Ximage-compiler-option
12-16 02:28:22.054  1902  1902 I art     : option[25]=-Xmx64m
12-16 02:28:22.054  1902  1902 I art     : option[26]=-Ximage-compiler-option
12-16 02:28:22.054  1902  1902 I art     : option[27]=--compiler-filter=verify-none
12-16 02:28:22.054  1902  1902 I art     : option[28]=-Ximage-compiler-option
12-16 02:28:22.054  1902  1902 I art     : option[29]=--image-classes=/system/etc/preloaded-classes
12-16 02:28:22.054  1902  1902 I art     : option[30]=-Xcompiler-option
12-16 02:28:22.054  1902  1902 I art     : option[31]=--runtime-arg
12-16 02:28:22.054  1902  1902 I art     : option[32]=-Xcompiler-option
12-16 02:28:22.054  1902  1902 I art     : option[33]=-Xms64m
12-16 02:28:22.054  1902  1902 I art     : option[34]=-Xcompiler-option
12-16 02:28:22.054  1902  1902 I art     : option[35]=--runtime-arg
12-16 02:28:22.054  1902  1902 I art     : option[36]=-Xcompiler-option
12-16 02:28:22.054  1902  1902 I art     : option[37]=-Xmx512m
12-16 02:28:22.054  1902  1902 I art     : option[38]=-Xcompiler-option
12-16 02:28:22.054  1902  1902 I art     : option[39]=--compiler-filter=interpret-only
12-16 02:28:22.054  1902  1902 I art     : option[40]=-Duser.language=en
12-16 02:28:22.054  1902  1902 I art     : option[41]=-Duser.region=US
12-16 02:28:22.054  1902  1902 I art     : option[42]=-XX:NativeBridge=libnb.so
12-16 02:28:22.151  2143  2143 W linker  : [vdso]: unused DT entry: type 0x6ffffef5 arg 0x160
12-16 02:28:22.685  1899  1899 I ServiceManager: Waiting for service batterystats...
12-16 02:28:23.173  1891  2133 I SurfaceFlinger: auto set density to 240
12-16 02:28:23.175  2143  2146 D libEGL  : loaded /system/lib64/egl/libGLES_mesa.so
12-16 02:28:23.184  2143  2146 I GRALLOC-DRM: create intel for driver i915
12-16 02:28:23.184  2143  2146 I EGL-DRI2: DRI2: found extension DRI_Core version 1
12-16 02:28:23.184  2143  2146 I EGL-DRI2: DRI2: found extension DRI_DRI2 version 4
12-16 02:28:23.187  2143  2146 I EGL-DRI2: DRI2: found extension DRI_TexBuffer version 3
12-16 02:28:23.187  2143  2146 I EGL-DRI2: DRI2: found extension DRI2_Flush version 4
12-16 02:28:23.187  2143  2146 I EGL-DRI2: DRI2: found extension DRI_IMAGE version 11
12-16 02:28:23.187  2143  2146 E cutils-trace: Error opening trace file: Permission denied (13)
12-16 02:28:23.685  1899  1899 I ServiceManager: Waiting for service batterystats...
12-16 02:28:23.917  2158  2158 W linker  : [vdso]: unused DT entry: type 0x6ffffef5 arg 0x160
12-16 02:28:23.921  2157  2157 W linker  : [vdso]: unused DT entry: type 0x6ffffef5 arg 0x160
12-16 02:28:24.534  1902  1902 E memtrack: Couldn't load memtrack module (No such file or directory)
12-16 02:28:24.534  1902  1902 E android.os.Debug: failed to load memtrack module: -2
12-16 02:28:24.588  1903  1903 E memtrack: Couldn't load memtrack module (No such file or directory)
12-16 02:28:24.588  1903  1903 E android.os.Debug: failed to load memtrack module: -2
12-16 02:28:24.625  1902  1902 I SamplingProfilerIntegration: Profiling disabled.
12-16 02:28:24.631  1902  1902 D Zygote  : begin preload
12-16 02:28:24.655  1902  1902 I Zygote  : Preloading classes...
12-16 02:28:24.685  1903  1903 I SamplingProfilerIntegration: Profiling disabled.
12-16 02:28:24.693  1899  1899 I CameraService: CameraService started (pid=1899)
12-16 02:28:24.709  1899  1899 D Camera_Factory: CameraFactory::CameraFactory
12-16 02:28:24.709  1899  1899 D Camera_Factory: CameraFactory::parseConfig: configFile = /etc/camera.cfg
12-16 02:28:24.709  1899  1899 D Camera_Factory: /etc/camera.cfg not found, using camera configuration defaults
12-16 02:28:24.709  1899  1899 I CameraService: Loaded "Camera Module" camera module
12-16 02:28:24.709  1899  1899 D Camera_Factory: CameraFactory::get_number_of_cameras
12-16 02:28:24.709  1899  1899 D Camera_Factory: CameraFactory::getCameraNum: 0
12-16 02:28:24.717  1899  1899 I AudioPolicyService: AudioPolicyService CSTOR in new mode
12-16 02:28:24.722  1899  1899 I AudioPolicyManager: loadAudioPolicyConfig() loaded /system/etc/audio_policy.conf
12-16 02:28:24.736  1899  1899 E audio_hw_primary: Unable to open the mixer, aborting.
12-16 02:28:24.736  1899  1899 I AudioFlinger: loadHwModule() Loaded primary audio interface from Grouper audio HW HAL (audio) handle 1
12-16 02:28:24.736  1899  1899 I AudioFlinger: HAL output buffer size 512 frames, normal sink buffer size 1024 frames
12-16 02:28:24.776  1899  1899 I AudioMixer: found effect "Multichannel Downmix To Stereo" from The Android Open Source Project
12-16 02:28:24.776  1899  1899 E MonoPipe: Failed to fetch local time frequency when constructing a MonoPipe (res = -32).  getNextWriteTimestamp calls will be non-functional
12-16 02:28:24.794  1903  1903 D Zygote  : begin preload
12-16 02:28:24.806  1902  1902 I art     : Explicit concurrent mark sweep GC freed 797(36KB) AllocSpace objects, 0(0B) LOS objects, 95% free, 46KB/1070KB, paused 102us total 151.272ms
12-16 02:28:24.824  1903  1903 I Zygote  : Preloading classes...
12-16 02:28:24.859  1903  1903 I art     : Explicit concurrent mark sweep GC freed 797(36KB) AllocSpace objects, 0(0B) LOS objects, 95% free, 44KB/1068KB, paused 98us total 35.145ms
12-16 02:28:24.916  1902  1902 I art     : Counter: 1
12-16 02:28:24.925  1903  1903 I art     : Counter: 1
12-16 02:28:24.977  1902  1902 I art     : Explicit concurrent mark sweep GC freed 553(33KB) AllocSpace objects, 0(0B) LOS objects, 93% free, 67KB/1091KB, paused 73us total 3.591ms
