12-16 02:33:29.278  3195  3195 W linker  : [vdso]: unused DT entry: type 0x6ffffef5 arg 0x160
12-16 02:33:34.289  3196  3196 W linker  : [vdso]: unused DT entry: type 0x6ffffef5 arg 0x160
12-16 02:33:39.300  3197  3197 W linker  : [vdso]: unused DT entry: type 0x6ffffef5 arg 0x160
12-16 02:33:44.312  3198  3198 W linker  : [vdso]: unused DT entry: type 0x6ffffef5 arg 0x160
12-16 02:33:49.323  3199  3199 W linker  : [vdso]: unused DT entry: type 0x6ffffef5 arg 0x160
12-16 02:33:54.334  3200  3200 W linker  : [vdso]: unused DT entry: type 0x6ffffef5 arg 0x160
12-16 02:33:59.345  3201  3201 W linker  : [vdso]: unused DT entry: type 0x6ffffef5 arg 0x160
12-16 02:34:04.357  3202  3202 W linker  : [vdso]: unused DT entry: type 0x6ffffef5 arg 0x160
12-16 02:34:09.369  3203  3203 W linker  : [vdso]: unused DT entry: type 0x6ffffef5 arg 0x160
12-16 02:34:14.380  3204  3204 W linker  : [vdso]: unused DT entry: type 0x6ffffef5 arg 0x160
12-16 02:34:19.391  3205  3205 W linker  : [vdso]: unused DT entry: type 0x6ffffef5 arg 0x160
12-16 02:34:24.403  3206  3206 W linker  : [vdso]: unused DT entry: type 0x6ffffef5 arg 0x160
12-16 02:34:29.415  3207  3207 W linker  : [vdso]: unused DT entry: type 0x6ffffef5 arg 0x160
12-16 02:34:34.426  3208  3208 W linker  : [vdso]: unused DT entry: type 0x6ffffef5 arg 0x160
12-16 02:34:39.438  3209  3209 W linker  : [vdso]: unused DT entry: type 0x6ffffef5 arg 0x160
12-16 02:34:44.450  3210  3210 W linker  : [vdso]: unused DT entry: type 0x6ffffef5 arg 0x160
12-16 02:34:49.461  3211  3211 W linker  : [vdso]: unused DT entry: type 0x6ffffef5 arg 0x160
12-16 02:34:54.473  3212  3212 W linker  : [vdso]: unused DT entry: type 0x6ffffef5 arg 0x160
12-16 02:34:55.850  2457  2457 D InputEventConsistencyVerifier: KeyEvent: ACTION_UP but key was not down.
12-16 02:34:55.850  2457  2457 D InputEventConsistencyVerifier:   in com.android.internal.policy.impl.PhoneWindow$DecorView{3eea8d2 V.E..... R....... 0,0-1920,1080}
12-16 02:34:55.850  2457  2457 D InputEventConsistencyVerifier:   0: sent at 411243000000, KeyEvent { action=ACTION_UP, keyCode=KEYCODE_ENTER, scanCode=28, metaState=0, flags=0x8, repeatCount=0, eventTime=411243, downTime=411139, deviceId=15, source=0x101 }
12-16 02:34:59.371  2166  2224 W AudioTrack: AUDIO_OUTPUT_FLAG_FAST denied by client
12-16 02:34:59.485  3215  3215 W linker  : [vdso]: unused DT entry: type 0x6ffffef5 arg 0x160
12-16 02:34:59.639  1899  2210 E cutils-trace: Error opening trace file: Permission denied (13)
12-16 02:34:59.640  1899  2163 D audio_hw_primary: found out /dev/snd/pcmC0D0p
12-16 02:35:04.498  3220  3220 W linker  : [vdso]: unused DT entry: type 0x6ffffef5 arg 0x160
12-16 02:35:07.014  2166  2238 D UsbHostManager: Added device UsbDevice[mName=/dev/bus/usb/001/005,mVendorId=0,mProductId=0,mClass=0,mSubclass=0,mProtocol=0,mManufacturerName=NA,mProductName=NA,mSerialNumber=20030572611600028581,mConfigurations=[
12-16 02:35:07.014  2166  2238 D UsbHostManager: UsbConfiguration[mId=1,mName=null,mAttributes=128,mMaxPower=100,mInterfaces=[
12-16 02:35:07.014  2166  2238 D UsbHostManager: UsbInterface[mId=0,mAlternateSetting=0,mName=null,mClass=8,mSubclass=6,mProtocol=80,mEndpoints=[
12-16 02:35:07.014  2166  2238 D UsbHostManager: UsbEndpoint[mAddress=129,mAttributes=2,mMaxPacketSize=512,mInterval=0]
12-16 02:35:07.014  2166  2238 D UsbHostManager: UsbEndpoint[mAddress=2,mAttributes=2,mMaxPacketSize=512,mInterval=1]]]]
12-16 02:35:07.015  2166  2238 W ContextImpl: Calling a method in the system process without a qualified user: android.app.ContextImpl.sendBroadcast:1327 com.android.server.usb.UsbSettingsManager.deviceAttached:741 com.android.server.usb.UsbHostManager.endUsbDeviceAdded:224 com.android.server.usb.UsbHostManager.monitorUsbHostBus:-2 com.android.server.usb.UsbHostManager.access$000:42 
12-16 02:35:08.025  1890  2131 E NetlinkEvent: NetlinkEvent::FindParam(): Parameter 'NPARTS' not found
12-16 02:35:08.025  1890  2131 W DirectVolume: Kernel block uevent missing 'NPARTS'
12-16 02:35:08.025  1890  2131 D Vold    : Volume usb1 state changing 0 (No-Media) -> 2 (Pending)
12-16 02:35:08.025  1890  2131 E NetlinkEvent: NetlinkEvent::FindParam(): Parameter 'PARTN' not found
12-16 02:35:08.025  1890  2131 W DirectVolume: Kernel block uevent missing 'PARTN'
12-16 02:35:08.025  1890  2131 D Vold    : Volume usb1 state changing 2 (Pending) -> 1 (Idle-Unmounted)
12-16 02:35:08.026  2166  2193 W MountService: Duplicate state transition (unmounted -> unmounted) for /storage/usb1
12-16 02:35:08.026  2166  2193 D MountService: sendStorageIntent Intent { act=android.intent.action.MEDIA_UNMOUNTED dat=file:///storage/usb1 flg=0x4000000 (has extras) } to UserHandle{-1}
12-16 02:35:08.027  1890  2132 I Vold    : /dev/block/vold/8:33 being considered for volume usb1
12-16 02:35:08.027  1890  2132 D Vold    : Volume usb1 state changing 1 (Idle-Unmounted) -> 3 (Checking)
12-16 02:35:08.027  1890  2132 D Vold    : Trying to get filesystem type for /dev/block/vold/8:33 
12-16 02:35:08.027  2166  2193 D MountService: volume state changed for /storage/usb1 (unmounted -> checking)
12-16 02:35:08.028  2166  2193 D MountService: sendStorageIntent Intent { act=android.intent.action.MEDIA_CHECKING dat=file:///storage/usb1 flg=0x4000000 (has extras) } to UserHandle{-1}
12-16 02:35:08.045  2166  2191 I ActivityManager: Start proc 3229:com.android.externalstorage/u0a1 for broadcast com.android.externalstorage/.MountReceiver
12-16 02:35:08.046  2166  2166 I ValidateNoPeople: skipping global notification
12-16 02:35:08.052  1890  2132 D Vold    : Found vfat filesystem on /dev/block/vold/8:33
12-16 02:35:08.052  2166  2570 I art     : DexFile_isDexOptNeeded file /system/priv-app/ExternalStorageProvider/x86_64/ExternalStorageProvider.odex needs to be relocated for /system/priv-app/ExternalStorageProvider/ExternalStorageProvider.apk
12-16 02:35:08.052  2166  2570 I PackageManager: Running patchoat on: com.android.externalstorage
12-16 02:35:08.061  3252  3252 E installd: Running /system/bin/patchoat isa=x86_64 in-fd=5 (/system/priv-app/ExternalStorageProvider/x86_64/ExternalStorageProvider.odex) out-fd=6 (/data/dalvik-cache/x86_64/system@priv-app@ExternalStorageProvider@ExternalStorageProvider.apk@classes.dex)
12-16 02:35:08.079  3251  3251 W linker  : [vdso]: unused DT entry: type 0x6ffffef5 arg 0x160
12-16 02:35:08.079  1890  2132 I fsck_msdos: WARNING: linker: [vdso]: unused DT entry: type 0x6ffffef5 arg 0x160
12-16 02:35:08.080  1890  2132 I fsck_msdos: ** /dev/block/vold/8:33
12-16 02:35:08.081  1890  2132 I fsck_msdos: ** Phase 1 - Read FAT (compare skipped)
12-16 02:35:08.081  1890  2132 I fsck_msdos: Attempting to allocate 15236 KB for FAT
12-16 02:35:08.104  3252  3252 W linker  : [vdso]: unused DT entry: type 0x6ffffef5 arg 0xec
12-16 02:35:08.105  3252  3252 E cutils-trace: Error opening trace file: Permission denied (13)
12-16 02:35:08.127  3229  3229 I ActivityThread: Switching default density from 160 to 240
12-16 02:35:08.129  3229  3229 D ExternalStorage: After updating volumes, found 1 active roots
12-16 02:35:08.129  3229  3229 D ExternalStorage: After updating volumes, found 1 active roots
12-16 02:35:08.130  2597  2597 D MediaScannerReceiver: action: android.intent.action.MEDIA_UNMOUNTED path: /storage/usb1
12-16 02:35:08.802  1890  2132 I fsck_msdos: ** Phase 2 - Check Cluster Chains
12-16 02:35:08.817  1890  2132 I fsck_msdos: ** Phase 3 - Checking Directories
12-16 02:35:09.033  3253  3253 W linker  : [vdso]: unused DT entry: type 0x6ffffef5 arg 0x160
12-16 02:35:10.407  1890  2132 I fsck_msdos: ** Phase 4 - Checking for Lost Files
12-16 02:35:10.419  1890  2132 I fsck_msdos: Next free cluster in FSInfo block (1044726) not free
12-16 02:35:10.419  1890  2132 I fsck_msdos: FIXED
12-16 02:35:10.419  1890  2132 I fsck_msdos: 3624 files, 2816184 free (2801198 clusters)
12-16 02:35:10.431  1890  2132 I Vold    : Filesystem check completed OK
12-16 02:35:10.438  3254  3254 W linker  : [vdso]: unused DT entry: type 0x6ffffef5 arg 0x160
12-16 02:35:10.471  3254  3254 W linker  : [vdso]: unused DT entry: type 0x6ffffef5 arg 0x160
12-16 02:35:10.481  1890  2132 D Vold    : blkid identified as /dev/block/vold/8:33: LABEL="UUI" UUID="1D05-3C3E" TYPE="vfat" 
12-16 02:35:10.483  1890  2132 D Vold    : Volume usb1 state changing 3 (Checking) -> 4 (Mounted)
12-16 02:35:10.483  2166  2193 D MountService: volume state changed for /storage/usb1 (checking -> mounted)
12-16 02:35:10.483  2166  3228 E VoldConnector: NDC Command {10 volume mount /storage/usb1} took too long (2456ms)
12-16 02:35:10.483  2166  2193 D MountService: sendStorageIntent Intent { act=android.intent.action.MEDIA_MOUNTED dat=file:///storage/usb1 flg=0x4000000 (has extras) } to UserHandle{-1}
12-16 02:35:10.484  3255  3255 W linker  : [vdso]: unused DT entry: type 0x6ffffef5 arg 0x160
12-16 02:35:10.484  3229  3229 D ExternalStorage: After updating volumes, found 2 active roots
12-16 02:35:10.485  2597  2597 D MediaScannerReceiver: action: android.intent.action.MEDIA_MOUNTED path: /storage/usb1
12-16 02:35:10.601  2597  3258 W MediaScanner: Error opening directory '/storage/sdcard1/', skipping: Permission denied.
12-16 02:35:10.601  2597  3258 W MediaScanner: Error opening directory '/storage/usb0/', skipping: Permission denied.
12-16 02:35:12.489  1891  1891 D SurfaceFlinger: Set power mode=0, type=0 flinger=0x7f1b31862000
12-16 02:35:14.495  3260  3260 W linker  : [vdso]: unused DT entry: type 0x6ffffef5 arg 0x160
12-16 02:35:15.342  3261  3261 W linker  : [vdso]: unused DT entry: type 0x6ffffef5 arg 0x160
12-16 02:35:16.871  2597  3258 W MediaScanner: Error opening directory '/storage/usb1/.android_secure/', skipping: Permission denied.
12-16 02:35:17.698  2597  3258 W MediaScanner: Error opening directory '/storage/usb2/', skipping: Permission denied.
12-16 02:35:17.698  2597  3258 W MediaScanner: Error opening directory '/storage/usb3/', skipping: Permission denied.
12-16 02:35:17.940  2597  3258 V MediaScanner: pruneDeadThumbnailFiles... android.database.sqlite.SQLiteCursor@38fc6e67
12-16 02:35:17.941  2597  3258 V MediaScanner: /pruneDeadThumbnailFiles... android.database.sqlite.SQLiteCursor@38fc6e67
12-16 02:35:19.508  3262  3262 W linker  : [vdso]: unused DT entry: type 0x6ffffef5 arg 0x160
12-16 02:35:24.520  3263  3263 W linker  : [vdso]: unused DT entry: type 0x6ffffef5 arg 0x160
12-16 02:35:28.262  3264  3264 W linker  : [vdso]: unused DT entry: type 0x6ffffef5 arg 0x160
12-16 02:35:29.531  3265  3265 W linker  : [vdso]: unused DT entry: type 0x6ffffef5 arg 0x160
12-16 02:35:30.941  3266  3266 W linker  : [vdso]: unused DT entry: type 0x6ffffef5 arg 0x160
12-16 02:35:33.977  1891  1891 D SurfaceFlinger: Set power mode=2, type=0 flinger=0x7f1b31862000
12-16 02:35:33.977  1891  2137 D GRALLOC-DRM: set master
12-16 02:35:34.543  3267  3267 W linker  : [vdso]: unused DT entry: type 0x6ffffef5 arg 0x160
12-16 02:35:36.474  2166  2224 W AudioTrack: AUDIO_OUTPUT_FLAG_FAST denied by client
12-16 02:35:36.487  1899  2163 D audio_hw_primary: found out /dev/snd/pcmC0D0p
12-16 02:35:39.554  3271  3271 W linker  : [vdso]: unused DT entry: type 0x6ffffef5 arg 0x160
12-16 02:35:44.565  3273  3273 W linker  : [vdso]: unused DT entry: type 0x6ffffef5 arg 0x160
12-16 02:35:44.708  2166  2589 I ActivityManager: START u0 {act=android.search.action.GLOBAL_SEARCH flg=0x10000000 cmp=com.android.quicksearchbox/.SearchActivity (has extras)} from uid 10052 on display 0
12-16 02:35:44.713  2166  2589 V WindowManager: addAppToken: AppWindowToken{b05898d token=Token{27d05a24 ActivityRecord{106e42b7 u0 com.android.quicksearchbox/.SearchActivity t2}}} to stack=1 task=2 at 0
12-16 02:35:44.716  2457  2457 D InputEventConsistencyVerifier: KeyEvent: ACTION_UP but key was not down.
12-16 02:35:44.716  2457  2457 D InputEventConsistencyVerifier:   in android.widget.FrameLayout{2877c20e V.E..... ........ 0,0-1920,1080}
12-16 02:35:44.716  2457  2457 D InputEventConsistencyVerifier:   0: sent at 460108000000, KeyEvent { action=ACTION_UP, keyCode=KEYCODE_F1, scanCode=59, metaState=META_ALT_ON|META_ALT_LEFT_ON|META_CTRL_ON|META_CTRL_LEFT_ON, flags=0x28, repeatCount=0, eventTime=460108, downTime=427883, deviceId=15, source=0x101 }
12-16 02:35:44.716  2457  2457 D InputEventConsistencyVerifier:   -- recent events --
12-16 02:35:44.716  2457  2457 D InputEventConsistencyVerifier:   1: sent at 460083000000, (unhandled) KeyEvent { action=ACTION_DOWN, keyCode=KEYCODE_F, scanCode=33, metaState=0, flags=0x8, repeatCount=0, eventTime=460083, downTime=460083, deviceId=15, source=0x101 }
12-16 02:35:44.716  2457  2457 D InputEventConsistencyVerifier:   2: sent at 459995074000, MotionEvent { action=ACTION_HOVER_MOVE, id[0]=0, x[0]=1157.3654, y[0]=374.09772, toolType[0]=TOOL_TYPE_MOUSE, buttonState=0, metaState=0, flags=0x0, edgeFlags=0x0, pointerCount=1, historySize=0, eventTime=459995, downTime=457811, deviceId=16, source=0x2002 }
12-16 02:35:44.716  2457  2457 D InputEventConsistencyVerifier:   3: sent at 459987087000, MotionEvent { action=ACTION_HOVER_MOVE, id[0]=0, x[0]=1156.3654, y[0]=373.09772, toolType[0]=TOOL_TYPE_MOUSE, buttonState=0, metaState=0, flags=0x0, edgeFlags=0x0, pointerCount=1, historySize=0, eventTime=459987, downTime=457811, deviceId=16, source=0x2002 }
12-16 02:35:44.716  2457  2457 D InputEventConsistencyVerifier:   4: sent at 459971090000, MotionEvent { action=ACTION_HOVER_MOVE, id[0]=0, x[0]=1155.3654, y[0]=372.09772, toolType[0]=TOOL_TYPE_MOUSE, buttonState=0, metaState=0, flags=0x0, edgeFlags=0x0, pointerCount=1, historySize=1, eventTime=459971, downTime=457811, deviceId=16, source=0x2002 }
12-16 02:35:44.716  2457  2457 D InputEventConsistencyVerifier:   5: sent at 459955077000, MotionEvent { action=ACTION_HOVER_MOVE, id[0]=0, x[0]=1153.3654, y[0]=370.09772, toolType[0]=TOOL_TYPE_MOUSE, buttonState=0, metaState=0, flags=0x0, edgeFlags=0x0, pointerCount=1, historySize=1, eventTime=459955, downTime=457811, deviceId=16, source=0x2002 }
12-16 02:35:44.757  2166  2186 I ActivityManager: Start proc 3275:com.android.quicksearchbox/u0a35 for activity com.android.quicksearchbox/.SearchActivity
12-16 02:35:44.769  2166  2593 I art     : DexFile_isDexOptNeeded file /system/app/QuickSearchBox/x86_64/QuickSearchBox.odex needs to be relocated for /system/app/QuickSearchBox/QuickSearchBox.apk
12-16 02:35:44.769  2166  2593 I PackageManager: Running patchoat on: com.android.quicksearchbox
12-16 02:35:44.770  3297  3297 E installd: Running /system/bin/patchoat isa=x86_64 in-fd=5 (/system/app/QuickSearchBox/x86_64/QuickSearchBox.odex) out-fd=6 (/data/dalvik-cache/x86_64/system@app@QuickSearchBox@QuickSearchBox.apk@classes.dex)
12-16 02:35:44.778  3297  3297 W linker  : [vdso]: unused DT entry: type 0x6ffffef5 arg 0xec
12-16 02:35:44.779  3297  3297 E cutils-trace: Error opening trace file: Permission denied (13)
12-16 02:35:44.829  3275  3275 I ActivityThread: Switching default density from 160 to 240
12-16 02:35:44.917  3275  3301 D OpenGLRenderer: Use EGL_SWAP_BEHAVIOR_PRESERVED: true
12-16 02:35:44.918  3275  3275 I GRALLOC-DRM: create intel for driver i915
12-16 02:35:44.920  3275  3275 D Atlas   : Validating map...
12-16 02:35:44.922  2166  3065 V WindowManager: Adding window Window{2d59058e u0 com.android.quicksearchbox/com.android.quicksearchbox.SearchActivity} at 2 of 7 (after Window{426e7e6 u0 com.android.launcher3/com.android.launcher3.Launcher})
12-16 02:35:44.952  3275  3301 I EGL-DRI2: DRI2: found extension DRI_Core version 1
12-16 02:35:44.952  3275  3301 I EGL-DRI2: DRI2: found extension DRI_DRI2 version 4
12-16 02:35:44.963  3275  3301 I EGL-DRI2: DRI2: found extension DRI_TexBuffer version 3
12-16 02:35:44.963  3275  3301 I EGL-DRI2: DRI2: found extension DRI2_Flush version 4
12-16 02:35:44.963  3275  3301 I EGL-DRI2: DRI2: found extension DRI_IMAGE version 11
12-16 02:35:44.964  3275  3301 I OpenGLRenderer: Initialized EGL, version 1.4
12-16 02:35:44.964  3275  3301 W OpenGLRenderer: Failed to choose config with EGL_SWAP_BEHAVIOR_PRESERVED, retrying without...
12-16 02:35:44.967  3275  3301 D OpenGLRenderer: Enabling debug mode 0
12-16 02:35:44.977  3275  3275 D InputEventConsistencyVerifier: KeyEvent: ACTION_UP but key was not down.
12-16 02:35:44.977  3275  3275 D InputEventConsistencyVerifier:   in android.view.ViewRootImpl@7a5cee5
12-16 02:35:44.977  3275  3275 D InputEventConsistencyVerifier:   0: sent at 460211000000, KeyEvent { action=ACTION_UP, keyCode=KEYCODE_F, scanCode=33, metaState=0, flags=0x8, repeatCount=0, eventTime=460211, downTime=460083, deviceId=15, source=0x101 }
12-16 02:35:44.978  3275  3275 W ViewRootImpl: Cancelling event due to no window focus: KeyEvent { action=ACTION_UP, keyCode=KEYCODE_F, scanCode=33, metaState=0, flags=0x80000028, repeatCount=0, eventTime=460211, downTime=460083, deviceId=15, source=0x101 }
12-16 02:35:44.978  3275  3275 W ViewRootImpl: Cancelling event due to no window focus: KeyEvent { action=ACTION_UP, keyCode=KEYCODE_F, scanCode=33, metaState=0, flags=0x80000028, repeatCount=0, eventTime=460211, downTime=460083, deviceId=15, source=0x101 }
12-16 02:35:44.978  3275  3275 W ViewRootImpl: Cancelling event due to no window focus: KeyEvent { action=ACTION_UP, keyCode=KEYCODE_F, scanCode=33, metaState=0, flags=0x80000028, repeatCount=0, eventTime=460211, downTime=460083, deviceId=15, source=0x101 }
12-16 02:35:44.978  3275  3275 W ViewRootImpl: Cancelling event due to no window focus: KeyEvent { action=ACTION_UP, keyCode=KEYCODE_F, scanCode=33, metaState=0, flags=0x80000028, repeatCount=0, eventTime=460211, downTime=460083, deviceId=15, source=0x101 }
12-16 02:35:44.978  3275  3275 W ViewRootImpl: Cancelling event due to no window focus: KeyEvent { action=ACTION_UP, keyCode=KEYCODE_F, scanCode=33, metaState=0, flags=0x80000028, repeatCount=0, eventTime=460211, downTime=460083, deviceId=15, source=0x101 }
12-16 02:35:44.978  3275  3275 W ViewRootImpl: Cancelling event due to no window focus: KeyEvent { action=ACTION_UP, keyCode=KEYCODE_F, scanCode=33, metaState=0, flags=0x80000028, repeatCount=0, eventTime=460211, downTime=460083, deviceId=15, source=0x101 }
12-16 02:35:44.979  3275  3275 W ViewRootImpl: Cancelling event due to no window focus: KeyEvent { action=ACTION_UP, keyCode=KEYCODE_F, scanCode=33, metaState=0, flags=0x80000028, repeatCount=0, eventTime=460211, downTime=460083, deviceId=15, source=0x101 }
12-16 02:35:44.979  3275  3275 W ViewRootImpl: Cancelling event due to no window focus: KeyEvent { action=ACTION_UP, keyCode=KEYCODE_F, scanCode=33, metaState=0, flags=0x80000028, repeatCount=0, eventTime=460211, downTime=460083, deviceId=15, source=0x101 }
12-16 02:35:44.979  3275  3275 W ViewRootImpl: Cancelling event due to no window focus: KeyEvent { action=ACTION_UP, keyCode=KEYCODE_F, scanCode=33, metaState=0, flags=0x80000028, repeatCount=0, eventTime=460211, downTime=460083, deviceId=15, source=0x101 }
12-16 02:35:45.031  2166  2196 I ActivityManager: Displayed com.android.quicksearchbox/.SearchActivity: +298ms
12-16 02:35:45.031  3275  3275 I QSB.SuggestionsProviderImpl: chars:1,source:Source{name=com.android.quicksearchbox/.google.GoogleSearch}
12-16 02:35:46.843  1891  2638 D PermissionCache: checking android.permission.READ_FRAME_BUFFER for uid=1000 => granted (271 us)
12-16 02:35:46.864  3275  3275 W IInputConnectionWrapper: showStatusIcon on inactive InputConnection
12-16 02:35:46.864  2166  2191 I ActivityManager: Killing 2566:com.android.music/u0a49 (adj 15): empty #17
12-16 02:35:46.884  3275  3275 D AndroidRuntime: Shutting down VM
--------- beginning of crash
12-16 02:35:46.884  3275  3275 E AndroidRuntime: FATAL EXCEPTION: main
12-16 02:35:46.884  3275  3275 E AndroidRuntime: Process: com.android.quicksearchbox, PID: 3275
12-16 02:35:46.884  3275  3275 E AndroidRuntime: java.lang.RuntimeException: Unable to stop activity {com.android.quicksearchbox/com.android.quicksearchbox.SearchActivity}: java.lang.NullPointerException: Attempt to invoke virtual method 'com.android.quicksearchbox.SourceResult com.android.quicksearchbox.Suggestions.getResult()' on a null object reference
12-16 02:35:46.884  3275  3275 E AndroidRuntime: 	at android.app.ActivityThread.performDestroyActivity(ActivityThread.java:3670)
12-16 02:35:46.884  3275  3275 E AndroidRuntime: 	at android.app.ActivityThread.handleDestroyActivity(ActivityThread.java:3724)
12-16 02:35:46.884  3275  3275 E AndroidRuntime: 	at android.app.ActivityThread.access$1400(ActivityThread.java:151)
12-16 02:35:46.884  3275  3275 E AndroidRuntime: 	at android.app.ActivityThread$H.handleMessage(ActivityThread.java:1357)
12-16 02:35:46.884  3275  3275 E AndroidRuntime: 	at android.os.Handler.dispatchMessage(Handler.java:102)
12-16 02:35:46.884  3275  3275 E AndroidRuntime: 	at android.os.Looper.loop(Looper.java:135)
12-16 02:35:46.884  3275  3275 E AndroidRuntime: 	at android.app.ActivityThread.main(ActivityThread.java:5254)
12-16 02:35:46.884  3275  3275 E AndroidRuntime: 	at java.lang.reflect.Method.invoke(Native Method)
12-16 02:35:46.884  3275  3275 E AndroidRuntime: 	at java.lang.reflect.Method.invoke(Method.java:372)
12-16 02:35:46.884  3275  3275 E AndroidRuntime: 	at com.android.internal.os.ZygoteInit$MethodAndArgsCaller.run(ZygoteInit.java:903)
12-16 02:35:46.884  3275  3275 E AndroidRuntime: 	at com.android.internal.os.ZygoteInit.main(ZygoteInit.java:698)
12-16 02:35:46.884  3275  3275 E AndroidRuntime: Caused by: java.lang.NullPointerException: Attempt to invoke virtual method 'com.android.quicksearchbox.SourceResult com.android.quicksearchbox.Suggestions.getResult()' on a null object reference
12-16 02:35:46.884  3275  3275 E AndroidRuntime: 	at com.android.quicksearchbox.SearchActivity.getCurrentSuggestions(SearchActivity.java:370)
12-16 02:35:46.884  3275  3275 E AndroidRuntime: 	at com.android.quicksearchbox.SearchActivity.onStop(SearchActivity.java:267)
12-16 02:35:46.884  3275  3275 E AndroidRuntime: 	at android.app.Instrumentation.callActivityOnStop(Instrumentation.java:1277)
12-16 02:35:46.884  3275  3275 E AndroidRuntime: 	at android.app.Activity.performStop(Activity.java:6142)
12-16 02:35:46.884  3275  3275 E AndroidRuntime: 	at android.app.ActivityThread.performDestroyActivity(ActivityThread.java:3665)
12-16 02:35:46.884  3275  3275 E AndroidRuntime: 	... 10 more
12-16 02:35:46.888  2166  2166 W MediaSessionRecord: Removing dead callback in pushEvent.
12-16 02:35:46.888  2166  2166 W MediaSessionRecord: android.os.DeadObjectException
12-16 02:35:46.888  2166  2166 W MediaSessionRecord: 	at android.os.BinderProxy.transactNative(Native Method)
12-16 02:35:46.888  2166  2166 W MediaSessionRecord: 	at android.os.BinderProxy.transact(Binder.java:496)
12-16 02:35:46.888  2166  2166 W MediaSessionRecord: 	at android.media.session.ISessionControllerCallback$Stub$Proxy.onSessionDestroyed(ISessionControllerCallback.java:189)
12-16 02:35:46.888  2166  2166 W MediaSessionRecord: 	at com.android.server.media.MediaSessionRecord.pushSessionDestroyed(MediaSessionRecord.java:667)
12-16 02:35:46.888  2166  2166 W MediaSessionRecord: 	at com.android.server.media.MediaSessionRecord.access$3800(MediaSessionRecord.java:67)
12-16 02:35:46.888  2166  2166 W MediaSessionRecord: 	at com.android.server.media.MediaSessionRecord$MessageHandler.handleMessage(MediaSessionRecord.java:1286)
12-16 02:35:46.888  2166  2166 W MediaSessionRecord: 	at android.os.Handler.dispatchMessage(Handler.java:102)
12-16 02:35:46.888  2166  2166 W MediaSessionRecord: 	at android.os.Looper.loop(Looper.java:135)
12-16 02:35:46.888  2166  2166 W MediaSessionRecord: 	at com.android.server.SystemServer.run(SystemServer.java:269)
12-16 02:35:46.888  2166  2166 W MediaSessionRecord: 	at com.android.server.SystemServer.main(SystemServer.java:170)
12-16 02:35:46.888  2166  2166 W MediaSessionRecord: 	at java.lang.reflect.Method.invoke(Native Method)
12-16 02:35:46.888  2166  2166 W MediaSessionRecord: 	at java.lang.reflect.Method.invoke(Method.java:372)
12-16 02:35:46.888  2166  2166 W MediaSessionRecord: 	at com.android.internal.os.ZygoteInit$MethodAndArgsCaller.run(ZygoteInit.java:903)
12-16 02:35:46.888  2166  2166 W MediaSessionRecord: 	at com.android.internal.os.ZygoteInit.main(ZygoteInit.java:698)
12-16 02:35:46.905  2166  3310 D OpenGLRenderer: Use EGL_SWAP_BEHAVIOR_PRESERVED: true
12-16 02:35:46.906  2166  2191 D Atlas   : Validating map...
12-16 02:35:46.943  2166  3310 I EGL-DRI2: DRI2: found extension DRI_Core version 1
12-16 02:35:46.943  2166  3310 I EGL-DRI2: DRI2: found extension DRI_DRI2 version 4
12-16 02:35:46.954  2166  3310 I EGL-DRI2: DRI2: found extension DRI_TexBuffer version 3
12-16 02:35:46.954  2166  3310 I EGL-DRI2: DRI2: found extension DRI2_Flush version 4
12-16 02:35:46.954  2166  3310 I EGL-DRI2: DRI2: found extension DRI_IMAGE version 11
12-16 02:35:46.954  2166  3310 I OpenGLRenderer: Initialized EGL, version 1.4
12-16 02:35:46.954  2166  3310 W OpenGLRenderer: Failed to choose config with EGL_SWAP_BEHAVIOR_PRESERVED, retrying without...
12-16 02:35:46.958  2166  3310 D OpenGLRenderer: Enabling debug mode 0
12-16 02:35:47.866  2282  2282 W ResourceType: No package identifier when getting value for resource number 0x00000000
12-16 02:35:47.866  2282  2282 W PackageManager: Failure retrieving resources for com.android.quicksearchbox: Resource ID #0x0
12-16 02:35:49.578  3313  3313 W linker  : [vdso]: unused DT entry: type 0x6ffffef5 arg 0x160
12-16 02:35:50.299  2166  2224 W AudioTrack: AUDIO_OUTPUT_FLAG_FAST denied by client
12-16 02:35:50.307  3275  3275 I Process : Sending signal. PID: 3275 SIG: 9
12-16 02:35:50.311  1899  2163 D audio_hw_primary: found out /dev/snd/pcmC0D0p
12-16 02:35:50.318  2166  2205 W InputDispatcher: channel '2d59058e com.android.quicksearchbox/com.android.quicksearchbox.SearchActivity (server)' ~ Consumer closed input channel or an error occurred.  events=0xd
12-16 02:35:50.318  2166  2205 E InputDispatcher: channel '2d59058e com.android.quicksearchbox/com.android.quicksearchbox.SearchActivity (server)' ~ Channel is unrecoverably broken and will be disposed!
12-16 02:35:50.319  2166  2315 I WindowState: WIN DEATH: Window{2d59058e u0 com.android.quicksearchbox/com.android.quicksearchbox.SearchActivity}
12-16 02:35:50.319  2166  2315 W InputDispatcher: Attempted to unregister already unregistered input channel '2d59058e com.android.quicksearchbox/com.android.quicksearchbox.SearchActivity (server)'
12-16 02:35:50.319  2166  2570 I ActivityManager: Process com.android.quicksearchbox (pid 3275) has died
12-16 02:35:50.321  2166  3310 D OpenGLRenderer: endAllStagingAnimators on 0x7f0cfc342c00 (RippleDrawable) with handle 0x7f0ced4b7120
12-16 02:35:50.322  2166  2187 W InputMethodManagerService: Window already focused, ignoring focus gain of: com.android.internal.view.IInputMethodClient$Stub$Proxy@de8e225 attribute=android.view.inputmethod.EditorInfo@2eadbffa, token = android.os.BinderProxy@3fe74641
12-16 02:35:51.434  2166  2224 W AudioTrack: AUDIO_OUTPUT_FLAG_FAST denied by client
12-16 02:35:52.434  2166  2186 I ActivityManager: START u0 {act=android.intent.action.MAIN cat=[android.intent.category.LAUNCHER] flg=0x10200000 cmp=com.cyanogenmod.filemanager/.activities.NavigationActivity (has extras)} from uid 10052 on display 0
12-16 02:35:52.434  2166  2224 W AudioTrack: AUDIO_OUTPUT_FLAG_FAST denied by client
12-16 02:35:52.434  2166  2186 V WindowManager: addAppToken: AppWindowToken{3dea7ba1 token=Token{2ed03808 ActivityRecord{5d519ab u0 com.cyanogenmod.filemanager/.activities.NavigationActivity t3}}} to stack=1 task=3 at 0
12-16 02:35:52.435  2166  2196 V WindowManager: Adding window Window{dac0020 u0 Starting com.cyanogenmod.filemanager} at 2 of 7 (after Window{426e7e6 u0 com.android.launcher3/com.android.launcher3.Launcher})
12-16 02:35:52.452  2166  2470 I ActivityManager: Start proc 3317:com.cyanogenmod.filemanager/u0a34 for activity com.cyanogenmod.filemanager/.activities.NavigationActivity
12-16 02:35:52.459  2166  2589 I art     : DexFile_isDexOptNeeded file /system/app/CMFileManager/x86_64/CMFileManager.odex needs to be relocated for /system/app/CMFileManager/CMFileManager.apk
12-16 02:35:52.459  2166  2589 I PackageManager: Running patchoat on: com.cyanogenmod.filemanager
12-16 02:35:52.460  3339  3339 E installd: Running /system/bin/patchoat isa=x86_64 in-fd=5 (/system/app/CMFileManager/x86_64/CMFileManager.odex) out-fd=6 (/data/dalvik-cache/x86_64/system@app@CMFileManager@CMFileManager.apk@classes.dex)
12-16 02:35:52.465  3339  3339 W linker  : [vdso]: unused DT entry: type 0x6ffffef5 arg 0xec
12-16 02:35:52.466  3339  3339 E cutils-trace: Error opening trace file: Permission denied (13)
12-16 02:35:52.582  3317  3317 I ActivityThread: Switching default density from 160 to 240
12-16 02:35:52.763  1890  2132 E Vold    : Failed to find mounted volume for /storage/usb0/Android/data/com.cyanogenmod.filemanager/files/
12-16 02:35:52.764  3317  3317 W ContextImpl: Failed to ensure directory: /storage/usb0/Android/data/com.cyanogenmod.filemanager/files
12-16 02:35:52.765  1890  2132 E Vold    : Failed to find mounted volume for /storage/usb2/Android/data/com.cyanogenmod.filemanager/files/
12-16 02:35:52.765  3317  3317 W ContextImpl: Failed to ensure directory: /storage/usb2/Android/data/com.cyanogenmod.filemanager/files
12-16 02:35:52.766  1890  2132 E Vold    : Failed to find mounted volume for /storage/usb3/Android/data/com.cyanogenmod.filemanager/files/
12-16 02:35:52.766  3317  3317 W ContextImpl: Failed to ensure directory: /storage/usb3/Android/data/com.cyanogenmod.filemanager/files
12-16 02:35:52.767  1890  2132 E Vold    : Failed to find mounted volume for /storage/sdcard1/Android/data/com.cyanogenmod.filemanager/files/
12-16 02:35:52.767  3317  3317 W ContextImpl: Failed to ensure directory: /storage/sdcard1/Android/data/com.cyanogenmod.filemanager/files
12-16 02:35:52.776  3342  3342 W linker  : [vdso]: unused DT entry: type 0x6ffffef5 arg 0x160
12-16 02:35:52.831  3346  3346 W linker  : [vdso]: unused DT entry: type 0x6ffffef5 arg 0x160
12-16 02:35:52.834  3347  3347 W linker  : [vdso]: unused DT entry: type 0x6ffffef5 arg 0x160
12-16 02:35:52.837  3348  3348 W linker  : [vdso]: unused DT entry: type 0x6ffffef5 arg 0x160
12-16 02:35:52.840  3349  3349 W linker  : [vdso]: unused DT entry: type 0x6ffffef5 arg 0x160
12-16 02:35:52.845  3350  3350 W linker  : [vdso]: unused DT entry: type 0x6ffffef5 arg 0x160
12-16 02:35:52.848  3351  3351 W linker  : [vdso]: unused DT entry: type 0x6ffffef5 arg 0x160
12-16 02:35:52.921  2166  2205 I InputDispatcher: Dropping event because there is no touchable window at (1102, 353).
12-16 02:35:52.922  3317  3317 V NFC     : this device does not have NFC support
12-16 02:35:52.929  2166  2205 I InputDispatcher: Dropping event because there is no touchable window at (1099, 354).
12-16 02:35:52.937  2166  2205 I InputDispatcher: Dropping event because there is no touchable window at (1096, 355).
12-16 02:35:52.941  3317  3352 W NavigationActivity: Ignoring '/storage/sdcard1' with state of 'unmounted'
12-16 02:35:52.941  3317  3352 W NavigationActivity: Ignoring '/storage/usb0' with state of 'unmounted'
12-16 02:35:52.941  3317  3352 W NavigationActivity: Ignoring '/storage/usb2' with state of 'unmounted'
12-16 02:35:52.941  3317  3352 W NavigationActivity: Ignoring '/storage/usb3' with state of 'unmounted'
12-16 02:35:52.945  2166  2205 I InputDispatcher: Dropping event because there is no touchable window at (1088, 355).
12-16 02:35:52.953  2166  2205 I InputDispatcher: Dropping event because there is no touchable window at (1081, 355).
12-16 02:35:52.961  2166  2205 I InputDispatcher: Dropping event because there is no touchable window at (1073, 355).
12-16 02:35:52.969  2166  2205 I InputDispatcher: Dropping event because there is no touchable window at (1061, 355).
12-16 02:35:52.977  2166  2205 I InputDispatcher: Dropping event because there is no touchable window at (1039, 355).
12-16 02:35:52.982  3317  3353 D OpenGLRenderer: Use EGL_SWAP_BEHAVIOR_PRESERVED: true
12-16 02:35:52.983  3317  3317 I GRALLOC-DRM: create intel for driver i915
12-16 02:35:52.983  3317  3317 D Atlas   : Validating map...
12-16 02:35:52.985  2166  2187 V WindowManager: Adding window Window{1086927c u0 com.cyanogenmod.filemanager/com.cyanogenmod.filemanager.activities.NavigationActivity} at 2 of 8 (before Window{dac0020 u0 Starting com.cyanogenmod.filemanager})
12-16 02:35:52.985  2166  2205 I InputDispatcher: Dropping event because there is no touchable window at (1015, 353).
12-16 02:35:52.993  2166  2205 I InputDispatcher: Dropping event because there is no touchable window at (981, 349).
12-16 02:35:53.001  2166  2205 I InputDispatcher: Dropping event because there is no touchable window at (941, 340).
12-16 02:35:53.009  2166  2205 I InputDispatcher: Dropping event because there is no touchable window at (889, 329).
12-16 02:35:53.010  2166  3065 V WindowManager: Adding window Window{39a4c35a u0 com.cyanogenmod.filemanager/com.cyanogenmod.filemanager.activities.NavigationActivity} at 2 of 9 (before Window{1086927c u0 com.cyanogenmod.filemanager/com.cyanogenmod.filemanager.activities.NavigationActivity})
12-16 02:35:53.011  3317  3354 V MimeTypeIndexService: onHandleIntent(Intent { act=com.cyanogenmod.filemanager.ACTION_START_INDEX cmp=com.cyanogenmod.filemanager/.service.MimeTypeIndexService (has extras) })
12-16 02:35:53.011  3317  3354 D MimeTypeIndexService: Action: com.cyanogenmod.filemanager.ACTION_START_INDEX
12-16 02:35:53.011  3317  3354 V MimeTypeIndexService: performIndexAction(/storage/emulated/0)
12-16 02:35:53.011  3317  3354 I MimeTypeIndexService: Starting mime type usage indexing on '/storage/emulated/0'
12-16 02:35:53.016  3317  3354 D MimeTypeIndexService: NONE = 69632
12-16 02:35:53.017  2166  2205 I InputDispatcher: Dropping event because there is no touchable window at (833, 318).
12-16 02:35:53.025  2166  2205 I InputDispatcher: Dropping event because there is no touchable window at (767, 303).
12-16 02:35:53.033  2166  2205 I InputDispatcher: Dropping event because there is no touchable window at (698, 285).
12-16 02:35:53.041  2166  2205 I InputDispatcher: Dropping event because there is no touchable window at (632, 267).
12-16 02:35:53.049  2166  2205 I InputDispatcher: Dropping event because there is no touchable window at (569, 252).
12-16 02:35:53.060  3317  3353 I EGL-DRI2: DRI2: found extension DRI_Core version 1
12-16 02:35:53.060  3317  3353 I EGL-DRI2: DRI2: found extension DRI_DRI2 version 4
12-16 02:35:53.071  3317  3353 I EGL-DRI2: DRI2: found extension DRI_TexBuffer version 3
12-16 02:35:53.071  3317  3353 I EGL-DRI2: DRI2: found extension DRI2_Flush version 4
12-16 02:35:53.071  3317  3353 I EGL-DRI2: DRI2: found extension DRI_IMAGE version 11
12-16 02:35:53.071  3317  3353 I OpenGLRenderer: Initialized EGL, version 1.4
12-16 02:35:53.071  3317  3353 W OpenGLRenderer: Failed to choose config with EGL_SWAP_BEHAVIOR_PRESERVED, retrying without...
12-16 02:35:53.075  3317  3353 D OpenGLRenderer: Enabling debug mode 0
12-16 02:35:53.097  3317  3354 V MimeTypeIndexService: onHandleIntent(Intent { act=com.cyanogenmod.filemanager.ACTION_START_INDEX cmp=com.cyanogenmod.filemanager/.service.MimeTypeIndexService (has extras) })
12-16 02:35:53.097  3317  3354 D MimeTypeIndexService: Action: com.cyanogenmod.filemanager.ACTION_START_INDEX
12-16 02:35:53.097  3317  3354 V MimeTypeIndexService: performIndexAction(/system)
12-16 02:35:53.097  3317  3354 I MimeTypeIndexService: Starting mime type usage indexing on '/system'
12-16 02:35:53.117  3355  3355 W linker  : [vdso]: unused DT entry: type 0x6ffffef5 arg 0x160
12-16 02:35:53.170  3358  3358 W linker  : [vdso]: unused DT entry: type 0x6ffffef5 arg 0x160
12-16 02:35:53.173  3359  3359 W linker  : [vdso]: unused DT entry: type 0x6ffffef5 arg 0x160
12-16 02:35:53.176  3360  3360 W linker  : [vdso]: unused DT entry: type 0x6ffffef5 arg 0x160
12-16 02:35:53.179  3361  3361 W linker  : [vdso]: unused DT entry: type 0x6ffffef5 arg 0x160
12-16 02:35:53.184  3362  3362 W linker  : [vdso]: unused DT entry: type 0x6ffffef5 arg 0x160
12-16 02:35:53.186  3363  3363 W linker  : [vdso]: unused DT entry: type 0x6ffffef5 arg 0x160
12-16 02:35:53.275  2166  2196 I ActivityManager: Displayed com.cyanogenmod.filemanager/.activities.NavigationActivity: +840ms
12-16 02:35:53.277  3367  3367 W linker  : [vdso]: unused DT entry: type 0x6ffffef5 arg 0x160
12-16 02:35:53.279  3368  3368 W linker  : [vdso]: unused DT entry: type 0x6ffffef5 arg 0x160
12-16 02:35:53.280  3369  3369 W linker  : [vdso]: unused DT entry: type 0x6ffffef5 arg 0x160
12-16 02:35:53.280  3370  3370 W linker  : [vdso]: unused DT entry: type 0x6ffffef5 arg 0x160
12-16 02:35:53.395  3372  3372 W linker  : [vdso]: unused DT entry: type 0x6ffffef5 arg 0x160
12-16 02:35:53.397  3373  3373 W linker  : [vdso]: unused DT entry: type 0x6ffffef5 arg 0x160
12-16 02:35:53.397  3317  3354 D MimeTypeIndexService: AUDIO = 1065141
12-16 02:35:53.397  3317  3354 D MimeTypeIndexService: EXEC = 8400
12-16 02:35:53.397  3317  3354 D MimeTypeIndexService: TEXT = 926168
12-16 02:35:53.397  3317  3354 D MimeTypeIndexService: BINARY = 501676294
12-16 02:35:53.397  3317  3354 D MimeTypeIndexService: FONT = 19580216
12-16 02:35:53.397  3317  3354 D MimeTypeIndexService: COMPRESS = 2136830
12-16 02:35:53.397  3317  3354 D MimeTypeIndexService: APP = 98311887
12-16 02:35:53.397  3317  3354 D MimeTypeIndexService: NONE = 712341309
12-16 02:35:53.398  3374  3374 W linker  : [vdso]: unused DT entry: type 0x6ffffef5 arg 0x160
12-16 02:35:53.433  3376  3376 W linker  : [vdso]: unused DT entry: type 0x6ffffef5 arg 0x160
12-16 02:35:53.435  3377  3377 W linker  : [vdso]: unused DT entry: type 0x6ffffef5 arg 0x160
12-16 02:35:53.436  3378  3378 W linker  : [vdso]: unused DT entry: type 0x6ffffef5 arg 0x160
12-16 02:35:54.588  3379  3379 W linker  : [vdso]: unused DT entry: type 0x6ffffef5 arg 0x160
12-16 02:35:55.620  2166  2224 W AudioTrack: AUDIO_OUTPUT_FLAG_FAST denied by client
12-16 02:35:55.632  1899  2163 D audio_hw_primary: found out /dev/snd/pcmC0D0p
12-16 02:35:55.633  3317  3353 D OpenGLRenderer: endAllStagingAnimators on 0x7f0cfc0a9000 (RippleDrawable) with handle 0x7f0cf2c72da0
12-16 02:35:59.074  2166  2224 W AudioTrack: AUDIO_OUTPUT_FLAG_FAST denied by client
12-16 02:35:59.086  1899  2163 D audio_hw_primary: found out /dev/snd/pcmC0D0p
12-16 02:35:59.600  3383  3383 W linker  : [vdso]: unused DT entry: type 0x6ffffef5 arg 0x160
12-16 02:36:00.458  2166  2224 W AudioTrack: AUDIO_OUTPUT_FLAG_FAST denied by client
12-16 02:36:00.460  3385  3385 W linker  : [vdso]: unused DT entry: type 0x6ffffef5 arg 0x160
12-16 02:36:00.463  3386  3386 W linker  : [vdso]: unused DT entry: type 0x6ffffef5 arg 0x160
12-16 02:36:00.466  3387  3387 W linker  : [vdso]: unused DT entry: type 0x6ffffef5 arg 0x160
12-16 02:36:00.470  3389  3389 W linker  : [vdso]: unused DT entry: type 0x6ffffef5 arg 0x160
12-16 02:36:00.475  3390  3390 W linker  : [vdso]: unused DT entry: type 0x6ffffef5 arg 0x160
12-16 02:36:00.482  3391  3391 W linker  : [vdso]: unused DT entry: type 0x6ffffef5 arg 0x160
12-16 02:36:00.487  3392  3392 W linker  : [vdso]: unused DT entry: type 0x6ffffef5 arg 0x160
12-16 02:36:00.614  3394  3394 W linker  : [vdso]: unused DT entry: type 0x6ffffef5 arg 0x160
12-16 02:36:00.619  3395  3395 W linker  : [vdso]: unused DT entry: type 0x6ffffef5 arg 0x160
12-16 02:36:00.622  3396  3396 W linker  : [vdso]: unused DT entry: type 0x6ffffef5 arg 0x160
12-16 02:36:00.686  3397  3397 W linker  : [vdso]: unused DT entry: type 0x6ffffef5 arg 0x160
12-16 02:36:00.688  3398  3398 W linker  : [vdso]: unused DT entry: type 0x6ffffef5 arg 0x160
12-16 02:36:01.527  3399  3399 W linker  : [vdso]: unused DT entry: type 0x6ffffef5 arg 0x160
12-16 02:36:01.529  3317  3317 I Choreographer: Skipped 53 frames!  The application may be doing too much work on its main thread.
12-16 02:36:04.612  3400  3400 W linker  : [vdso]: unused DT entry: type 0x6ffffef5 arg 0x160
12-16 02:36:06.708  3317  3375 W PackageParser: No actions in intent filter at /storage/usb1/moffice_cn00563.apk Binary XML file line #845
12-16 02:36:07.288  3317  3375 W PackageParser: No actions in intent filter at /storage/usb1/WPSOffice_139.apk Binary XML file line #904
12-16 02:36:09.624  3401  3401 W linker  : [vdso]: unused DT entry: type 0x6ffffef5 arg 0x160
12-16 02:36:14.636  3402  3402 W linker  : [vdso]: unused DT entry: type 0x6ffffef5 arg 0x160
12-16 02:36:18.169  3317  3317 D InputEventConsistencyVerifier: TouchEvent: Source was not SOURCE_CLASS_POINTER.
12-16 02:36:18.169  3317  3317 D InputEventConsistencyVerifier:   in com.cyanogenmod.filemanager.ui.widgets.ScrimInsetsFrameLayout{29a2a3c0 V.E..... ........ 0,0-1920,970 #7f110099 app:id/scrimInsetsFrameLayoutNavigation}
12-16 02:36:18.169  3317  3317 D InputEventConsistencyVerifier:   0: sent at 493563000000, MotionEvent { action=ACTION_CANCEL, id[0]=0, x[0]=0.0, y[0]=0.0, toolType[0]=TOOL_TYPE_UNKNOWN, buttonState=0, metaState=0, flags=0x0, edgeFlags=0x0, pointerCount=1, historySize=0, eventTime=493563, downTime=493563, deviceId=0, source=0x0 }
12-16 02:36:18.169  3317  3317 D InputEventConsistencyVerifier:   -- recent events --
12-16 02:36:18.169  3317  3317 D InputEventConsistencyVerifier:   1: sent at 493403135000, MotionEvent { action=ACTION_DOWN, id[0]=0, x[0]=22.310001, y[0]=919.9139, toolType[0]=TOOL_TYPE_MOUSE, buttonState=BUTTON_PRIMARY, metaState=0, flags=0x0, edgeFlags=0x0, pointerCount=1, historySize=0, eventTime=493403, downTime=493403, deviceId=16, source=0x2002 }
12-16 02:36:18.169  3317  3317 D InputEventConsistencyVerifier:   2: sent at 493403135000, MotionEvent { action=ACTION_HOVER_EXIT, id[0]=0, x[0]=22.310001, y[0]=919.9139, toolType[0]=TOOL_TYPE_MOUSE, buttonState=BUTTON_PRIMARY, metaState=0, flags=0x0, edgeFlags=0x0, pointerCount=1, historySize=0, eventTime=493403, downTime=493403, deviceId=16, source=0x2002 }
12-16 02:36:18.169  3317  3317 D InputEventConsistencyVerifier:   3: sent at 493323083000, MotionEvent { action=ACTION_HOVER_MOVE, id[0]=0, x[0]=22.310001, y[0]=919.9139, toolType[0]=TOOL_TYPE_MOUSE, buttonState=0, metaState=0, flags=0x0, edgeFlags=0x0, pointerCount=1, historySize=1, eventTime=493323, downTime=475683, deviceId=16, source=0x2002 }
12-16 02:36:18.169  3317  3317 D InputEventConsistencyVerifier:   4: sent at 493307083000, MotionEvent { action=ACTION_HOVER_MOVE, id[0]=0, x[0]=23.310001, y[0]=920.9139, toolType[0]=TOOL_TYPE_MOUSE, buttonState=0, metaState=0, flags=0x0, edgeFlags=0x0, pointerCount=1, historySize=1, eventTime=493307, downTime=475683, deviceId=16, source=0x2002 }
12-16 02:36:18.169  3317  3317 D InputEventConsistencyVerifier:   5: sent at 493291089000, MotionEvent { action=ACTION_HOVER_MOVE, id[0]=0, x[0]=25.310001, y[0]=922.9139, toolType[0]=TOOL_TYPE_MOUSE, buttonState=0, metaState=0, flags=0x0, edgeFlags=0x0, pointerCount=1, historySize=1, eventTime=493291, downTime=475683, deviceId=16, source=0x2002 }
12-16 02:36:18.177  3317  3317 D InputEventConsistencyVerifier: TouchEvent: Touch event stream contains events from multiple sources: previous device id 0, previous source 0, new device id 16, new source 2002
12-16 02:36:18.177  3317  3317 D InputEventConsistencyVerifier:   in com.cyanogenmod.filemanager.ui.widgets.ScrimInsetsFrameLayout{29a2a3c0 V.E..... ........ 0,0-1920,970 #7f110099 app:id/scrimInsetsFrameLayoutNavigation}
12-16 02:36:18.177  3317  3317 D InputEventConsistencyVerifier:   0: sent at 493571080000, MotionEvent { action=ACTION_UP, id[0]=0, x[0]=22.310001, y[0]=919.9139, toolType[0]=TOOL_TYPE_MOUSE, buttonState=0, metaState=0, flags=0x0, edgeFlags=0x0, pointerCount=1, historySize=0, eventTime=493571, downTime=493403, deviceId=16, source=0x2002 }
12-16 02:36:18.177  3317  3317 D InputEventConsistencyVerifier:   -- recent events --
12-16 02:36:18.177  3317  3317 D InputEventConsistencyVerifier:   1: sent at 493563000000, MotionEvent { action=ACTION_CANCEL, id[0]=0, x[0]=0.0, y[0]=0.0, toolType[0]=TOOL_TYPE_UNKNOWN, buttonState=0, metaState=0, flags=0x80000000, edgeFlags=0x0, pointerCount=1, historySize=0, eventTime=493563, downTime=493563, deviceId=0, source=0x0 }
12-16 02:36:18.177  3317  3317 D InputEventConsistencyVerifier:   2: sent at 493403135000, MotionEvent { action=ACTION_DOWN, id[0]=0, x[0]=22.310001, y[0]=919.9139, toolType[0]=TOOL_TYPE_MOUSE, buttonState=BUTTON_PRIMARY, metaState=0, flags=0x0, edgeFlags=0x0, pointerCount=1, historySize=0, eventTime=493403, downTime=493403, deviceId=16, source=0x2002 }
12-16 02:36:18.177  3317  3317 D InputEventConsistencyVerifier:   3: sent at 493403135000, MotionEvent { action=ACTION_HOVER_EXIT, id[0]=0, x[0]=22.310001, y[0]=919.9139, toolType[0]=TOOL_TYPE_MOUSE, buttonState=BUTTON_PRIMARY, metaState=0, flags=0x0, edgeFlags=0x0, pointerCount=1, historySize=0, eventTime=493403, downTime=493403, deviceId=16, source=0x2002 }
12-16 02:36:18.177  3317  3317 D InputEventConsistencyVerifier:   4: sent at 493323083000, MotionEvent { action=ACTION_HOVER_MOVE, id[0]=0, x[0]=22.310001, y[0]=919.9139, toolType[0]=TOOL_TYPE_MOUSE, buttonState=0, metaState=0, flags=0x0, edgeFlags=0x0, pointerCount=1, historySize=1, eventTime=493323, downTime=475683, deviceId=16, source=0x2002 }
12-16 02:36:18.177  3317  3317 D InputEventConsistencyVerifier:   5: sent at 493307083000, MotionEvent { action=ACTION_HOVER_MOVE, id[0]=0, x[0]=23.310001, y[0]=920.9139, toolType[0]=TOOL_TYPE_MOUSE, buttonState=0, metaState=0, flags=0x0, edgeFlags=0x0, pointerCount=1, historySize=1, eventTime=493307, downTime=475683, deviceId=16, source=0x2002 }
12-16 02:36:18.986  3317  3317 D InputEventConsistencyVerifier: TouchEvent: ACTION_DOWN but pointers are already down.  Probably missing ACTION_UP from previous gesture.
12-16 02:36:18.986  3317  3317 D InputEventConsistencyVerifier:   in android.widget.LinearLayout{2ea468f9 V.E..... ........ 0,0-1920,970 #7f11009a app:id/navigation_layout}
12-16 02:36:18.986  3317  3317 D InputEventConsistencyVerifier:   0: sent at 494379136000, MotionEvent { action=ACTION_DOWN, id[0]=0, x[0]=35.31, y[0]=931.9139, toolType[0]=TOOL_TYPE_MOUSE, buttonState=BUTTON_PRIMARY, metaState=0, flags=0x0, edgeFlags=0x0, pointerCount=1, historySize=0, eventTime=494379, downTime=494379, deviceId=16, source=0x2002 }
12-16 02:36:18.986  3317  3317 D InputEventConsistencyVerifier:   -- recent events --
12-16 02:36:18.986  3317  3317 D InputEventConsistencyVerifier:   1: sent at 494379136000, MotionEvent { action=ACTION_HOVER_EXIT, id[0]=0, x[0]=35.31, y[0]=931.9139, toolType[0]=TOOL_TYPE_MOUSE, buttonState=BUTTON_PRIMARY, metaState=0, flags=0x0, edgeFlags=0x0, pointerCount=1, historySize=0, eventTime=494379, downTime=494379, deviceId=16, source=0x2002 }
12-16 02:36:18.986  3317  3317 D InputEventConsistencyVerifier:   2: sent at 494283140000, MotionEvent { action=ACTION_HOVER_MOVE, id[0]=0, x[0]=35.31, y[0]=931.9139, toolType[0]=TOOL_TYPE_MOUSE, buttonState=0, metaState=0, flags=0x0, edgeFlags=0x0, pointerCount=1, historySize=0, eventTime=494283, downTime=493403, deviceId=16, source=0x2002 }
12-16 02:36:18.986  3317  3317 D InputEventConsistencyVerifier:   3: sent at 494147084000, MotionEvent { action=ACTION_HOVER_MOVE, id[0]=0, x[0]=35.31, y[0]=932.9139, toolType[0]=TOOL_TYPE_MOUSE, buttonState=0, metaState=0, flags=0x0, edgeFlags=0x0, pointerCount=1, historySize=0, eventTime=494147, downTime=493403, deviceId=16, source=0x2002 }
12-16 02:36:18.986  3317  3317 D InputEventConsistencyVerifier:   4: sent at 494139084000, MotionEvent { action=ACTION_HOVER_MOVE, id[0]=0, x[0]=36.31, y[0]=932.9139, toolType[0]=TOOL_TYPE_MOUSE, buttonState=0, metaState=0, flags=0x0, edgeFlags=0x0, pointerCount=1, historySize=1, eventTime=494139, downTime=493403, deviceId=16, source=0x2002 }
12-16 02:36:18.986  3317  3317 D InputEventConsistencyVerifier:   5: sent at 494123087000, MotionEvent { action=ACTION_HOVER_MOVE, id[0]=0, x[0]=39.31, y[0]=933.9139, toolType[0]=TOOL_TYPE_MOUSE, buttonState=0, metaState=0, flags=0x0, edgeFlags=0x0, pointerCount=1, historySize=0, eventTime=494123, downTime=493403, deviceId=16, source=0x2002 }
12-16 02:36:19.194  2166  2224 W AudioTrack: AUDIO_OUTPUT_FLAG_FAST denied by client
12-16 02:36:19.206  1899  2163 D audio_hw_primary: found out /dev/snd/pcmC0D0p
12-16 02:36:19.648  3405  3405 W linker  : [vdso]: unused DT entry: type 0x6ffffef5 arg 0x160
12-16 02:36:21.803  2166  2224 W AudioTrack: AUDIO_OUTPUT_FLAG_FAST denied by client
12-16 02:36:21.805  3407  3407 W linker  : [vdso]: unused DT entry: type 0x6ffffef5 arg 0x160
12-16 02:36:21.808  3408  3408 W linker  : [vdso]: unused DT entry: type 0x6ffffef5 arg 0x160
12-16 02:36:21.811  3409  3409 W linker  : [vdso]: unused DT entry: type 0x6ffffef5 arg 0x160
12-16 02:36:21.821  2166  2570 V WindowManager: not Base app: Adding window Window{100edf03 u0 com.cyanogenmod.filemanager/com.cyanogenmod.filemanager.activities.NavigationActivity} at 3 of 8
12-16 02:36:24.660  3410  3410 W linker  : [vdso]: unused DT entry: type 0x6ffffef5 arg 0x160
12-16 02:36:25.899  2166  2224 W AudioTrack: AUDIO_OUTPUT_FLAG_FAST denied by client
12-16 02:36:25.912  1899  2163 D audio_hw_primary: found out /dev/snd/pcmC0D0p
12-16 02:36:25.916  3317  3353 D OpenGLRenderer: endAllStagingAnimators on 0x7f0cf222c400 (RippleDrawable) with handle 0x7f0cf2d129a0
12-16 02:36:25.919  2166  2570 W InputMethodManagerService: Window already focused, ignoring focus gain of: com.android.internal.view.IInputMethodClient$Stub$Proxy@c16685f attribute=null, token = android.os.BinderProxy@11d65705
12-16 02:36:28.827  2166  2224 W AudioTrack: AUDIO_OUTPUT_FLAG_FAST denied by client
12-16 02:36:28.859  2166  2589 I art     : Explicit concurrent mark sweep GC freed 24045(1515KB) AllocSpace objects, 20(320KB) LOS objects, 33% free, 10MB/15MB, paused 606us total 30.567ms
