12-16 02:28:31.914  2166  2166 D PackageManager: No files in app dir /system/vendor/app
12-16 02:28:31.914  2166  2166 D PackageManager: No files in app dir /oem/app
12-16 02:28:31.959  2166  2166 D PackageManager: No files in app dir /data/app
12-16 02:28:31.959  2166  2166 D PackageManager: No files in app dir /data/app-private
12-16 02:28:31.959  2166  2166 W PackageManager: Package com.android.gallery3d desires unavailable shared library com.google.android.media.effects; ignoring!
12-16 02:28:31.959  2166  2166 W PackageManager: Package com.android.gallery3d desires unavailable shared library com.google.android.media.effects; ignoring!
12-16 02:28:31.959  2166  2166 I PackageManager: Adjusting ABI for : com.android.keychain to x86_64
12-16 02:28:31.959  2166  2166 I PackageManager: Adjusting ABI for : org.zeroxlab.util.tscal to x86_64
12-16 02:28:31.959  2166  2166 I PackageManager: Adjusting ABI for : com.android.location.fused to x86_64
12-16 02:28:31.959  2166  2166 I PackageManager: Adjusting ABI for : com.android.providers.settings to x86_64
12-16 02:28:31.959  2166  2166 I PackageManager: Adjusting ABI for : com.android.settings to x86_64
12-16 02:28:31.960  2166  2166 I PackageManager: Adjusting ABI for : com.android.server.telecom to x86_64
12-16 02:28:31.960  2166  2166 I PackageManager: Adjusting ABI for : com.android.inputdevices to x86_64
12-16 02:28:31.960  2166  2166 I PackageManager: Time to scan packages: 2.809 seconds
12-16 02:28:31.960  2166  2166 W PackageManager: Unknown permission com.google.android.googleapps.permission.GOOGLE_AUTH in package com.android.providers.calendar
12-16 02:28:31.960  2166  2166 W PackageManager: Unknown permission com.google.android.googleapps.permission.GOOGLE_AUTH.cl in package com.android.providers.calendar
12-16 02:28:31.960  2166  2166 W PackageManager: Not granting permission android.permission.GLOBAL_SEARCH to package com.android.quicksearchbox (protectionLevel=18 flags=0x8be45)
12-16 02:28:31.960  2166  2166 W PackageManager: Not granting permission android.permission.ACCESS_DOWNLOAD_MANAGER to package com.android.browser (protectionLevel=18 flags=0x9be45)
12-16 02:28:31.960  2166  2166 W PackageManager: Not granting permission android.permission.SEND_DOWNLOAD_COMPLETED_INTENTS to package com.android.browser (protectionLevel=2 flags=0x9be45)
12-16 02:28:31.960  2166  2166 W PackageManager: Not granting permission android.permission.BIND_WALLPAPER to package com.android.camera2 (protectionLevel=18 flags=0x58bc45)
12-16 02:28:31.960  2166  2166 W PackageManager: Unknown permission android.permission.INSTALL_DRM in package com.android.mms
12-16 02:28:31.960  2166  2166 W PackageManager: Not granting permission android.permission.BIND_APPWIDGET to package com.android.launcher3 (protectionLevel=18 flags=0x483e45)
12-16 02:28:31.960  2166  2166 W PackageManager: Unknown permission com.android.launcher.permission.READ_SETTINGS in package com.android.launcher3
12-16 02:28:31.960  2166  2166 W PackageManager: Unknown permission com.android.launcher.permission.WRITE_SETTINGS in package com.android.launcher3
12-16 02:28:31.961  2166  2166 W PackageManager: Unknown permission com.google.android.googleapps.permission.GOOGLE_AUTH.mail in package com.android.calendar
12-16 02:28:31.961  2166  2166 W PackageManager: Unknown permission com.android.launcher.permission.READ_SETTINGS in package com.android.onetimeinitializer
12-16 02:28:31.961  2166  2166 W PackageManager: Unknown permission com.android.launcher.permission.WRITE_SETTINGS in package com.android.onetimeinitializer
12-16 02:28:31.961  2166  2166 W PackageManager: Not granting permission android.permission.DELETE_PACKAGES to package com.svox.pico (protectionLevel=18 flags=0x8be45)
12-16 02:28:31.961  2166  2166 W PackageManager: Unknown permission com.cyanogenmod.filemanager.permissions.READ_THEME in package com.cyanogenmod.filemanager
12-16 02:28:31.961  2166  2166 W PackageManager: Unknown permission com.google.android.googleapps.permission.GOOGLE_AUTH in package com.android.settings
12-16 02:28:31.961  2166  2166 W PackageManager: Unknown permission com.android.launcher.permission.READ_SETTINGS in package com.android.settings
12-16 02:28:31.961  2166  2166 W PackageManager: Unknown permission com.android.launcher.permission.WRITE_SETTINGS in package com.android.settings
12-16 02:28:31.961  2166  2166 W PackageManager: Unknown permission com.android.smspush.WAPPUSH_MANAGER_BIND in package com.android.phone
12-16 02:28:31.961  2166  2166 W PackageManager: Not granting permission android.permission.DEVICE_POWER to package com.android.deskclock (protectionLevel=2 flags=0x48be45)
12-16 02:28:31.961  2166  2166 W PackageManager: Unknown permission com.google.android.gallery3d.permission.GALLERY_PROVIDER in package com.android.bluetooth
12-16 02:28:31.961  2166  2166 W PackageManager: Unknown permission com.google.android.googleapps.permission.ACCESS_GOOGLE_PASSWORD in package com.android.development
12-16 02:28:31.961  2166  2166 W PackageManager: Unknown permission com.google.android.googleapps.permission.GOOGLE_AUTH in package com.android.development
12-16 02:28:31.961  2166  2166 W PackageManager: Unknown permission com.google.android.googleapps.permission.GOOGLE_AUTH.ALL_SERVICES in package com.android.development
12-16 02:28:31.961  2166  2166 W PackageManager: Unknown permission com.google.android.googleapps.permission.GOOGLE_AUTH.YouTubeUser in package com.android.development
12-16 02:28:32.088  2166  2166 I art     : Explicit concurrent mark sweep GC freed 38072(1878KB) AllocSpace objects, 2(32KB) LOS objects, 33% free, 4MB/6MB, paused 538us total 18.701ms
12-16 02:28:32.088  2166  2166 I SystemServer: User Service
12-16 02:28:32.117  1888  1888 I lowmemorykiller: ActivityManager connected
12-16 02:28:32.118  2166  2166 I SystemServiceManager: Starting com.android.server.lights.LightsService
12-16 02:28:32.136  2166  2166 E lights  : Unable to detect max_brightness. Try to set backlight.max_brightness_file
12-16 02:28:32.136  2166  2166 I SystemServiceManager: Starting com.android.server.BatteryService
12-16 02:28:32.143  2166  2166 I SystemServiceManager: Starting com.android.server.usage.UsageStatsService
12-16 02:28:32.190  2166  2166 I UsageStatsService: User[0] Rollover scheduled @ 2015-12-17 00:00:00(1450310400000)
12-16 02:28:32.190  2166  2166 I SystemServiceManager: Starting com.android.server.webkit.WebViewUpdateService
12-16 02:28:32.215  2166  2166 I SystemServer: Reading configuration...
12-16 02:28:32.215  2166  2166 I SystemServer: Scheduling Policy
12-16 02:28:32.216  2166  2166 I SystemServiceManager: Starting com.android.server.telecom.TelecomLoaderService
12-16 02:28:32.220  2166  2166 I SystemServer: Telephony Registry
12-16 02:28:32.234  2166  2166 I SystemServer: Entropy Mixer
12-16 02:28:32.235  2166  2166 I EntropyMixer: Writing entropy...
12-16 02:28:32.259  2166  2166 I SystemServer: Account Manager
12-16 02:28:32.292  2166  2166 I SystemServer: Content Manager
12-16 02:28:32.322  2166  2166 I SystemServer: System Content Providers
12-16 02:28:32.456  2166  2166 I SystemServer: Vibrator Service
12-16 02:28:32.457  2166  2166 I SystemServer: Consumer IR Service
12-16 02:28:32.457  2166  2166 E ConsumerIrService: Can't open consumer IR HW Module, error: -2
12-16 02:28:32.462  2166  2166 I SystemServiceManager: Starting com.android.server.AlarmManagerService
12-16 02:28:32.466  2166  2166 I SystemServer: Init Watchdog
12-16 02:28:32.466  2166  2166 I SystemServer: Input Manager
12-16 02:28:32.467  2166  2166 I InputManager: Initializing input manager, mUseDevInputEventForAudioJack=true
12-16 02:28:32.507  2166  2166 I SystemServer: Window Manager
12-16 02:28:32.565  2166  2196 I WindowManager: No existing display settings /data/system/display_settings.xml; starting empty
12-16 02:28:32.574  1891  2133 D PermissionCache: checking android.permission.ACCESS_SURFACE_FLINGER for uid=1000 => granted (2050 us)
12-16 02:28:32.629  2166  2166 I InputManager: Starting input manager
12-16 02:28:32.630  2166  2166 I SystemServer: Bluetooth Manager Service
12-16 02:28:32.637  2166  2206 D EventHub: No input device configuration file found for device 'Android Power Button'.
12-16 02:28:32.648  2166  2206 W EventHub: Unable to disable kernel key repeat for /dev/input/event17: Function not implemented
12-16 02:28:32.648  2166  2206 I EventHub: New device: id=1, fd=75, path='/dev/input/event17', name='Android Power Button', classes=0x1, configuration='', keyLayout='/system/usr/keylayout/Generic.kl', keyCharacterMap='/system/usr/keychars/Generic.kcm', builtinKeyboard=false, wakeMechanism=EPOLLWAKEUP, usingClockIoctl=true
12-16 02:28:32.648  2166  2206 I EventHub: ignoring event id /dev/input/event2 driver Power Button
12-16 02:28:32.653  2166  2206 D EventHub: No input device configuration file found for device 'Sleep Button'.
12-16 02:28:32.656  2166  2206 W EventHub: Unable to disable kernel key repeat for /dev/input/event0: Function not implemented
12-16 02:28:32.656  2166  2206 I EventHub: New device: id=2, fd=76, path='/dev/input/event0', name='Sleep Button', classes=0x1, configuration='', keyLayout='/system/usr/keylayout/Generic.kl', keyCharacterMap='/system/usr/keychars/Generic.kcm', builtinKeyboard=false, wakeMechanism=EPOLLWAKEUP, usingClockIoctl=true
12-16 02:28:32.656  2166  2206 I EventHub: ignoring event id /dev/input/event1 driver Power Button
12-16 02:28:32.662  2166  2206 D EventHub: No input device configuration file found for device 'Video Bus'.
12-16 02:28:32.665  2166  2206 W EventHub: Unable to disable kernel key repeat for /dev/input/event6: Function not implemented
12-16 02:28:32.665  2166  2206 I EventHub: New device: id=3, fd=77, path='/dev/input/event6', name='Video Bus', classes=0x1, configuration='', keyLayout='/system/usr/keylayout/Generic.kl', keyCharacterMap='/system/usr/keychars/Generic.kcm', builtinKeyboard=false, wakeMechanism=EPOLLWAKEUP, usingClockIoctl=true
12-16 02:28:32.665  2166  2206 D EventHub: No input device configuration file found for device 'PC Speaker'.
12-16 02:28:32.665  2166  2166 D BluetoothManagerService: Loading stored name and address
12-16 02:28:32.665  2166  2166 D BluetoothManagerService: Stored bluetooth Name=null,Address=null
12-16 02:28:32.666  2166  2166 I SystemServer: Input Method Service
12-16 02:28:32.679  2166  2166 W InputMethodManagerService: Couldn't create dir.: /data/system/inputmethod
12-16 02:28:32.683  2166  2206 D EventHub: No input device configuration file found for device 'Eee PC WMI hotkeys'.
12-16 02:28:32.686  2166  2206 I EventHub: New device: id=5, fd=78, path='/dev/input/event16', name='Eee PC WMI hotkeys', classes=0x1, configuration='', keyLayout='/system/usr/keylayout/Generic.kl', keyCharacterMap='/system/usr/keychars/Generic.kcm', builtinKeyboard=false, wakeMechanism=EPOLLWAKEUP, usingClockIoctl=true
12-16 02:28:32.736  2166  2206 E EventHub: could not get driver version for /dev/input/mice, Not a typewriter
12-16 02:28:32.747  2166  2206 D EventHub: No input device configuration file found for device 'HDA Intel PCH HDMI/DP,pcm=8'.
12-16 02:28:32.747  2166  2206 I EventHub: New device: id=6, fd=79, path='/dev/input/event15', name='HDA Intel PCH HDMI/DP,pcm=8', classes=0x80, configuration='', keyLayout='', keyCharacterMap='', builtinKeyboard=false, wakeMechanism=EPOLLWAKEUP, usingClockIoctl=true
12-16 02:28:32.747  2166  2206 D EventHub: No input device configuration file found for device 'HDA Intel PCH HDMI/DP,pcm=7'.
12-16 02:28:32.747  2166  2206 I EventHub: New device: id=7, fd=81, path='/dev/input/event14', name='HDA Intel PCH HDMI/DP,pcm=7', classes=0x80, configuration='', keyLayout='', keyCharacterMap='', builtinKeyboard=false, wakeMechanism=EPOLLWAKEUP, usingClockIoctl=true
12-16 02:28:32.748  2166  2206 D EventHub: No input device configuration file found for device 'HDA Intel PCH HDMI/DP,pcm=3'.
12-16 02:28:32.748  2166  2206 I EventHub: New device: id=8, fd=82, path='/dev/input/event13', name='HDA Intel PCH HDMI/DP,pcm=3', classes=0x80, configuration='', keyLayout='', keyCharacterMap='', builtinKeyboard=false, wakeMechanism=EPOLLWAKEUP, usingClockIoctl=true
12-16 02:28:32.748  2166  2206 D EventHub: No input device configuration file found for device 'HDA Intel PCH Front Headphone'.
12-16 02:28:32.748  2166  2206 I EventHub: New device: id=9, fd=83, path='/dev/input/event12', name='HDA Intel PCH Front Headphone', classes=0x80, configuration='', keyLayout='', keyCharacterMap='', builtinKeyboard=false, wakeMechanism=EPOLLWAKEUP, usingClockIoctl=true
12-16 02:28:32.748  2166  2206 D EventHub: No input device configuration file found for device 'HDA Intel PCH Line Out'.
12-16 02:28:32.748  2166  2206 I EventHub: New device: id=10, fd=84, path='/dev/input/event11', name='HDA Intel PCH Line Out', classes=0x80, configuration='', keyLayout='', keyCharacterMap='', builtinKeyboard=false, wakeMechanism=EPOLLWAKEUP, usingClockIoctl=true
12-16 02:28:32.748  2166  2206 D EventHub: No input device configuration file found for device 'HDA Intel PCH Line'.
12-16 02:28:32.748  2166  2206 I EventHub: New device: id=11, fd=85, path='/dev/input/event10', name='HDA Intel PCH Line', classes=0x80, configuration='', keyLayout='', keyCharacterMap='', builtinKeyboard=false, wakeMechanism=EPOLLWAKEUP, usingClockIoctl=true
12-16 02:28:32.748  2166  2206 D EventHub: No input device configuration file found for device 'HDA Intel PCH Rear Mic'.
12-16 02:28:32.748  2166  2206 I EventHub: New device: id=12, fd=86, path='/dev/input/event9', name='HDA Intel PCH Rear Mic', classes=0x80, configuration='', keyLayout='', keyCharacterMap='', builtinKeyboard=false, wakeMechanism=EPOLLWAKEUP, usingClockIoctl=true
12-16 02:28:32.748  2166  2206 D EventHub: No input device configuration file found for device 'HDA Intel PCH Front Mic'.
12-16 02:28:32.748  2166  2206 I EventHub: New device: id=13, fd=87, path='/dev/input/event8', name='HDA Intel PCH Front Mic', classes=0x80, configuration='', keyLayout='', keyCharacterMap='', builtinKeyboard=false, wakeMechanism=EPOLLWAKEUP, usingClockIoctl=true
12-16 02:28:32.748  2166  2206 D EventHub: No input device configuration file found for device 'SONiX USB Keyboard'.
12-16 02:28:32.750  2166  2166 I SystemServer: Accessibility Manager
12-16 02:28:32.750  2166  2206 W EventHub: Unable to disable kernel key repeat for /dev/input/event5: Function not implemented
12-16 02:28:32.750  2166  2206 I EventHub: New device: id=14, fd=88, path='/dev/input/event5', name='SONiX USB Keyboard', classes=0x80000121, configuration='', keyLayout='/system/usr/keylayout/Generic.kl', keyCharacterMap='/system/usr/keychars/Generic.kcm', builtinKeyboard=false, wakeMechanism=EPOLLWAKEUP, usingClockIoctl=true
12-16 02:28:32.750  2166  2206 D EventHub: No input device configuration file found for device 'SONiX USB Keyboard'.
12-16 02:28:32.753  2166  2206 I EventHub: New device: id=15, fd=89, path='/dev/input/event4', name='SONiX USB Keyboard', classes=0x80000003, configuration='', keyLayout='/system/usr/keylayout/Generic.kl', keyCharacterMap='/system/usr/keychars/Generic.kcm', builtinKeyboard=false, wakeMechanism=EPOLLWAKEUP, usingClockIoctl=true
12-16 02:28:32.759  2166  2166 I ActivityManager: Config changes=1df8 {1.0 ?mcc?mnc en_US ?layoutDir sw720dp w1280dp h720dp 240dpi xlrg long land ?uimode ?night -touch -keyb/v/h -nav/h s.2}
12-16 02:28:32.772  2166  2166 I ActivityManager: Config changes=500 {1.0 ?mcc?mnc en_US ?layoutDir sw720dp w1280dp h646dp 240dpi lrg long land ?uimode ?night -touch -keyb/v/h -nav/h s.3}
12-16 02:28:32.772  2166  2166 I SystemServer: Mount Service
12-16 02:28:32.774  2166  2166 D MountService: got storage path: null description: Internal storage primary: true removable: false emulated: true mtpReserve: 100 allowMassStorage: false maxFileSize: 0
12-16 02:28:32.775  2166  2166 D MountService: addVolumeLocked() StorageVolume:
12-16 02:28:32.775  2166  2166 D MountService:     mStorageId=65537 mPath=/storage/emulated/0 mDescriptionId=17040805 
12-16 02:28:32.775  2166  2166 D MountService:     mPrimary=true mRemovable=false mEmulated=true mMtpReserveSpace=100 
12-16 02:28:32.775  2166  2166 D MountService:     mAllowMassStorage=false mMaxFileSize=0 mOwner=UserHandle{0} mUuid=null 
12-16 02:28:32.775  2166  2166 D MountService:     mUserLabel=null mState=null 
12-16 02:28:32.775  2166  2166 D MountService: got storage path: /storage/sdcard1 description: SD card primary: false removable: true emulated: false mtpReserve: 0 allowMassStorage: false maxFileSize: 4294967296
12-16 02:28:32.775  2166  2166 D MountService: addVolumeLocked() StorageVolume:
12-16 02:28:32.775  2166  2166 D MountService:     mStorageId=0 mPath=/storage/sdcard1 mDescriptionId=17040806 mPrimary=false 
12-16 02:28:32.775  2166  2166 D MountService:     mRemovable=true mEmulated=false mMtpReserveSpace=0 mAllowMassStorage=false 
12-16 02:28:32.775  2166  2166 D MountService:     mMaxFileSize=4294967296 mOwner=null mUuid=null mUserLabel=null mState=null 
12-16 02:28:32.775  2166  2166 D MountService: got storage path: /storage/usb0 description: USB storage primary: false removable: true emulated: false mtpReserve: 0 allowMassStorage: false maxFileSize: 4294967296
12-16 02:28:32.775  2166  2166 D MountService: addVolumeLocked() StorageVolume:
12-16 02:28:32.775  2166  2166 D MountService:     mStorageId=0 mPath=/storage/usb0 mDescriptionId=17040807 mPrimary=false 
12-16 02:28:32.775  2166  2166 D MountService:     mRemovable=true mEmulated=false mMtpReserveSpace=0 mAllowMassStorage=false 
12-16 02:28:32.775  2166  2166 D MountService:     mMaxFileSize=4294967296 mOwner=null mUuid=null mUserLabel=null mState=null 
12-16 02:28:32.775  2166  2166 D MountService: got storage path: /storage/usb1 description: USB storage primary: false removable: true emulated: false mtpReserve: 0 allowMassStorage: false maxFileSize: 4294967296
12-16 02:28:32.775  2166  2166 D MountService: addVolumeLocked() StorageVolume:
12-16 02:28:32.775  2166  2166 D MountService:     mStorageId=0 mPath=/storage/usb1 mDescriptionId=17040807 mPrimary=false 
12-16 02:28:32.775  2166  2166 D MountService:     mRemovable=true mEmulated=false mMtpReserveSpace=0 mAllowMassStorage=false 
12-16 02:28:32.775  2166  2166 D MountService:     mMaxFileSize=4294967296 mOwner=null mUuid=null mUserLabel=null mState=null 
12-16 02:28:32.775  2166  2166 D MountService: got storage path: /storage/usb2 description: USB storage primary: false removable: true emulated: false mtpReserve: 0 allowMassStorage: false maxFileSize: 4294967296
12-16 02:28:32.775  2166  2166 D MountService: addVolumeLocked() StorageVolume:
12-16 02:28:32.775  2166  2166 D MountService:     mStorageId=0 mPath=/storage/usb2 mDescriptionId=17040807 mPrimary=false 
12-16 02:28:32.775  2166  2166 D MountService:     mRemovable=true mEmulated=false mMtpReserveSpace=0 mAllowMassStorage=false 
12-16 02:28:32.775  2166  2166 D MountService:     mMaxFileSize=4294967296 mOwner=null mUuid=null mUserLabel=null mState=null 
12-16 02:28:32.775  2166  2166 D MountService: got storage path: /storage/usb3 description: USB storage primary: false removable: true emulated: false mtpReserve: 0 allowMassStorage: false maxFileSize: 4294967296
12-16 02:28:32.775  2166  2166 D MountService: addVolumeLocked() StorageVolume:
12-16 02:28:32.775  2166  2166 D MountService:     mStorageId=0 mPath=/storage/usb3 mDescriptionId=17040807 mPrimary=false 
12-16 02:28:32.775  2166  2166 D MountService:     mRemovable=true mEmulated=false mMtpReserveSpace=0 mAllowMassStorage=false 
12-16 02:28:32.775  2166  2166 D MountService:     mMaxFileSize=4294967296 mOwner=null mUuid=null mUserLabel=null mState=null 
12-16 02:28:32.778  2166  2166 I SystemServer: LockSettingsService
12-16 02:28:32.779  1899  1899 I AudioFlinger: Using module 1 has the primary audio interface
12-16 02:28:32.779  1899  2210 I AudioFlinger: AudioFlinger's thread 0xf5ca4000 ready to run
12-16 02:28:32.780  1899  2211 I AudioFlinger: AudioFlinger's thread 0xf5d3a000 ready to run
12-16 02:28:32.793  1899  1899 D BlueZ   : external/bluetooth/bluez/android/hal-audio.c:audio_open() 
12-16 02:28:32.793  1899  1899 D BlueZ   : external/bluetooth/bluez/android/hal-audio.c:audio_ipc_init() 
12-16 02:28:32.793  1899  2212 D BlueZ   : external/bluetooth/bluez/android/hal-audio.c:ipc_handler() 
12-16 02:28:32.793  1899  2212 D BlueZ   : external/bluetooth/bluez/android/hal-audio.c:ipc_handler() Waiting for connection ...
12-16 02:28:32.793  1899  1899 E BlueZ   : APTX: failed to open library libbt-aptx.so (dlopen failed: library "libbt-aptx.so" not found)
12-16 02:28:32.793  1899  1899 D BlueZ   : external/bluetooth/bluez/android/hal-audio.c:audio_init_check() 
12-16 02:28:32.793  1899  1899 D BlueZ   : external/bluetooth/bluez/android/hal-audio.c:audio_set_master_volume() 
12-16 02:28:32.793  1899  1899 D BlueZ   : external/bluetooth/bluez/android/hal-audio.c:set_master_mute() 
12-16 02:28:32.793  1899  1899 I AudioFlinger: loadHwModule() Loaded a2dp audio interface from A2DP Bluez HW HAL (audio) handle 4
12-16 02:28:32.794  1899  1899 I AudioFlinger: loadHwModule() Loaded usb audio interface from USB audio HW HAL (audio) handle 5
12-16 02:28:32.795  1899  1899 E SoundTriggerHwService: couldn't load sound trigger module sound_trigger.primary (No such file or directory)
12-16 02:28:32.804  2166  2206 E EventHub: could not get driver version for /dev/input/mouse0, Not a typewriter
12-16 02:28:32.805  2166  2166 I SystemServiceManager: Starting com.android.server.devicepolicy.DevicePolicyManagerService$Lifecycle
12-16 02:28:32.809  2166  2209 E MountService: Error processing initial volume state
12-16 02:28:32.809  2166  2209 E MountService: java.lang.Exception: Unexpected state 2
12-16 02:28:32.809  2166  2209 E MountService: 	at com.android.server.MountService$3.run(MountService.java:835)
12-16 02:28:32.829  2166  2166 I SystemServer: Status Bar
12-16 02:28:32.849  2166  2209 I PackageManager: No secure containers found
12-16 02:28:32.849  2166  2209 W PackageManager: Unknown permission com.google.android.googleapps.permission.GOOGLE_AUTH in package com.android.providers.calendar
12-16 02:28:32.849  2166  2209 W PackageManager: Unknown permission com.google.android.googleapps.permission.GOOGLE_AUTH.cl in package com.android.providers.calendar
12-16 02:28:32.849  2166  2209 W PackageManager: Not granting permission android.permission.GLOBAL_SEARCH to package com.android.quicksearchbox (protectionLevel=18 flags=0x8be45)
12-16 02:28:32.849  2166  2209 W PackageManager: Not granting permission android.permission.ACCESS_DOWNLOAD_MANAGER to package com.android.browser (protectionLevel=18 flags=0x9be45)
12-16 02:28:32.849  2166  2209 W PackageManager: Not granting permission android.permission.SEND_DOWNLOAD_COMPLETED_INTENTS to package com.android.browser (protectionLevel=2 flags=0x9be45)
12-16 02:28:32.849  2166  2209 W PackageManager: Not granting permission android.permission.BIND_WALLPAPER to package com.android.camera2 (protectionLevel=18 flags=0x58bc45)
12-16 02:28:32.849  2166  2209 W PackageManager: Unknown permission android.permission.INSTALL_DRM in package com.android.mms
12-16 02:28:32.849  2166  2209 W PackageManager: Not granting permission android.permission.BIND_APPWIDGET to package com.android.launcher3 (protectionLevel=18 flags=0x483e45)
12-16 02:28:32.849  2166  2209 W PackageManager: Unknown permission com.android.launcher.permission.READ_SETTINGS in package com.android.launcher3
12-16 02:28:32.849  2166  2209 W PackageManager: Unknown permission com.android.launcher.permission.WRITE_SETTINGS in package com.android.launcher3
12-16 02:28:32.849  2166  2209 W PackageManager: Unknown permission com.google.android.googleapps.permission.GOOGLE_AUTH.mail in package com.android.calendar
12-16 02:28:32.849  2166  2209 W PackageManager: Unknown permission com.android.launcher.permission.READ_SETTINGS in package com.android.onetimeinitializer
12-16 02:28:32.849  2166  2209 W PackageManager: Unknown permission com.android.launcher.permission.WRITE_SETTINGS in package com.android.onetimeinitializer
12-16 02:28:32.849  2166  2209 W PackageManager: Not granting permission android.permission.DELETE_PACKAGES to package com.svox.pico (protectionLevel=18 flags=0x8be45)
12-16 02:28:32.849  2166  2209 W PackageManager: Unknown permission com.cyanogenmod.filemanager.permissions.READ_THEME in package com.cyanogenmod.filemanager
12-16 02:28:32.849  2166  2209 W PackageManager: Unknown permission com.google.android.googleapps.permission.GOOGLE_AUTH in package com.android.settings
12-16 02:28:32.849  2166  2209 W PackageManager: Unknown permission com.android.launcher.permission.READ_SETTINGS in package com.android.settings
12-16 02:28:32.849  2166  2209 W PackageManager: Unknown permission com.android.launcher.permission.WRITE_SETTINGS in package com.android.settings
12-16 02:28:32.849  2166  2209 W PackageManager: Unknown permission com.android.smspush.WAPPUSH_MANAGER_BIND in package com.android.phone
12-16 02:28:32.849  2166  2209 W PackageManager: Not granting permission android.permission.DEVICE_POWER to package com.android.deskclock (protectionLevel=2 flags=0x48be45)
12-16 02:28:32.850  2166  2209 W PackageManager: Unknown permission com.google.android.gallery3d.permission.GALLERY_PROVIDER in package com.android.bluetooth
12-16 02:28:32.857  2166  2185 W art     : Suspending all threads took: 7.496ms
12-16 02:28:32.862  2166  2209 W PackageManager: Unknown permission com.google.android.googleapps.permission.ACCESS_GOOGLE_PASSWORD in package com.android.development
12-16 02:28:32.862  2166  2209 W PackageManager: Unknown permission com.google.android.googleapps.permission.GOOGLE_AUTH in package com.android.development
12-16 02:28:32.862  2166  2209 W PackageManager: Unknown permission com.google.android.googleapps.permission.GOOGLE_AUTH.ALL_SERVICES in package com.android.development
12-16 02:28:32.862  2166  2209 W PackageManager: Unknown permission com.google.android.googleapps.permission.GOOGLE_AUTH.YouTubeUser in package com.android.development
12-16 02:28:32.862  2166  2166 I SystemServer: Clipboard Service
12-16 02:28:32.864  2166  2166 I SystemServer: NetworkManagement Service
12-16 02:28:32.865  2166  2185 I art     : Background sticky concurrent mark sweep GC freed 15361(1192KB) AllocSpace objects, 8(128KB) LOS objects, 16% free, 5MB/6MB, paused 12.534ms total 85.286ms
12-16 02:28:32.868  2166  2166 I SystemServer: Text Service Manager Service
12-16 02:28:32.868  2166  2206 D EventHub: No input device configuration file found for device 'USB Optical Mouse'.
12-16 02:28:32.868  2166  2206 I EventHub: New device: id=16, fd=90, path='/dev/input/event3', name='USB Optical Mouse', classes=0x80000008, configuration='', keyLayout='', keyCharacterMap='', builtinKeyboard=false, wakeMechanism=EPOLLWAKEUP, usingClockIoctl=true
12-16 02:28:32.871  2166  2206 I InputReader: Device added: id=-1, name='Virtual', sources=0x00000301
12-16 02:28:32.935  2166  2206 I InputReader: Device added: id=16, name='USB Optical Mouse', sources=0x00002002
12-16 02:28:32.935  2166  2206 I InputReader: Device added: id=15, name='SONiX USB Keyboard', sources=0x00000101
12-16 02:28:32.936  2166  2206 I InputReader: Device added: id=14, name='SONiX USB Keyboard', sources=0x01000311
12-16 02:28:32.936  2166  2206 I InputReader: Device added: id=13, name='HDA Intel PCH Front Mic', sources=0x80000000
12-16 02:28:32.936  2166  2206 I InputReader: Device added: id=12, name='HDA Intel PCH Rear Mic', sources=0x80000000
12-16 02:28:32.936  2166  2206 I InputReader: Device added: id=11, name='HDA Intel PCH Line', sources=0x80000000
12-16 02:28:32.936  2166  2206 I InputReader: Device added: id=10, name='HDA Intel PCH Line Out', sources=0x80000000
12-16 02:28:32.936  2166  2206 I InputReader: Device added: id=9, name='HDA Intel PCH Front Headphone', sources=0x80000000
12-16 02:28:32.936  2166  2206 I InputReader: Device added: id=8, name='HDA Intel PCH HDMI/DP,pcm=3', sources=0x80000000
12-16 02:28:32.936  2166  2206 I InputReader: Device added: id=7, name='HDA Intel PCH HDMI/DP,pcm=7', sources=0x80000000
12-16 02:28:32.936  2166  2206 I InputReader: Device added: id=6, name='HDA Intel PCH HDMI/DP,pcm=8', sources=0x80000000
12-16 02:28:32.936  2166  2206 I InputReader: Device added: id=5, name='Eee PC WMI hotkeys', sources=0x00000101
12-16 02:28:32.936  2166  2206 I InputReader: Device added: id=3, name='Video Bus', sources=0x00000101
12-16 02:28:32.936  2166  2206 I InputReader: Device added: id=2, name='Sleep Button', sources=0x00000101
12-16 02:28:32.936  2166  2206 I InputReader: Device added: id=1, name='Android Power Button', sources=0x00000101
12-16 02:28:32.937  2166  2206 I InputReader: Reconfiguring input devices.  changes=0x00000004
12-16 02:28:32.969  2166  2205 I ActivityManager: Config changes=70 {1.0 ?mcc?mnc en_US ?layoutDir sw720dp w1280dp h646dp 240dpi lrg long land ?uimode ?night -touch qwerty/v/v dpad/v s.4}
12-16 02:28:32.977  2166  2166 I SystemServer: Network Score Service
12-16 02:28:32.979  2166  2166 I SystemServer: NetworkStats Service
12-16 02:28:33.009  2166  2166 I SystemServer: NetworkPolicy Service
12-16 02:28:33.025  2166  2166 I SystemServiceManager: Starting com.android.server.wifi.p2p.WifiP2pService
12-16 02:28:33.092  2166  2166 I WifiP2pService: Registering wifip2p
12-16 02:28:33.093  2166  2166 I SystemServiceManager: Starting com.android.server.wifi.WifiService
12-16 02:28:33.157  2166  2166 E WifiConfigStore: associatedPartialScanPeriodMilli set to 20000
12-16 02:28:33.162  2166  2166 D WifiController: isAirplaneModeOn = false, isWifiEnabled = false, isScanningAvailable = false
12-16 02:28:33.162  2166  2166 I WifiService: Registering wifi
12-16 02:28:33.162  2166  2166 I SystemServiceManager: Starting com.android.server.wifi.WifiScanningService
12-16 02:28:33.162  2166  2166 I WifiScanningService: Creating wifiscanner
12-16 02:28:33.162  2166  2166 I WifiScanningService: Starting wifiscanner
12-16 02:28:33.163  2166  2166 I SystemServiceManager: Starting com.android.server.wifi.RttService
12-16 02:28:33.163  2166  2166 I RttService: Creating rttmanager
12-16 02:28:33.163  2166  2166 I RttService: Starting rttmanager
12-16 02:28:33.163  2166  2166 I SystemServiceManager: Starting com.android.server.ethernet.EthernetService
12-16 02:28:33.163  2166  2166 I EthernetServiceImpl: Creating EthernetConfigStore
12-16 02:28:33.167  2166  2166 E IpConfigStore: Error parsing configuration: java.io.FileNotFoundException: /data/misc/ethernet/ipconfig.txt: open failed: ENOENT (No such file or directory)
12-16 02:28:33.167  2166  2166 W EthernetConfigStore: No Ethernet configuration found. Using default.
12-16 02:28:33.167  2166  2166 I EthernetServiceImpl: Read stored IP configuration: IP assignment: DHCP
12-16 02:28:33.167  2166  2166 I EthernetServiceImpl: Proxy settings: NONE
12-16 02:28:33.167  2166  2166 I EthernetService: Registering service ethernet
12-16 02:28:33.167  2166  2166 I SystemServer: Connectivity Service
12-16 02:28:33.168  2166  2166 D ConnectivityService: ConnectivityService starting up
12-16 02:28:33.168  2166  2166 D ConnectivityService: wifiOnly=false
12-16 02:28:33.168  2166  2166 E ConnectivityService: Ignoring protectedNetwork 14
12-16 02:28:33.169  2166  2166 E ConnectivityService: Ignoring protectedNetwork 15
12-16 02:28:33.200  2166  2166 I SystemServer: Network Service Discovery Service
12-16 02:28:33.202  2166  2166 D NsdService: Network service discovery enabled true
12-16 02:28:33.202  2166  2166 I SystemServer: UpdateLock Service
12-16 02:28:33.300  2166  2166 I SystemServiceManager: Starting com.android.server.notification.NotificationManagerService
12-16 02:28:33.323  2166  2166 D ZenLog  : set_zen_mode: off,setting
12-16 02:28:33.325  2166  2166 I SystemServiceManager: Starting com.android.server.storage.DeviceStorageMonitorService
12-16 02:28:33.327  2166  2166 I SystemServer: Location Manager
12-16 02:28:33.332  2166  2166 I SystemServer: Country Detector
12-16 02:28:33.334  2166  2166 I SystemServer: Search Service
12-16 02:28:33.335  2166  2166 I SystemServer: DropBox Service
12-16 02:28:33.336  2166  2166 I SystemServer: Wallpaper Service
12-16 02:28:33.344  2166  2166 I SystemServer: Audio Service
12-16 02:28:33.357  2166  2166 W TelecomManager: Telecom Service not found.
12-16 02:28:33.358  1899  1899 D BlueZ   : external/bluetooth/bluez/android/hal-audio.c:audio_set_mic_mute() 
12-16 02:28:33.378  2166  2166 I SystemServiceManager: Starting com.android.server.DockObserver
12-16 02:28:33.378  2166  2166 W DockObserver: This kernel does not have dock station support
12-16 02:28:33.379  2166  2166 I SystemServer: Wired Accessory Manager
12-16 02:28:33.380  2166  2166 W WiredAccessoryManager: This kernel does not have usb audio support
12-16 02:28:33.380  2166  2166 W WiredAccessoryManager: This kernel does not have HDMI audio support
12-16 02:28:33.380  2166  2166 I SystemServiceManager: Starting com.android.server.usb.UsbService$Lifecycle
12-16 02:28:33.386  2166  2166 I SystemServer: Serial Service
12-16 02:28:33.386  2166  2166 I SystemServiceManager: Starting com.android.server.twilight.TwilightService
12-16 02:28:33.388  2166  2166 I SystemServiceManager: Starting com.android.server.UiModeManagerService
12-16 02:28:33.389  2166  2166 I SystemServiceManager: Starting com.android.server.job.JobSchedulerService
12-16 02:28:33.412  2166  2166 I SystemServiceManager: Starting com.android.server.backup.BackupManagerService$Lifecycle
12-16 02:28:33.413  2166  2166 I SystemServiceManager: Starting com.android.server.appwidget.AppWidgetService
12-16 02:28:33.415  2166  2166 I SystemServiceManager: Starting com.android.server.voiceinteraction.VoiceInteractionManagerService
12-16 02:28:33.417  2166  2166 W SoundTriggerHelper: listModules status=0, # of modules=0
12-16 02:28:33.417  2166  2166 I SystemServer: DiskStats Service
12-16 02:28:33.417  2166  2166 I SystemServer: SamplingProfiler Service
12-16 02:28:33.430  2166  2166 I SystemServer: NetworkTimeUpdateService
12-16 02:28:33.430  2166  2166 I SystemServer: CommonTimeManagementService
12-16 02:28:33.431  2166  2166 I SystemServer: CertBlacklister
12-16 02:28:33.432  2166  2166 I SystemServiceManager: Starting com.android.server.dreams.DreamManagerService
12-16 02:28:33.434  2166  2166 I SystemServer: Assets Atlas Service
12-16 02:28:33.436  2166  2166 I SystemServiceManager: Starting com.android.server.print.PrintManagerService
12-16 02:28:33.437  2166  2227 D AssetAtlas: Loaded configuration: SliceMinArea (768x768) flags=0x2 count=446
12-16 02:28:33.443  2166  2227 I GRALLOC-DRM: create intel for driver i915
12-16 02:28:33.446  2166  2166 I SystemServiceManager: Starting com.android.server.restrictions.RestrictionsManagerService
12-16 02:28:33.447  2166  2166 I SystemServiceManager: Starting com.android.server.media.MediaSessionService
12-16 02:28:33.448  2166  2166 I SystemServer: Media Router Service
12-16 02:28:33.448  2166  2227 I EGL-DRI2: DRI2: found extension DRI_Core version 1
12-16 02:28:33.448  2166  2227 I EGL-DRI2: DRI2: found extension DRI_DRI2 version 4
12-16 02:28:33.449  2166  2166 I SystemServiceManager: Starting com.android.server.trust.TrustManagerService
12-16 02:28:33.449  2166  2166 I SystemServiceManager: Starting com.android.server.fingerprint.FingerprintService
12-16 02:28:33.449  2166  2166 V Fingerprint-JNI: nativeInit()
12-16 02:28:33.449  2166  2166 V Fingerprint-JNI: nativeOpenHal()
12-16 02:28:33.449  2166  2166 E Fingerprint-JNI: Can't open fingerprint HW Module, error: -2
12-16 02:28:33.449  2166  2166 I SystemServer: BackgroundDexOptService
12-16 02:28:33.451  2166  2227 I EGL-DRI2: DRI2: found extension DRI_TexBuffer version 3
12-16 02:28:33.451  2166  2227 I EGL-DRI2: DRI2: found extension DRI2_Flush version 4
12-16 02:28:33.451  2166  2227 I EGL-DRI2: DRI2: found extension DRI_IMAGE version 11
12-16 02:28:33.465  2166  2227 D AssetAtlas: Rendered atlas in 18.77ms (2.40+16.38ms)
12-16 02:28:33.465  2166  2166 I SystemServiceManager: Starting com.android.server.pm.LauncherAppsService
12-16 02:28:33.465  2166  2166 I SystemServiceManager: Starting com.android.server.media.projection.MediaProjectionManagerService
12-16 02:28:33.475  2166  2185 W art     : Suspending all threads took: 5.744ms
12-16 02:28:33.479  2166  2185 I art     : Background sticky concurrent mark sweep GC freed 21703(1593KB) AllocSpace objects, 6(96KB) LOS objects, 19% free, 6MB/8MB, paused 8.458ms total 29.685ms
12-16 02:28:33.479  2166  2166 I WindowManager: SAFE MODE not enabled
12-16 02:28:33.480  2166  2166 I SystemServiceManager: Starting com.android.server.MmsServiceBroker
12-16 02:28:33.526  2166  2166 E SQLiteLog: (283) recovered 16 frames from WAL file /data/system/locksettings.db-wal
12-16 02:28:33.535  2166  2166 E LockSettingsStorage: Cannot read file java.io.FileNotFoundException: /data/system/password.key: open failed: ENOENT (No such file or directory)
12-16 02:28:33.535  2166  2166 E LockSettingsStorage: Cannot read file java.io.FileNotFoundException: /data/system/gesture.key: open failed: ENOENT (No such file or directory)
12-16 02:28:33.535  2166  2166 I SystemServiceManager: Starting phase 480
12-16 02:28:33.539  2166  2166 I SystemServiceManager: Starting phase 500
12-16 02:28:33.539  2166  2166 I WifiService: WifiService starting up with Wi-Fi disabled
12-16 02:28:33.544  2166  2219 D WifiService: New client listening to asynchronous messages
12-16 02:28:33.545  2166  2166 I WifiScanningService: Registering wifiscanner
12-16 02:28:33.548  2166  2166 D WifiScanningService: New client, channel: null messenger: null
12-16 02:28:33.548  2166  2166 I RttService: Registering rttmanager
12-16 02:28:33.548  2166  2231 D WifiChangeStateMachine: Entering IdleState
12-16 02:28:33.548  2166  2231 D WifiScanningService: DefaultState
12-16 02:28:33.550  2166  2166 I EthernetServiceImpl: Starting Ethernet service
12-16 02:28:33.552  2166  2166 D Ethernet: Registering NetworkFactory
12-16 02:28:33.552  2166  2220 D ConnectivityService: Got NetworkFactory Messenger for Ethernet
12-16 02:28:33.553  2166  2233 D Ethernet: got request NetworkRequest [ id=1, legacyType=-1, [ Capabilities: INTERNET&NOT_RESTRICTED&TRUSTED&NOT_VPN] ] with score 0
12-16 02:28:33.553  2166  2166 D EthernetNetworkFactory: Started tracking interface eth0
12-16 02:28:33.554  1894  2126 D CommandListener: Setting iface cfg
12-16 02:28:33.555  1894  2126 D CommandListener: Trying to bring up eth0
12-16 02:28:33.584  2166  2193 D EthernetNetworkFactory: updateInterface: eth0 link down
12-16 02:28:33.600  2166  2166 I ActivityManager: Config changes=200 {1.0 ?mcc?mnc en_US ?layoutDir sw720dp w1280dp h646dp 240dpi lrg long land -touch qwerty/v/v dpad/v s.5}
12-16 02:28:33.620  2166  2166 V BackupManagerService: No ancestral data
12-16 02:28:33.621  2166  2166 D BackupManagerService: Now staging backup of com.android.browser
12-16 02:28:33.651  2166  2166 D BackupManagerService: Now staging backup of android
12-16 02:28:33.667  2166  2166 D BackupManagerService: Now staging backup of com.android.calendar
12-16 02:28:33.684  2166  2166 D BackupManagerService: Now staging backup of com.android.providers.settings
12-16 02:28:33.701  2166  2166 D BackupManagerService: Now staging backup of com.android.sharedstoragebackup
12-16 02:28:33.717  2166  2166 D BackupManagerService: Now staging backup of com.android.dialer
12-16 02:28:33.734  2166  2166 D BackupManagerService: Now staging backup of com.android.providers.userdictionary
12-16 02:28:33.751  2166  2166 V BackupManagerService: Starting with transport android/com.android.internal.backup.LocalTransport
12-16 02:28:33.751  2166  2166 V BackupManagerService: Found transports: 1
12-16 02:28:33.751  2166  2166 I BackupManagerService: Binding to transport host ComponentInfo{android/com.android.internal.backup.LocalTransportService}
12-16 02:28:33.752  2166  2166 I BackupManagerService: Found stale backup journal, scheduling
12-16 02:28:33.818  2166  2166 I AppOps  : Pruning old package media/1013: new uid=-1
12-16 02:28:33.818  2166  2166 I ActivityManager: System now ready
12-16 02:28:33.820  2237  2237 W linker  : [vdso]: unused DT entry: type 0x6ffffef5 arg 0x160
12-16 02:28:33.824  2166  2166 I SystemServer: Making services ready
12-16 02:28:33.824  2166  2166 I SystemServiceManager: Starting phase 550
12-16 02:28:33.824  2166  2166 I SystemServer: WebViewFactory preparation
12-16 02:28:33.827  2166  2238 D UsbHostManager: Added device UsbDevice[mName=/dev/bus/usb/001/004,mVendorId=1507,mProductId=1861,mClass=0,mSubclass=0,mProtocol=0,mManufacturerName=null,mProductName=USB Storage,mSerialNumber=000000000903,mConfigurations=[
12-16 02:28:33.827  2166  2238 D UsbHostManager: UsbConfiguration[mId=1,mName=null,mAttributes=128,mMaxPower=250,mInterfaces=[
12-16 02:28:33.827  2166  2238 D UsbHostManager: UsbInterface[mId=0,mAlternateSetting=0,mName=null,mClass=8,mSubclass=6,mProtocol=80,mEndpoints=[
12-16 02:28:33.827  2166  2238 D UsbHostManager: UsbEndpoint[mAddress=129,mAttributes=2,mMaxPacketSize=512,mInterval=0]
12-16 02:28:33.827  2166  2238 D UsbHostManager: UsbEndpoint[mAddress=2,mAttributes=2,mMaxPacketSize=512,mInterval=0]]]]
12-16 02:28:33.834  2166  2166 I Zygote  : Process: zygote socket opened, supported ABIS: x86_64,arm64-v8a
12-16 02:28:33.845  2166  2166 I Zygote  : Process: zygote socket opened, supported ABIS: x86,armeabi-v7a,armeabi
12-16 02:28:33.854  2166  2238 W ContextImpl: Calling a method in the system process without a qualified user: android.app.ContextImpl.sendBroadcast:1327 com.android.server.usb.UsbSettingsManager.deviceAttached:741 com.android.server.usb.UsbHostManager.endUsbDeviceAdded:224 com.android.server.usb.UsbHostManager.monitorUsbHostBus:-2 com.android.server.usb.UsbHostManager.access$000:42 
12-16 02:28:33.867  2166  2166 I ActivityManager: Start proc 2240:WebViewLoader-x86/1037 [android.webkit.WebViewFactory$RelroFileCreator] for 
12-16 02:28:33.873  2254  2254 V WebViewFactory: RelroFileCreator (64bit = true),  32-bit lib: /system/app/webview/lib/x86/libwebviewchromium.so, 64-bit lib: /system/app/webview/lib/x86_64/libwebviewchromium.so
12-16 02:28:33.877  2166  2166 I ActivityManager: Start proc 2254:WebViewLoader-x86_64/1037 [android.webkit.WebViewFactory$RelroFileCreator] for 
12-16 02:28:33.880  2166  2238 D UsbHostManager: Added device UsbDevice[mName=/dev/bus/usb/001/003,mVendorId=3141,mProductId=30219,mClass=0,mSubclass=0,mProtocol=0,mManufacturerName=SONiX,mProductName=USB Keyboard,mSerialNumber=null,mConfigurations=[
12-16 02:28:33.880  2166  2238 D UsbHostManager: UsbConfiguration[mId=1,mName=null,mAttributes=160,mMaxPower=50,mInterfaces=[
12-16 02:28:33.880  2166  2238 D UsbHostManager: UsbInterface[mId=0,mAlternateSetting=0,mName=null,mClass=3,mSubclass=1,mProtocol=1,mEndpoints=[
12-16 02:28:33.880  2166  2238 D UsbHostManager: UsbEndpoint[mAddress=129,mAttributes=3,mMaxPacketSize=8,mInterval=10]]
12-16 02:28:33.880  2166  2238 D UsbHostManager: UsbInterface[mId=1,mAlternateSetting=0,mName=null,mClass=3,mSubclass=0,mProtocol=0,mEndpoints=[
12-16 02:28:33.880  2166  2238 D UsbHostManager: UsbEndpoint[mAddress=130,mAttributes=3,mMaxPacketSize=3,mInterval=10]]]]
12-16 02:28:33.880  2166  2238 W ContextImpl: Calling a method in the system process without a qualified user: android.app.ContextImpl.sendBroadcast:1327 com.android.server.usb.UsbSettingsManager.deviceAttached:741 com.android.server.usb.UsbHostManager.endUsbDeviceAdded:224 com.android.server.usb.UsbHostManager.monitorUsbHostBus:-2 com.android.server.usb.UsbHostManager.access$000:42 
12-16 02:28:33.892  2166  2166 I ActivityManager: Start proc 2282:com.android.systemui/u0a12 for service com.android.systemui/.SystemUIService
12-16 02:28:33.892  2166  2166 D NetworkManagementService: not enabling bandwidth control
12-16 02:28:33.893  2166  2207 E MountService: Boot-time mount failed (-2)
12-16 02:28:33.893  2166  2207 E MountService: Boot-time mount failed (-2)
12-16 02:28:33.893  2166  2207 E MountService: Boot-time mount failed (-1)
12-16 02:28:33.893  2166  2207 E MountService: Boot-time mount failed (-1)
12-16 02:28:33.893  2166  2207 E MountService: Boot-time mount failed (-2)
12-16 02:28:33.893  2166  2207 W MountService: Duplicate state transition (mounted -> mounted) for /storage/emulated/0
12-16 02:28:33.893  2166  2238 D UsbHostManager: Added device UsbDevice[mName=/dev/bus/usb/001/002,mVendorId=1121,mProductId=19812,mClass=0,mSubclass=0,mProtocol=0,mManufacturerName=null,mProductName=USB Optical Mouse,mSerialNumber=null,mConfigurations=[
12-16 02:28:33.893  2166  2238 D UsbHostManager: UsbConfiguration[mId=1,mName=null,mAttributes=160,mMaxPower=49,mInterfaces=[
12-16 02:28:33.893  2166  2238 D UsbHostManager: UsbInterface[mId=0,mAlternateSetting=0,mName=null,mClass=3,mSubclass=1,mProtocol=2,mEndpoints=[
12-16 02:28:33.893  2166  2238 D UsbHostManager: UsbEndpoint[mAddress=129,mAttributes=3,mMaxPacketSize=5,mInterval=10]]]]
12-16 02:28:33.894  2166  2238 W ContextImpl: Calling a method in the system process without a qualified user: android.app.ContextImpl.sendBroadcast:1327 com.android.server.usb.UsbSettingsManager.deviceAttached:741 com.android.server.usb.UsbHostManager.endUsbDeviceAdded:224 com.android.server.usb.UsbHostManager.monitorUsbHostBus:-2 com.android.server.usb.UsbHostManager.access$000:42 
12-16 02:28:33.894  2289  2289 W linker  : [vdso]: unused DT entry: type 0x6ffffef5 arg 0x160
12-16 02:28:33.894  1894  2126 I iptables: WARNING: linker: [vdso]: unused DT entry: type 0x6ffffef5 arg 0x160
12-16 02:28:33.895  2291  2291 W linker  : [vdso]: unused DT entry: type 0x6ffffef5 arg 0x160
12-16 02:28:33.895  1894  2126 I ip6tables: WARNING: linker: [vdso]: unused DT entry: type 0x6ffffef5 arg 0x160
12-16 02:28:33.896  2293  2293 W linker  : [vdso]: unused DT entry: type 0x6ffffef5 arg 0x160
12-16 02:28:33.896  1894  2126 I iptables: WARNING: linker: [vdso]: unused DT entry: type 0x6ffffef5 arg 0x160
12-16 02:28:33.897  2300  2300 W linker  : [vdso]: unused DT entry: type 0x6ffffef5 arg 0x160
12-16 02:28:33.897  1894  2126 I ip6tables: WARNING: linker: [vdso]: unused DT entry: type 0x6ffffef5 arg 0x160
12-16 02:28:33.898  2302  2302 W linker  : [vdso]: unused DT entry: type 0x6ffffef5 arg 0x160
12-16 02:28:33.898  1894  2126 I iptables: WARNING: linker: [vdso]: unused DT entry: type 0x6ffffef5 arg 0x160
12-16 02:28:33.899  2304  2304 W linker  : [vdso]: unused DT entry: type 0x6ffffef5 arg 0x160
12-16 02:28:33.899  1894  2126 I ip6tables: WARNING: linker: [vdso]: unused DT entry: type 0x6ffffef5 arg 0x160
12-16 02:28:33.899  2166  2166 W NetworkStats: bandwidth controls disabled, unable to track stats
12-16 02:28:33.899  2166  2166 W NetworkPolicy: bandwidth controls disabled, unable to enforce policy
12-16 02:28:33.900  2311  2311 W linker  : [vdso]: unused DT entry: type 0x6ffffef5 arg 0x160
12-16 02:28:33.900  1894  2126 I iptables: WARNING: linker: [vdso]: unused DT entry: type 0x6ffffef5 arg 0x160
12-16 02:28:33.901  2313  2313 W linker  : [vdso]: unused DT entry: type 0x6ffffef5 arg 0x160
12-16 02:28:33.901  1894  2126 I ip6tables: WARNING: linker: [vdso]: unused DT entry: type 0x6ffffef5 arg 0x160
12-16 02:28:33.902  2316  2316 W linker  : [vdso]: unused DT entry: type 0x6ffffef5 arg 0x160
12-16 02:28:33.902  1894  2126 I iptables: WARNING: linker: [vdso]: unused DT entry: type 0x6ffffef5 arg 0x160
12-16 02:28:33.903  2282  2282 I ActivityThread: Switching default density from 160 to 240
12-16 02:28:33.903  2317  2317 W linker  : [vdso]: unused DT entry: type 0x6ffffef5 arg 0x160
12-16 02:28:33.903  1894  2126 I ip6tables: WARNING: linker: [vdso]: unused DT entry: type 0x6ffffef5 arg 0x160
12-16 02:28:33.904  2318  2318 W linker  : [vdso]: unused DT entry: type 0x6ffffef5 arg 0x160
12-16 02:28:33.904  1894  2126 I iptables: WARNING: linker: [vdso]: unused DT entry: type 0x6ffffef5 arg 0x160
12-16 02:28:33.905  2319  2319 W linker  : [vdso]: unused DT entry: type 0x6ffffef5 arg 0x160
12-16 02:28:33.905  1894  2126 I ip6tables: WARNING: linker: [vdso]: unused DT entry: type 0x6ffffef5 arg 0x160
12-16 02:28:33.905  2166  2166 D PermissionMonitor: Monitoring
12-16 02:28:33.906  2166  2166 D PermissionMonitor: Users: 1, Apps: 57
12-16 02:28:33.906  2166  2166 I SystemServiceManager: Starting phase 600
12-16 02:28:33.906  2166  2195 D BluetoothManagerService: Message: 20
12-16 02:28:33.907  2166  2195 D BluetoothManagerService: Added callback: android.bluetooth.BluetoothAdapter$1@12c7bc4b:true
12-16 02:28:33.907  2166  2166 I BackupManagerService: Backup enabled => false
12-16 02:28:33.907  2166  2166 I BackupManagerService: Opting out of backup
12-16 02:28:33.911  2240  2240 V WebViewFactory: RelroFileCreator (64bit = false),  32-bit lib: /system/app/webview/lib/x86/libwebviewchromium.so, 64-bit lib: /system/app/webview/lib/x86_64/libwebviewchromium.so
12-16 02:28:34.046  2166  2224 D BluetoothManagerService: Trying to bind to profile: 1, while Bluetooth was disabled
12-16 02:28:34.046  2166  2195 D BluetoothManagerService: Message: 30
12-16 02:28:34.046  2166  2195 D BluetoothManagerService: Message: 30
12-16 02:28:34.132  1899  2325 E WVMExtractor: Failed to open libwvm.so: dlopen failed: library "libwvm.so" not found
12-16 02:28:34.139  1899  2225 D NuPlayerDriver: start(0xf5c4edc0)
12-16 02:28:34.139  1899  2324 I GenericSource: start
12-16 02:28:34.283  1899  2327 W OMXNodeInstance: [e:google.mpeg4.decoder] component does not support metadata mode; using fallback
12-16 02:28:34.285  1899  2327 W OMXNodeInstance: [f:google.h263.decoder] component does not support metadata mode; using fallback
12-16 02:28:34.287  1899  2327 W OMXNodeInstance: [10:google.h264.decoder] component does not support metadata mode; using fallback
12-16 02:28:34.292  1899  2327 D SoftHEVC: Number of CPU cores: 8
