12-16 02:28:34.292  1899  2327 D SoftHEVC: Initializing decoder
12-16 02:28:34.292  1899  2327 D SoftHEVC: Set number of cores to 4
12-16 02:28:34.292  1899  2327 D SoftHEVC: Ittiam decoder version number: @(#)Id:HEVCDEC_production Ver:04.01 Released by ITTIAM Build: Dec  8 2015 @ 05:11:58
12-16 02:28:34.292  1899  2327 W OMXNodeInstance: [11:google.hevc.decoder] component does not support metadata mode; using fallback
12-16 02:28:34.292  1899  2327 D SoftHEVC: Freeing codec memory
12-16 02:28:34.292  1899  2327 D SoftHEVC: Number of CPU cores: 8
12-16 02:28:34.292  1899  2327 D SoftHEVC: Initializing decoder
12-16 02:28:34.292  1899  2327 D SoftHEVC: Set number of cores to 4
12-16 02:28:34.292  1899  2327 D SoftHEVC: Ittiam decoder version number: @(#)Id:HEVCDEC_production Ver:04.01 Released by ITTIAM Build: Dec  8 2015 @ 05:11:58
12-16 02:28:34.292  1899  2327 D SoftHEVC: In SoftHEVC::~SoftHEVC
12-16 02:28:34.292  1899  2327 D SoftHEVC: Freeing codec memory
12-16 02:28:34.296  1899  2327 W OMXNodeInstance: [12:google.vp8.decoder] component does not support metadata mode; using fallback
12-16 02:28:34.297  1899  2327 W OMXNodeInstance: [13:google.vp9.decoder] component does not support metadata mode; using fallback
12-16 02:28:34.300  1899  2327 I SoftMPEG4Encoder: Construct SoftMPEG4Encoder
12-16 02:28:34.300  1899  2327 W ACodec  : do not know color format 0x7f000789 = 2130708361
12-16 02:28:34.307  1899  2327 I SoftAVCEncoder: Construct SoftAVCEncoder
12-16 02:28:34.307  1899  2327 W ACodec  : do not know color format 0x7f000789 = 2130708361
12-16 02:28:34.308  1899  2327 I SoftMPEG4Encoder: Construct SoftMPEG4Encoder
12-16 02:28:34.308  1899  2327 W ACodec  : do not know color format 0x7f000789 = 2130708361
12-16 02:28:34.315  1899  2327 W ACodec  : do not know color format 0x7f000789 = 2130708361
12-16 02:28:34.323  1899  2225 D NuPlayerDriver: reset(0xf5c4edc0)
12-16 02:28:34.325  1899  2324 D NuPlayerDriver: notifyResetComplete(0xf5c4edc0)
12-16 02:28:34.337  1899  1899 D NuPlayerDriver: start(0xf5c4eca0)
12-16 02:28:34.338  1899  2377 I GenericSource: start
12-16 02:28:34.346  1899  1899 D NuPlayerDriver: reset(0xf5c4eca0)
12-16 02:28:34.348  1899  2377 D NuPlayerDriver: notifyResetComplete(0xf5c4eca0)
12-16 02:28:34.370  1899  2213 D NuPlayerDriver: start(0xf502f1c0)
12-16 02:28:34.370  1899  2384 I GenericSource: start
12-16 02:28:34.380  2166  2166 E InputMethodManagerService: Ignoring setImeWindowStatus due to an invalid token. uid:1000 token:null
12-16 02:28:34.381  1899  2213 D NuPlayerDriver: reset(0xf502f1c0)
12-16 02:28:34.383  1899  2384 D NuPlayerDriver: notifyResetComplete(0xf502f1c0)
12-16 02:28:34.394  1899  2225 D NuPlayerDriver: start(0xf5c4edc0)
12-16 02:28:34.394  1899  2391 I GenericSource: start
12-16 02:28:34.396  2166  2185 I art     : Background partial concurrent mark sweep GC freed 15743(1137KB) AllocSpace objects, 4(68KB) LOS objects, 33% free, 7MB/10MB, paused 436us total 488.691ms
12-16 02:28:34.399  1899  2225 D NuPlayerDriver: reset(0xf5c4edc0)
12-16 02:28:34.400  1899  2391 D NuPlayerDriver: notifyResetComplete(0xf5c4edc0)
12-16 02:28:34.402  2166  2166 I ActivityManager: Start proc 2400:com.android.inputmethod.latin/u0a20 for service com.android.inputmethod.latin/.LatinIME
12-16 02:28:34.403  2166  2166 V InputMethodManagerService: Adding window token: android.os.Binder@1fc5a221
12-16 02:28:34.406  1899  1899 D NuPlayerDriver: start(0xf5c4eca0)
12-16 02:28:34.407  1899  2398 I GenericSource: start
12-16 02:28:34.410  1899  1899 D NuPlayerDriver: reset(0xf5c4eca0)
12-16 02:28:34.411  1899  2398 D NuPlayerDriver: notifyResetComplete(0xf5c4eca0)
12-16 02:28:34.411  2400  2400 I ActivityThread: Switching default density from 160 to 240
12-16 02:28:34.416  1899  2213 D NuPlayerDriver: start(0xf502f1c0)
12-16 02:28:34.416  1899  2427 I GenericSource: start
12-16 02:28:34.419  1899  2213 D NuPlayerDriver: reset(0xf502f1c0)
12-16 02:28:34.419  1899  2427 D NuPlayerDriver: notifyResetComplete(0xf502f1c0)
12-16 02:28:34.511  2166  2166 D gps_serial: GPS dev open_gps
12-16 02:28:34.511  2166  2166 D gps_serial: GPS dev get_hardware_interface
12-16 02:28:34.512  2166  2166 D GpsLocationProvider: Reset GPS properties, previous size = 0
12-16 02:28:34.512  2166  2166 D GpsLocationProvider: GpsParamsResource: SUPL_HOST=supl.google.com
12-16 02:28:34.512  2166  2166 D GpsLocationProvider: GpsParamsResource: SUPL_PORT=7275
12-16 02:28:34.513  2166  2166 D GpsLocationProvider: GpsParamsResource: NTP_SERVER=north-america.pool.ntp.org
12-16 02:28:34.513  2166  2166 D GpsLocationProvider: GpsParamsResource: SUPL_VER=0x20000
12-16 02:28:34.513  2166  2166 D GpsLocationProvider: GpsParamsResource: SUPL_MODE=1
12-16 02:28:34.540  2166  2166 D GpsLocationProvider: GPS properties reloaded, size = 8
12-16 02:28:34.540  2166  2166 E GpsLocationProvider: no AGPS interface in set_agps_server
12-16 02:28:34.541  2166  2166 E GpsLocationProvider: no GPS configuration interface in configuraiton_update
12-16 02:28:34.541  2166  2166 D GpsLocationProvider: final config = #Wed Dec 16 02:28:34 GMT+00:00 2015
12-16 02:28:34.541  2166  2166 D GpsLocationProvider: SUPL_VER=0x20000
12-16 02:28:34.541  2166  2166 D GpsLocationProvider: SUPL_HOST=supl.google.com
12-16 02:28:34.541  2166  2166 D GpsLocationProvider: XTRA_SERVER_3=http\://xtra3.gpsonextra.net/xtra.bin
12-16 02:28:34.541  2166  2166 D GpsLocationProvider: XTRA_SERVER_1=http\://xtra1.gpsonextra.net/xtra.bin
12-16 02:28:34.541  2166  2166 D GpsLocationProvider: SUPL_PORT=7275
12-16 02:28:34.541  2166  2166 D GpsLocationProvider: XTRA_SERVER_2=http\://xtra2.gpsonextra.net/xtra.bin
12-16 02:28:34.541  2166  2166 D GpsLocationProvider: NTP_SERVER=north-america.pool.ntp.org
12-16 02:28:34.541  2166  2166 D GpsLocationProvider: SUPL_MODE=1
12-16 02:28:34.544  2166  2166 W LocationManagerService: no network location provider found
12-16 02:28:34.545  2166  2166 E LocationManagerService: no geocoder provider found
12-16 02:28:34.546  2166  2166 E FlpHardwareProvider: Error hw_get_module 'flp': -2
12-16 02:28:34.546  2166  2166 E LocationManagerService: FLP HAL not supported
12-16 02:28:34.547  2166  2166 E LocationManagerService: Unable to bind FLP Geofence proxy.
12-16 02:28:34.547  2166  2166 E ActivityRecognitionHardware: Error hw_get_module: -2
12-16 02:28:34.547  2166  2166 E LocationManagerService: Hardware Activity-Recognition not supported.
12-16 02:28:34.550  2166  2190 D gps_serial: serial_gps_init
12-16 02:28:34.550  2166  2190 D gps_serial: gps_state_init
12-16 02:28:34.550  2166  2190 D gps_serial: no kernel-provided gps device name
12-16 02:28:34.550  2166  2190 W GpsLocationProvider: Failed to enable location provider
12-16 02:28:34.551  2166  2166 I CommonTimeManagementService: No common time service detected on this platform.  Common time services will be unavailable.
12-16 02:28:34.552  2166  2166 I MmsServiceBroker: Delay connecting to MmsService until an API is called
12-16 02:28:34.552  2166  2206 I InputReader: Reconfiguring input devices.  changes=0x00000020
12-16 02:28:34.552  2166  2166 W VoiceInteractionManagerService: no available voice interaction services found for user 0
12-16 02:28:34.552  2166  2166 W VoiceInteractionManagerService: no available voice recognition services found for user 0
12-16 02:28:34.554  2166  2206 I InputReader: Reconfiguring input devices.  changes=0x00000010
12-16 02:28:34.576  2166  2166 I ActivityManager: Start proc 2435:com.android.phone/1001 for added application com.android.phone
12-16 02:28:34.577  2166  2166 I ActivityManager: START u0 {act=android.intent.action.MAIN cat=[android.intent.category.HOME] flg=0x10000000 cmp=com.android.launcher3/.Launcher} from uid 0 on display 0
12-16 02:28:34.580  2166  2166 V WindowManager: addAppToken: AppWindowToken{39a445db token=Token{1baa3eea ActivityRecord{317d46d5 u0 com.android.launcher3/.Launcher t1}}} to stack=0 task=1 at 0
12-16 02:28:34.605  2166  2166 I ActivityManager: Start proc 2457:com.android.launcher3/u0a52 for activity com.android.launcher3/.Launcher
12-16 02:28:34.630  2166  2190 I ActivityManager: Start proc 2480:com.android.printspooler/u0a31 for service com.android.printspooler/.model.PrintSpoolerService
12-16 02:28:34.632  2282  2282 V SystemUIService: Starting SystemUI services.
12-16 02:28:34.633  2435  2435 I ActivityThread: Switching default density from 160 to 240
12-16 02:28:34.635  2166  2166 I ActivityThread: Switching default density from 160 to 240
12-16 02:28:34.635  2166  2166 V ActivityManager: Display changed displayId=0
12-16 02:28:34.635  2166  2166 V ActivityManager: Display changed displayId=0
12-16 02:28:34.635  2166  2166 D WifiScanningService: SCAN_AVAILABLE : 1
12-16 02:28:34.635  2166  2166 D RttService: SCAN_AVAILABLE : 1
12-16 02:28:34.635  2166  2231 D WifiScanningService: DefaultState got{ when=0 what=160007 target=com.android.internal.util.StateMachine$SmHandler }
12-16 02:28:34.635  2166  2232 D RttService: DefaultState got{ when=-1ms what=160513 target=com.android.internal.util.StateMachine$SmHandler }
12-16 02:28:34.636  2457  2457 I ActivityThread: Switching default density from 160 to 240
12-16 02:28:34.637  2166  2166 I Choreographer: Skipped 50 frames!  The application may be doing too much work on its main thread.
12-16 02:28:34.641  2240  2240 I art     : System.exit called, status: 0
12-16 02:28:34.641  2240  2240 I AndroidRuntime: VM exiting with result code 0, cleanup skipped.
12-16 02:28:34.647  2480  2480 I ActivityThread: Switching default density from 160 to 240
12-16 02:28:34.810  2166  2470 V FingerprintService: startListening(android.service.fingerprint.IFingerprintServiceReceiver$Stub$Proxy@383669f)
12-16 02:28:34.831  2254  2254 I art     : System.exit called, status: 0
12-16 02:28:34.831  2254  2254 I AndroidRuntime: VM exiting with result code 0, cleanup skipped.
12-16 02:28:34.887  2480  2480 I PrintSpoolerService: No existing print spooler state.
12-16 02:28:34.940  1899  2225 D NuPlayerDriver: start(0xf5c4edc0)
12-16 02:28:34.940  1899  2506 I GenericSource: start
12-16 02:28:34.943  1899  2225 D NuPlayerDriver: reset(0xf5c4edc0)
12-16 02:28:34.943  1899  2506 D NuPlayerDriver: notifyResetComplete(0xf5c4edc0)
12-16 02:28:34.985  1899  1899 D NuPlayerDriver: start(0xf5c4eca0)
12-16 02:28:34.985  1899  2513 I GenericSource: start
12-16 02:28:34.985  2457  2457 D Launcher.LauncherProvider: 11683562 - initializeMaxScreenId(): 3
12-16 02:28:34.986  2457  2457 V Launcher: LauncherAppState inited
12-16 02:28:34.996  1899  1899 D NuPlayerDriver: reset(0xf5c4eca0)
12-16 02:28:34.997  1899  2513 D NuPlayerDriver: notifyResetComplete(0xf5c4eca0)
12-16 02:28:35.012  1899  2213 D NuPlayerDriver: start(0xf502f1c0)
12-16 02:28:35.012  1899  2520 I GenericSource: start
12-16 02:28:35.016  2166  2166 I Telecom : TelecomGlobals: TelecomGlobals initializing
12-16 02:28:35.020  1899  2213 D NuPlayerDriver: reset(0xf502f1c0)
12-16 02:28:35.022  1899  2520 D NuPlayerDriver: notifyResetComplete(0xf502f1c0)
12-16 02:28:35.029  2400  2400 I LatinIME: Hardware accelerated drawing: true
12-16 02:28:35.039  2457  2457 D Launcher.Model: Old launcher provider: content://com.android.launcher2.settings/favorites?notify=true
12-16 02:28:35.039  2457  2457 D Launcher.Model: Old launcher provider does not exist.
12-16 02:28:35.041  2166  2527 I ActivityManager: Start proc 2530:android.process.acore/u0a3 for content provider com.android.providers.contacts/.CallLogProvider
12-16 02:28:35.046  2166  2166 D BluetoothManagerService: Trying to bind to profile: 1, while Bluetooth was disabled
12-16 02:28:35.046  2166  2195 D BluetoothManagerService: Message: 30
12-16 02:28:35.047  2457  2457 W Launcher: setApplicationContext called twice! old=com.android.launcher3.LauncherApplication@307e3d4c new=com.android.launcher3.LauncherApplication@307e3d4c
12-16 02:28:35.052  2166  2166 I Telecom : TelecomGlobals: CallsManager initialized
12-16 02:28:35.052  2166  2166 W ContextImpl: Calling a method in the system process without a qualified user: android.app.ContextImpl.startService:1692 android.content.ContextWrapper.startService:516 com.android.server.telecom.BluetoothPhoneService.start:440 com.android.server.telecom.TelecomGlobals.initialize:93 com.android.server.telecom.TelecomService.onCreate:164 
12-16 02:28:35.053  2166  2166 D ZenLog  : downtime: Autotrigger skipped: not in downtime
12-16 02:28:35.053  2530  2530 I ActivityThread: Switching default density from 160 to 240
12-16 02:28:35.169  2166  2166 W ResourcesManager: Asset path '/system/framework/com.android.location.provider.jar' does not exist or contains no resources.
12-16 02:28:35.171  2166  2166 D GpsNetInitiatedHandler: location enabled :true
12-16 02:28:35.171  2166  2166 V WiredAccessoryManager: notifyWiredAccessoryChanged: when=0 bits= mask=54
12-16 02:28:35.171  2166  2166 V WiredAccessoryManager: newName=h2w newState=0 headsetState=0 prev headsetState=0
12-16 02:28:35.171  2166  2166 E WiredAccessoryManager: No state change.
12-16 02:28:35.171  2166  2166 V WiredAccessoryManager: init()
12-16 02:28:35.190  2166  2195 D BluetoothManagerService: Message: 300
12-16 02:28:35.190  2166  2195 D BluetoothManagerService: MESSAGE_USER_SWITCHED
12-16 02:28:35.195  1891  2133 D PermissionCache: checking android.permission.HARDWARE_TEST for uid=1000 => granted (84 us)
12-16 02:28:35.197  1899  1899 D BlueZ   : external/bluetooth/bluez/android/hal-audio.c:audio_set_mic_mute() 
12-16 02:28:35.197  2166  2193 D EthernetNetworkFactory: updateInterface: eth0 link up
12-16 02:28:35.198  2166  2555 I EthernetNetworkFactory: dhcpThread(+eth0): mNetworkInfo=[type: Ethernet[], state: DISCONNECTED/DISCONNECTED, reason: (unspecified), extra: f8:32:e4:a0:24:6d, roaming: false, failover: false, isAvailable: true, isConnectedToProvisioningNetwork: false]
12-16 02:28:35.203  2166  2166 V BackupManagerService: Connected to transport ComponentInfo{android/com.android.internal.backup.LocalTransportService}
12-16 02:28:35.203  2166  2166 V BackupManagerService: Registering transport android/com.android.internal.backup.LocalTransportService::android/com.android.internal.backup.LocalTransport = android.app.backup.BackupTransport$TransportImpl@98c6b6b
12-16 02:28:35.221  2166  2166 D BluetoothManagerService: Trying to bind to profile: 1, while Bluetooth was disabled
12-16 02:28:35.221  2166  2195 D BluetoothManagerService: Message: 30
12-16 02:28:35.223  2166  2166 I FusedLocation: engine started (com.android.location.fused)
12-16 02:28:35.280  2457  2457 W ResourceType: Attempt to retrieve bag 0x7f0d0008 which is invalid or in a cycle.
12-16 02:28:35.283  2400  2400 W InputAttributes: No editor info for this field. Bug?
12-16 02:28:35.321  2400  2564 I LatinIME:LogUtils: Dictionary info: dictionary = contacts.en_US ; version = 1450232915 ; date = ?
12-16 02:28:35.321  2400  2563 I LatinIME:LogUtils: Dictionary info: dictionary = userunigram.en_US ; version = 1450232915 ; date = ?
12-16 02:28:35.321  2400  2561 I LatinIME:LogUtils: Dictionary info: dictionary = UserHistoryDictionary.en_US ; version = 1450232915 ; date = ?
12-16 02:28:35.321  2400  2562 I LatinIME:LogUtils: Dictionary info: dictionary = PersonalizationDictionary.en_US ; version = 1450232915 ; date = ?
12-16 02:28:35.321  2400  2565 I LatinIME:LogUtils: Dictionary info: dictionary = ContextualDictionary.en_US ; version = 1450232915 ; date = ?
12-16 02:28:35.327  2166  2166 I ActivityManager: Start proc 2566:com.android.music/u0a49 for broadcast com.android.music/.MediaButtonIntentReceiver
12-16 02:28:35.335  1902  1902 I art     : Explicit concurrent mark sweep GC freed 706(30KB) AllocSpace objects, 0(0B) LOS objects, 39% free, 1950KB/3MB, paused 72us total 7.841ms
12-16 02:28:35.342  1902  1902 I art     : Explicit concurrent mark sweep GC freed 5(160B) AllocSpace objects, 0(0B) LOS objects, 39% free, 1950KB/3MB, paused 75us total 6.684ms
12-16 02:28:35.342  2566  2566 I ActivityThread: Switching default density from 160 to 240
12-16 02:28:35.347  1902  1902 I art     : Explicit concurrent mark sweep GC freed 5(160B) AllocSpace objects, 0(0B) LOS objects, 39% free, 1950KB/3MB, paused 53us total 5.365ms
12-16 02:28:35.404  2556  2556 W linker  : [vdso]: unused DT entry: type 0x6ffffef5 arg 0x160
12-16 02:28:35.405  2556  2556 E dhcpcd  : fopen `/system/etc/dhcpcd/dhcpcd.conf': No such file or directory
12-16 02:28:35.418  2556  2556 I dhcpcd  : version 5.5.6 starting
12-16 02:28:35.418  2556  2556 E dhcpcd  : fopen `/system/etc/dhcpcd/dhcpcd.conf': No such file or directory
12-16 02:28:35.418  2556  2556 E dhcpcd  : get_duid: Permission denied
12-16 02:28:35.482  2590  2590 W linker  : [vdso]: unused DT entry: type 0x6ffffef5 arg 0x160
12-16 02:28:35.488  2591  2591 W linker  : [vdso]: unused DT entry: type 0x6ffffef5 arg 0x160
12-16 02:28:35.492  2592  2592 W linker  : [vdso]: unused DT entry: type 0x6ffffef5 arg 0x160
12-16 02:28:35.501  2457  2477 I art     : Background sticky concurrent mark sweep GC freed 2875(295KB) AllocSpace objects, 0(0B) LOS objects, 10% free, 2MB/3MB, paused 568us total 216.540ms
12-16 02:28:35.594  2166  2589 I ActivityManager: Start proc 2597:android.process.media/u0a6 for content provider com.android.providers.media/.MediaProvider
12-16 02:28:35.596  2457  2457 W Launcher: setApplicationContext called twice! old=com.android.launcher3.LauncherApplication@307e3d4c new=com.android.launcher3.LauncherApplication@307e3d4c
12-16 02:28:35.599  2457  2611 D OpenGLRenderer: Use EGL_SWAP_BEHAVIOR_PRESERVED: true
12-16 02:28:35.600  2457  2457 I GRALLOC-DRM: create intel for driver i915
12-16 02:28:35.601  2457  2457 D Atlas   : Validating map...
12-16 02:28:35.603  2166  2593 V WindowManager: Based on layer: Adding window Window{426e7e6 u0 com.android.launcher3/com.android.launcher3.Launcher} at 0 of 1
12-16 02:28:35.610  2597  2597 I ActivityThread: Switching default density from 160 to 240
12-16 02:28:35.643  2621  2621 W linker  : [vdso]: unused DT entry: type 0x6ffffef5 arg 0x160
12-16 02:28:35.648  2622  2622 W linker  : [vdso]: unused DT entry: type 0x6ffffef5 arg 0x160
12-16 02:28:35.653  2457  2529 D Launcher.Model: 11683562 - loadWorkspace()
12-16 02:28:35.653  2623  2623 W linker  : [vdso]: unused DT entry: type 0x6ffffef5 arg 0x160
12-16 02:28:35.653  2457  2529 D Launcher.Model: 11683562 -   loadedOldDb: false
12-16 02:28:35.741  2457  2529 D Launcher.Model: 11683562 - loadWorkspaceScreensDb()
12-16 02:28:35.749  2556  2556 I dhcpcd  : eth0: rebinding lease of 192.168.0.157
12-16 02:28:35.757  2556  2556 W dhcpcd  : eth0: NAK: lease not found from 192.168.0.1
12-16 02:28:35.758  2624  2624 W linker  : [vdso]: unused DT entry: type 0x6ffffef5 arg 0x160
12-16 02:28:35.763  2625  2625 W linker  : [vdso]: unused DT entry: type 0x6ffffef5 arg 0x160
12-16 02:28:35.767  2626  2626 W linker  : [vdso]: unused DT entry: type 0x6ffffef5 arg 0x160
12-16 02:28:35.772  2627  2627 W linker  : [vdso]: unused DT entry: type 0x6ffffef5 arg 0x160
12-16 02:28:35.777  2628  2628 W linker  : [vdso]: unused DT entry: type 0x6ffffef5 arg 0x160
12-16 02:28:35.781  2629  2629 W linker  : [vdso]: unused DT entry: type 0x6ffffef5 arg 0x160
12-16 02:28:35.792  2457  2529 D Launcher.Model: 11683562 -   screens: { 0: 3 }
12-16 02:28:35.792  2457  2529 D Launcher.Model: 11683562 -   sBgWorkspaceScreens: 3
12-16 02:28:35.840  2457  2611 I EGL-DRI2: DRI2: found extension DRI_Core version 1
12-16 02:28:35.840  2457  2611 I EGL-DRI2: DRI2: found extension DRI_DRI2 version 4
12-16 02:28:35.851  2457  2611 I EGL-DRI2: DRI2: found extension DRI_TexBuffer version 3
12-16 02:28:35.851  2457  2611 I EGL-DRI2: DRI2: found extension DRI2_Flush version 4
12-16 02:28:35.851  2457  2611 I EGL-DRI2: DRI2: found extension DRI_IMAGE version 11
12-16 02:28:35.852  2457  2611 I OpenGLRenderer: Initialized EGL, version 1.4
12-16 02:28:35.852  2457  2611 W OpenGLRenderer: Failed to choose config with EGL_SWAP_BEHAVIOR_PRESERVED, retrying without...
12-16 02:28:35.855  2457  2611 D OpenGLRenderer: Enabling debug mode 0
12-16 02:28:35.857  2400  2562 I LatinIME:LogUtils: Dictionary info: dictionary = PersonalizationDictionary.en_US ; version = 1450232915 ; date = ?
12-16 02:28:35.858  2400  2562 I LatinIME:LogUtils: Dictionary info: dictionary = PersonalizationDictionary.en_US ; version = 1450232915 ; date = ?
12-16 02:28:35.906  2166  2196 I ActivityManager: Displayed com.android.launcher3/.Launcher: +1s325ms
12-16 02:28:35.914  2282  2309 I art     : Background sticky concurrent mark sweep GC freed 7984(401KB) AllocSpace objects, 0(0B) LOS objects, 12% free, 2MB/3MB, paused 180us total 112.864ms
12-16 02:28:35.915  2282  2282 D VolumeUI: Registering volume controller
12-16 02:28:35.929  2457  2457 D Launcher: 11683562 - bindAddScreens()
12-16 02:28:35.929  2457  2457 D Launcher: 11683562 -   orderedScreenIds: 3
12-16 02:28:35.929  2457  2457 D Launcher.Workspace: 11683562 - insertNewWorkspaceScreen(): 3 at index: 0
12-16 02:28:35.957  2166  2191 V KeyguardServiceDelegate: *** Keyguard started
12-16 02:28:35.957  2166  2191 W KeyguardServiceDelegate: onScreenTurnedOn(): no keyguard service!
12-16 02:28:35.957  2166  2191 D KbdSensor: poll_activate: dev=0x7f0d06c66680 handle=0 enabled=1
12-16 02:28:35.957  2166  2191 D KbdSensor: poll_setDelay: dev=0x7f0d06c66680 delay-ns=66667000
12-16 02:28:35.975  2166  2187 I StatusBarManagerService: registerStatusBar bar=com.android.internal.statusbar.IStatusBar$Stub$Proxy@199a431e
12-16 02:28:35.978  2400  2633 I LatinIME:LogUtils: Dictionary info: dictionary = main:en ; version = 47 ; date = 1402373178
12-16 02:28:36.072  2597  2597 E SQLiteLog: (283) recovered 86 frames from WAL file /data/user/0/com.android.providers.media/databases/external.db-wal
12-16 02:28:36.072  2457  2529 W ResourceType: No package identifier when getting value for resource number 0x00000000
12-16 02:28:36.072  2457  2529 W ResourceType: No package identifier when getting value for resource number 0x00000000
12-16 02:28:36.073  2457  2529 W PackageManager: Failure retrieving resources for com.example.android.rssreader: Resource ID #0x0
12-16 02:28:36.073  2457  2529 W ResourceType: No package identifier when getting value for resource number 0x00000000
12-16 02:28:36.073  2457  2529 W PackageManager: Failure retrieving resources for com.example.android.rssreader: Resource ID #0x0
12-16 02:28:36.078  2457  2529 W ResourceType: No package identifier when getting value for resource number 0x00000000
12-16 02:28:36.078  2457  2529 W ResourceType: No package identifier when getting value for resource number 0x00000000
12-16 02:28:36.078  2457  2529 W PackageManager: Failure retrieving resources for com.android.speechrecorder: Resource ID #0x0
12-16 02:28:36.078  2457  2529 W ResourceType: No package identifier when getting value for resource number 0x00000000
12-16 02:28:36.078  2457  2529 W PackageManager: Failure retrieving resources for com.android.speechrecorder: Resource ID #0x0
12-16 02:28:36.195  2166  2470 I art     : Explicit concurrent mark sweep GC freed 18959(1314KB) AllocSpace objects, 12(187KB) LOS objects, 33% free, 7MB/11MB, paused 433us total 25.279ms
12-16 02:28:36.249  2435  2435 D TelephonyProvider: dbh.onOpen: ok, queried table=siminfo
12-16 02:28:36.249  2435  2435 D TelephonyProvider: dbh.onOpen: ok, queried table=carriers
12-16 02:28:36.297  2530  2595 I ContactLocale: AddressBook Labels [en-US]: [, A, B, C, D, E, F, G, H, I, J, K, L, M, N, O, P, Q, R, S, T, U, V, W, X, Y, Z, , , , , , , , , , , , , , , , , , , , , , , , , , , , , , , , , , , , , , , , , , , , , , , , , , , , , , , , , , , , , , , , , , , , , , , , , , , , , , , , , , , , , , , , , , , , , , , , , , , , , , , , , , , , , , , , , , , , , , , , , , , , , , , , , , , , , , , , , , , , , , , , , , , , , , , , , , , , , , , , , , , , , , , , , , , , , , , , , , , , , , , , , , , , #, ]
12-16 02:28:36.298  2166  2219 D WifiService: New client listening to asynchronous messages
12-16 02:28:36.301  2166  2195 D BluetoothManagerService: Message: 20
12-16 02:28:36.301  2166  2195 D BluetoothManagerService: Added callback: android.bluetooth.IBluetoothManagerCallback$Stub$Proxy@2f0b4aeb:true
12-16 02:28:36.301  2282  2282 D BluetoothAdapter: 457999733: getState() :  mService = null. Returning STATE_OFF
12-16 02:28:36.301  2282  2648 D BluetoothAdapter: 457999733: getState() :  mService = null. Returning STATE_OFF
12-16 02:28:36.301  2166  2195 D BluetoothManagerService: Message: 30
12-16 02:28:36.302  2166  2195 D BluetoothManagerService: Message: 30
12-16 02:28:36.302  2282  2282 E BluetoothA2dpSink: Could not bind to Bluetooth A2DP Service with Intent { act=android.bluetooth.IBluetoothA2dpSink }
12-16 02:28:36.302  2166  2195 D BluetoothManagerService: Message: 30
12-16 02:28:36.302  2282  2282 E BluetoothAvrcpController: Could not bind to Bluetooth AVRCP Controller Service with Intent { act=android.bluetooth.IBluetoothAvrcpController }
12-16 02:28:36.302  2166  2195 D BluetoothManagerService: Message: 30
12-16 02:28:36.302  2166  2187 D BluetoothManagerService: Trying to bind to profile: 1, while Bluetooth was disabled
12-16 02:28:36.303  2166  2195 D BluetoothManagerService: Message: 30
12-16 02:28:36.303  2282  2282 E BluetoothHeadsetClient: Could not bind to Bluetooth Headset Client Service with Intent { act=android.bluetooth.IBluetoothHeadsetClient }
12-16 02:28:36.303  2166  2195 D BluetoothManagerService: Message: 30
12-16 02:28:36.328  2282  2282 D BluetoothMap: Create BluetoothMap proxy object
12-16 02:28:36.328  2166  2195 D BluetoothManagerService: Message: 30
12-16 02:28:36.328  2166  2195 D BluetoothManagerService: Message: 30
12-16 02:28:36.329  2166  2470 D ConnectivityService: listenForNetwork for NetworkRequest [ id=2, legacyType=-1, [] ]
12-16 02:28:36.331  2282  2282 I CameraManagerGlobal: getCameraService: Reconnecting to camera service
12-16 02:28:36.336  2282  2657 D BluetoothAdapter: 457999733: getState() :  mService = null. Returning STATE_OFF
12-16 02:28:36.336  2282  2657 D BluetoothAdapter: 457999733: getState() :  mService = null. Returning STATE_OFF
12-16 02:28:36.336  2282  2657 D BluetoothAdapter: 457999733: getState() :  mService = null. Returning STATE_OFF
12-16 02:28:36.336  2282  2657 D BluetoothAdapter: 457999733: getState() :  mService = null. Returning STATE_OFF
12-16 02:28:36.374  2166  2190 D GpsLocationProvider: received SIM realted action: 
12-16 02:28:36.375  2166  2190 D GpsLocationProvider: SIM MCC/MNC is still not available
12-16 02:28:36.376  2435  2659 E DcSwitchStateMachine-0: DctController is not ready
12-16 02:28:36.378  2166  2220 E ConnectivityService: Failed to find Messenger in unregisterNetworkFactory
12-16 02:28:36.378  2166  2220 D ConnectivityService: Got NetworkFactory Messenger for Telephony
12-16 02:28:36.398  2166  2195 D BluetoothManagerService: Message: 20
12-16 02:28:36.398  2166  2195 D BluetoothManagerService: Added callback: android.bluetooth.IBluetoothManagerCallback$Stub$Proxy@3869048f:true
12-16 02:28:36.399  2166  2195 D BluetoothManagerService: Message: 30
12-16 02:28:36.399  2166  2315 D BluetoothManagerService: Trying to bind to profile: 1, while Bluetooth was disabled
12-16 02:28:36.465  2282  2663 D OpenGLRenderer: Use EGL_SWAP_BEHAVIOR_PRESERVED: true
12-16 02:28:36.466  2282  2282 I GRALLOC-DRM: create intel for driver i915
12-16 02:28:36.467  2282  2309 I art     : Background sticky concurrent mark sweep GC freed 23(1472B) AllocSpace objects, 0(0B) LOS objects, 2% free, 4MB/4MB, paused 597us total 128.515ms
12-16 02:28:36.468  2282  2282 D Atlas   : Validating map...
12-16 02:28:36.470  2282  2282 D PhoneStatusBar: disable: < EXPAND* icons alerts system_info BACK* HOME* RECENT* clock SEARCH* >
12-16 02:28:36.483  2282  2282 D BluetoothAdapter: 457999733: getState() :  mService = null. Returning STATE_OFF
12-16 02:28:36.483  2282  2282 D BluetoothAdapter: 457999733: getState() :  mService = null. Returning STATE_OFF
12-16 02:28:36.488  2282  2282 D PhoneStatusBar: heads up is enabled
12-16 02:28:36.492  2166  2166 V KeyguardServiceDelegate: *** Keyguard connected (yay!)
12-16 02:28:36.492  2282  2282 I Choreographer: Skipped 31 frames!  The application may be doing too much work on its main thread.
12-16 02:28:36.493  2282  2282 D ViewRootImpl: changeCanvasOpacity: opaque=true
12-16 02:28:36.495  2435  2435 I Telephony: TtyManager: updateUiTtyMode -1 -> 0
12-16 02:28:36.498  2166  2166 D GpsLocationProvider: received SIM realted action: 
12-16 02:28:36.499  2166  2166 D GpsLocationProvider: SIM MCC/MNC is still not available
12-16 02:28:36.510  2435  2435 D TelephonyDebugService: TelephonyDebugService()
12-16 02:28:36.525  2166  2219 D WifiService: New client listening to asynchronous messages
12-16 02:28:36.528  2282  2663 I EGL-DRI2: DRI2: found extension DRI_Core version 1
12-16 02:28:36.529  2282  2663 I EGL-DRI2: DRI2: found extension DRI_DRI2 version 4
12-16 02:28:36.533  2282  2663 I EGL-DRI2: DRI2: found extension DRI_TexBuffer version 3
12-16 02:28:36.533  2282  2663 I EGL-DRI2: DRI2: found extension DRI2_Flush version 4
12-16 02:28:36.533  2282  2663 I EGL-DRI2: DRI2: found extension DRI_IMAGE version 11
12-16 02:28:36.533  2282  2663 I OpenGLRenderer: Initialized EGL, version 1.4
12-16 02:28:36.533  2282  2663 W OpenGLRenderer: Failed to choose config with EGL_SWAP_BEHAVIOR_PRESERVED, retrying without...
12-16 02:28:36.534  2282  2663 D OpenGLRenderer: Enabling debug mode 0
12-16 02:28:36.611  2435  2435 I Telephony: PstnIncomingCallNotifier: Registering: Handler (com.android.internal.telephony.gsm.GSMPhone) {16d34e99}
12-16 02:28:36.619  2435  2667 D SIP     : [SipSharedPreferences] isReceivingCallsEnabled, option not set; use default value, exception: android.provider.Settings$SettingNotFoundException: sip_receive_calls
12-16 02:28:36.782  2166  2219 D WifiService: New client listening to asynchronous messages
12-16 02:28:36.791  2556  2556 I dhcpcd  : eth0: broadcasting for a lease
12-16 02:28:36.798  2556  2556 I dhcpcd  : eth0: offered 192.168.0.157 from 192.168.0.1
12-16 02:28:36.799  2282  2282 V KeyguardUpdateMonitor: action android.intent.action.SIM_STATE_CHANGED state: NOT_READY slotId: 0 subid: -2
12-16 02:28:36.806  2556  2556 I dhcpcd  : eth0: acknowledged 192.168.0.157 from 192.168.0.1
12-16 02:28:36.809  2282  2282 D OpenGLRenderer: setting property extraRasterBucket to 0.95
12-16 02:28:36.809  2282  2282 D OpenGLRenderer:     failed
12-16 02:28:36.809  2282  2282 D OpenGLRenderer: setting property extraRasterBucket to 0.0
12-16 02:28:36.809  2282  2282 D OpenGLRenderer:     failed
12-16 02:28:36.813  2556  2556 I dhcpcd  : eth0: leased 192.168.0.157 for 360000 seconds
12-16 02:28:36.814  2669  2669 W linker  : [vdso]: unused DT entry: type 0x6ffffef5 arg 0x160
12-16 02:28:36.817  2670  2670 W linker  : [vdso]: unused DT entry: type 0x6ffffef5 arg 0x160
12-16 02:28:36.820  2671  2671 W linker  : [vdso]: unused DT entry: type 0x6ffffef5 arg 0x160
12-16 02:28:36.823  2672  2672 W linker  : [vdso]: unused DT entry: type 0x6ffffef5 arg 0x160
12-16 02:28:36.826  2675  2675 W linker  : [vdso]: unused DT entry: type 0x6ffffef5 arg 0x160
12-16 02:28:36.829  2676  2676 W linker  : [vdso]: unused DT entry: type 0x6ffffef5 arg 0x160
12-16 02:28:36.832  2677  2677 W linker  : [vdso]: unused DT entry: type 0x6ffffef5 arg 0x160
12-16 02:28:36.835  2678  2678 W linker  : [vdso]: unused DT entry: type 0x6ffffef5 arg 0x160
12-16 02:28:36.837  2679  2679 W linker  : [vdso]: unused DT entry: type 0x6ffffef5 arg 0x160
12-16 02:28:36.840  2680  2680 W linker  : [vdso]: unused DT entry: type 0x6ffffef5 arg 0x160
12-16 02:28:36.843  2681  2681 W linker  : [vdso]: unused DT entry: type 0x6ffffef5 arg 0x160
12-16 02:28:36.846  2682  2682 W linker  : [vdso]: unused DT entry: type 0x6ffffef5 arg 0x160
12-16 02:28:36.849  2683  2683 W linker  : [vdso]: unused DT entry: type 0x6ffffef5 arg 0x160
12-16 02:28:36.851  2684  2684 W linker  : [vdso]: unused DT entry: type 0x6ffffef5 arg 0x160
12-16 02:28:36.854  2685  2685 W linker  : [vdso]: unused DT entry: type 0x6ffffef5 arg 0x160
12-16 02:28:36.857  2686  2686 W linker  : [vdso]: unused DT entry: type 0x6ffffef5 arg 0x160
12-16 02:28:36.860  2687  2687 W linker  : [vdso]: unused DT entry: type 0x6ffffef5 arg 0x160
12-16 02:28:36.863  2688  2688 W linker  : [vdso]: unused DT entry: type 0x6ffffef5 arg 0x160
12-16 02:28:36.866  2689  2689 W linker  : [vdso]: unused DT entry: type 0x6ffffef5 arg 0x160
12-16 02:28:36.866  2282  2282 D KeyguardUpdateMonitor: handleSimStateChange(subId=-2, slotId=0, state=UNKNOWN)
12-16 02:28:36.866  2282  2282 W KeyguardUpdateMonitor: invalid subId in handleSimStateChange()
12-16 02:28:36.867  2282  2282 V KeyguardUpdateMonitor: onSubscriptionInfoChanged()
12-16 02:28:36.867  2166  2570 V KeyguardServiceDelegate: **** SHOWN CALLED ****
12-16 02:28:36.867  1891  2228 I SurfaceFlinger: Boot is finished (15736 ms)
12-16 02:28:36.867  2282  2282 V KeyguardUpdateMonitor: onSubscriptionInfoChanged: list is null
12-16 02:28:36.869  2690  2690 W linker  : [vdso]: unused DT entry: type 0x6ffffef5 arg 0x160
12-16 02:28:36.873  2282  2282 D PhoneStatusBar: disable: < expand* icons alerts system_info back* home* recent* clock search* >
12-16 02:28:37.002  2166  2555 D ConnectivityService: registerNetworkAgent NetworkAgentInfo{ ni{[type: Ethernet[], state: CONNECTED/CONNECTED, reason: (unspecified), extra: f8:32:e4:a0:24:6d, roaming: false, failover: false, isAvailable: true, isConnectedToProvisioningNetwork: false]}  network{null}  lp{{InterfaceName: eth0 LinkAddresses: [192.168.0.157/24,]  Routes: [192.168.0.0/24 -> 0.0.0.0 eth0,0.0.0.0/0 -> 192.168.0.1 eth0,] DnsAddresses: [192.168.0.1,] Domains:  MTU: 0 TcpBufferSizes: 524288,1048576,3145728,524288,1048576,2097152}}  nc{[ Transports: ETHERNET Capabilities: INTERNET&NOT_RESTRICTED&TRUSTED&NOT_VPN LinkUpBandwidth>=100000Kbps LinkDnBandwidth>=100000Kbps]}  Score{30}  everValidated{false}  lastValidated{false}  created{false}  explicitlySelected{false} }
12-16 02:28:37.003  2166  2220 D ConnectivityService: NetworkAgentInfo [Ethernet () - 100] EVENT_NETWORK_INFO_CHANGED, going from null to CONNECTED
12-16 02:28:37.003  2166  2220 D ConnectivityService: Adding iface eth0 to network 100
12-16 02:28:37.005  2692  2692 W linker  : [vdso]: unused DT entry: type 0x6ffffef5 arg 0x160
12-16 02:28:37.005  1894  2126 I iptables: WARNING: linker: [vdso]: unused DT entry: type 0x6ffffef5 arg 0x160
12-16 02:28:37.008  2693  2693 W linker  : [vdso]: unused DT entry: type 0x6ffffef5 arg 0x160
12-16 02:28:37.008  1894  2126 I ip6tables: WARNING: linker: [vdso]: unused DT entry: type 0x6ffffef5 arg 0x160
12-16 02:28:37.010  2166  2220 E ConnectivityService: Unexpected mtu value: 0, eth0
12-16 02:28:37.010  2166  2220 D ConnectivityService: Adding Route [192.168.0.0/24 -> 0.0.0.0 eth0] to network 100
12-16 02:28:37.011  2166  2220 D ConnectivityService: Adding Route [0.0.0.0/0 -> 192.168.0.1 eth0] to network 100
12-16 02:28:37.011  2166  2220 D ConnectivityService: Setting Dns servers for network 100 to [/192.168.0.1]
12-16 02:28:37.012  2166  2220 D ConnectivityService: notifyType IP_CHANGED for NetworkAgentInfo [Ethernet () - 100]
12-16 02:28:37.012  2166  2220 D ConnectivityService: notifyType PRECHECK for NetworkAgentInfo [Ethernet () - 100]
12-16 02:28:37.012  2166  2691 D NetworkMonitor/NetworkAgentInfo [Ethernet () - 100]: DefaultState{ when=0 what=532481 target=com.android.internal.util.StateMachine$SmHandler }
12-16 02:28:37.012  2166  2691 D NetworkMonitor/NetworkAgentInfo [Ethernet () - 100]: Connected
12-16 02:28:37.013  2166  2691 D NetworkMonitor/NetworkAgentInfo [Ethernet () - 100]: EvaluatingState{ when=0 what=532486 arg1=1 target=com.android.internal.util.StateMachine$SmHandler }
12-16 02:28:37.013  2166  2220 D ConnectivityService: rematching NetworkAgentInfo [Ethernet () - 100]
12-16 02:28:37.013  2166  2220 D ConnectivityService:    accepting network in place of null
12-16 02:28:37.013  2166  2691 D NetworkMonitor/NetworkAgentInfo [Ethernet () - 100]: Checking http://connectivitycheck.android.com/generate_204 on f8:32:e4:a0:24:6d
12-16 02:28:37.013  2166  2220 D ConnectivityService: Switching to new default network: NetworkAgentInfo{ ni{[type: Ethernet[], state: CONNECTED/CONNECTED, reason: (unspecified), extra: f8:32:e4:a0:24:6d, roaming: false, failover: false, isAvailable: true, isConnectedToProvisioningNetwork: false]}  network{100}  lp{{InterfaceName: eth0 LinkAddresses: [192.168.0.157/24,]  Routes: [192.168.0.0/24 -> 0.0.0.0 eth0,0.0.0.0/0 -> 192.168.0.1 eth0,] DnsAddresses: [192.168.0.1,] Domains:  MTU: 0 TcpBufferSizes: 524288,1048576,3145728,524288,1048576,2097152}}  nc{[ Transports: ETHERNET Capabilities: INTERNET&NOT_RESTRICTED&TRUSTED&NOT_VPN LinkUpBandwidth>=100000Kbps LinkDnBandwidth>=100000Kbps]}  Score{30}  everValidated{false}  lastValidated{false}  created{true}  explicitlySelected{false} }
12-16 02:28:37.014  2166  2220 D ConnectivityService: Setting tx/rx TCP buffers to 524288,1048576,3145728,524288,1048576,2097152
12-16 02:28:37.014  2166  2220 E ConnectivityService: Can't set TCP buffer sizes:java.io.FileNotFoundException: /sys/kernel/ipv4/tcp_rmem_min: open failed: ENOENT (No such file or directory)
12-16 02:28:37.014  2166  2220 D ConnectivityService: notifyType AVAILABLE for NetworkAgentInfo [Ethernet () - 100]
12-16 02:28:37.014  2166  2220 D CSLegacyTypeTracker: Sending connected broadcast for type 9 NetworkAgentInfo [Ethernet () - 100] isDefaultNetwork=true
12-16 02:28:37.015  2282  2654 D ConnectivityManager.CallbackHandler: CM callback handler got msg 524290
12-16 02:28:37.015  2694  2694 W linker  : [vdso]: unused DT entry: type 0x6ffffef5 arg 0x160
12-16 02:28:37.017  2695  2695 W linker  : [vdso]: unused DT entry: type 0x6ffffef5 arg 0x160
12-16 02:28:37.017  2694  2694 I sh      : WARNING: linker: [vdso]: unused DT entry: type 0x6ffffef5 arg 0x160
12-16 02:28:37.023  2694  2694 I sh      : + hw_sh=/vendor/etc/init.sh 
12-16 02:28:37.023  2694  2694 I sh      : + '[' -e /vendor/etc/init.sh ']'
12-16 02:28:37.023  2694  2694 I sh      : + '[' -n 2 ']'
12-16 02:28:37.024  2694  2694 I sh      : + do_netconsole
12-16 02:28:37.024  2694  2694 I sh      : + getprop dhcp.eth0.gateway
12-16 02:28:37.027  2699  2699 W linker  : [vdso]: unused DT entry: type 0x6ffffef5 arg 0x160
12-16 02:28:37.027  2694  2694 I sh      : WARNING: linker: [vdso]: unused DT entry: type 0x6ffffef5 arg 0x160
12-16 02:28:37.029  2694  2694 I sh      : + modprobe netconsole 'netconsole=@/,@192.168.0.1/'
12-16 02:28:37.045  2166  2220 D ConnectivityService: sendStickyBroadcast: action=android.net.conn.CONNECTIVITY_CHANGE_IMMEDIATE
12-16 02:28:37.045  2166  2220 D ConnectivityService: sendStickyBroadcast: action=android.net.conn.CONNECTIVITY_CHANGE
12-16 02:28:37.046  2166  2195 D Tethering: MasterInitialState.processMessage what=3
12-16 02:28:37.046  2435  2456 D PhoneInterfaceManager: [PhoneIntfMgr] getDataEnabled: subId=-1 phoneId=-1
12-16 02:28:37.046  2435  2456 E PhoneInterfaceManager: [PhoneIntfMgr] getDataEnabled: no phone subId=-1 retVal=false
12-16 02:28:37.046  2166  2190 D TelephonyManager: getDataEnabled: retVal=false
12-16 02:28:37.069  2166  2191 I ActivityManager: Start proc 2704:com.android.mms/u0a2 for broadcast com.android.mms/.transaction.MmsSystemEventReceiver
12-16 02:28:37.071  2166  2190 E GpsLocationProvider: No APN found to select.
12-16 02:28:37.082  2694  2694 I sh      : + return 0
12-16 02:28:37.082  2704  2704 I ActivityThread: Switching default density from 160 to 240
12-16 02:28:37.125  2166  2434 D AlarmManagerService: Setting time of day to sec=1450232917
12-16 02:28:37.125  2166  2720 D GpsLocationProvider: NTP server returned: 1450232917044 (Wed Dec 16 02:28:37 GMT+00:00 2015) reference: 32437 certainty: 14 system time offset: -81
12-16 02:28:37.084  2166  2315 D CountryDetector: The first listener is added
12-16 02:28:37.101  1900  1900 E installd: Unable to unlink boot marker at /data/dalvik-cache/arm64/.booting, error=No such file or directory
12-16 02:28:37.101  2166  2196 E ActivityManager: Unable to mark boot complete for abi: arm64-v8a
12-16 02:28:37.101  1900  1900 E installd: Unable to unlink boot marker at /data/dalvik-cache/arm/.booting, error=No such file or directory
12-16 02:28:37.102  2166  2196 E ActivityManager: Unable to mark boot complete for abi: armeabi-v7a
12-16 02:28:37.102  2166  2196 I SystemServiceManager: Starting phase 1000
12-16 02:28:37.103  2731  2731 W linker  : [vdso]: unused DT entry: type 0x6ffffef5 arg 0x160
12-16 02:28:37.105  2732  2732 W linker  : [vdso]: unused DT entry: type 0x6ffffef5 arg 0x160
12-16 02:28:37.105  2731  2731 I sh      : WARNING: linker: [vdso]: unused DT entry: type 0x6ffffef5 arg 0x160
12-16 02:28:37.112  2731  2731 I sh      : + hw_sh=/vendor/etc/init.sh 
12-16 02:28:37.112  2731  2731 I sh      : + '[' -e /vendor/etc/init.sh ']'
12-16 02:28:37.112  2731  2731 I sh      : + do_bootcomplete
12-16 02:28:37.112  2731  2731 I sh      : + init_cpu_governor
12-16 02:28:37.112  2731  2731 I sh      : + getprop cpu.governor
12-16 02:28:37.116  2736  2736 W linker  : [vdso]: unused DT entry: type 0x6ffffef5 arg 0x160
12-16 02:28:37.116  2731  2731 I sh      : WARNING: linker: [vdso]: unused DT entry: type 0x6ffffef5 arg 0x160
12-16 02:28:37.117  2731  2731 I sh      : + governor= 
12-16 02:28:37.117  2731  2731 I sh      : + '[' ']'
12-16 02:28:37.117  2731  2731 I sh      : + getprop persist.sys.root_access
12-16 02:28:37.120  2737  2737 W linker  : [vdso]: unused DT entry: type 0x6ffffef5 arg 0x160
12-16 02:28:37.120  2731  2731 I sh      : WARNING: linker: [vdso]: unused DT entry: type 0x6ffffef5 arg 0x160
12-16 02:28:37.121  2731  2731 I sh      : + '[' -z 3 ']'
12-16 02:28:37.122  2731  2731 I sh      : + getprop debug.mesa.driver
12-16 02:28:37.122  2704  2704 V Mms     : mnc/mcc: 
12-16 02:28:37.122  2704  2704 V Mms     : tag: bool value: enabledMMS - true
12-16 02:28:37.122  2704  2704 V Mms     : tag: int value: maxMessageSize - 307200
12-16 02:28:37.122  2704  2704 V Mms     : tag: int value: maxImageHeight - 480
12-16 02:28:37.123  2704  2704 V Mms     : tag: int value: maxImageWidth - 640
12-16 02:28:37.123  2704  2704 V Mms     : tag: int value: defaultSMSMessagesPerThread - 10000
12-16 02:28:37.123  2704  2704 V Mms     : tag: int value: defaultMMSMessagesPerThread - 1000
12-16 02:28:37.123  2704  2704 V Mms     : tag: int value: minMessageCountPerThread - 10
12-16 02:28:37.123  2704  2704 V Mms     : tag: int value: maxMessageCountPerThread - 5000
12-16 02:28:37.123  2704  2704 V Mms     : tag: string value: uaProfUrl - http://www.google.com/oha/rdf/ua-profile-kila.xml
12-16 02:28:37.123  2704  2704 V Mms     : tag: int value: recipientLimit - -1
12-16 02:28:37.123  2704  2704 V Mms     : tag: bool value: enableMultipartSMS - true
12-16 02:28:37.123  2704  2704 V Mms     : tag: int value: smsToMmsTextThreshold - -1
12-16 02:28:37.123  2704  2704 V Mms     : tag: bool value: enableSlideDuration - true
12-16 02:28:37.123  2704  2704 V Mms     : tag: int value: maxMessageTextSize - -1
12-16 02:28:37.125  2740  2740 W linker  : [vdso]: unused DT entry: type 0x6ffffef5 arg 0x160
12-16 02:28:37.125  2731  2731 I sh      : WARNING: linker: [vdso]: unused DT entry: type 0x6ffffef5 arg 0x160
12-16 02:28:37.126  2731  2731 I sh      : + '['  '=' i965 ']'
12-16 02:28:37.126  2731  2731 I sh      : + lsmod
12-16 02:28:37.127  2731  2731 I sh      : + grep -e brcmfmac
12-16 02:28:37.131  2745  2745 W linker  : [vdso]: unused DT entry: type 0x6ffffef5 arg 0x160
12-16 02:28:37.131  2731  2731 I sh      : WARNING: linker: [vdso]: unused DT entry: type 0x6ffffef5 arg 0x160
12-16 02:28:37.132  2731  2731 I sh      : + grep '\[.*\]' /proc/asound/cards
12-16 02:28:37.132  2731  2731 I sh      : + awk '{print $1}'
12-16 02:28:37.135  2748  2748 W linker  : [vdso]: unused DT entry: type 0x6ffffef5 arg 0x160
12-16 02:28:37.135  2731  2731 I sh      : WARNING: linker: [vdso]: unused DT entry: type 0x6ffffef5 arg 0x160
12-16 02:28:37.136  2749  2749 W linker  : [vdso]: unused DT entry: type 0x6ffffef5 arg 0x160
12-16 02:28:37.136  2731  2731 I sh      : WARNING: linker: [vdso]: unused DT entry: type 0x6ffffef5 arg 0x160
12-16 02:28:37.138  2731  2731 I sh      : + cat /proc/asound/card0/id
12-16 02:28:37.138  2731  2731 I sh      : + f=/system/etc/alsa/PCH.state 
12-16 02:28:37.138  2731  2731 I sh      : + '[' -e /system/etc/alsa/PCH.state ']'
12-16 02:28:37.140  2731  2731 I sh      : + alsa_ctl init 0
12-16 02:28:37.211  2751  2751 W linker  : [vdso]: unused DT entry: type 0x6ffffef5 arg 0xec
12-16 02:28:37.211  2731  2731 I sh      : WARNING: linker: [vdso]: unused DT entry: type 0x6ffffef5 arg 0xec
12-16 02:28:37.227  2731  2731 I sh      : Found hardware: "HDA-Intel" "Realtek ALC887-VD" "HDA:10ec0887,104386c7,00100302 HDA:80862809,80860101,00100000" "0x1043" "0x86c7"
12-16 02:28:37.228  2731  2731 I sh      : Hardware is initialized using a generic method
12-16 02:28:37.229  2731  2731 I sh      : + alsa_amixer -c 0 set Master on
12-16 02:28:37.238  2752  2752 W linker  : [vdso]: unused DT entry: type 0x6ffffef5 arg 0xec
12-16 02:28:37.238  2731  2731 I sh      : WARNING: linker: [vdso]: unused DT entry: type 0x6ffffef5 arg 0xec
12-16 02:28:37.243  2731  2731 I sh      : Simple mixer control 'Master',0
12-16 02:28:37.243  2731  2731 I sh      :   Capabilities: pvolume pvolume-joined pswitch pswitch-joined penum
12-16 02:28:37.243  2731  2731 I sh      :   Playback channels: Mono
12-16 02:28:37.243  2731  2731 I sh      :   Limits: Playback 0 - 64
12-16 02:28:37.243  2731  2731 I sh      :   Mono: Playback 44 [69%] [-20.00dB] [on]
12-16 02:28:37.243  2731  2731 I sh      : + alsa_amixer -c 0 set Master 100%
12-16 02:28:37.246  2753  2753 W linker  : [vdso]: unused DT entry: type 0x6ffffef5 arg 0xec
12-16 02:28:37.246  2731  2731 I sh      : WARNING: linker: [vdso]: unused DT entry: type 0x6ffffef5 arg 0xec
12-16 02:28:37.250  2731  2731 I sh      : Simple mixer control 'Master',0
12-16 02:28:37.250  2731  2731 I sh      :   Capabilities: pvolume pvolume-joined pswitch pswitch-joined penum
12-16 02:28:37.250  2731  2731 I sh      :   Playback channels: Mono
12-16 02:28:37.250  2731  2731 I sh      :   Limits: Playback 0 - 64
12-16 02:28:37.250  2731  2731 I sh      :   Mono: Playback 64 [100%] [0.00dB] [on]
12-16 02:28:37.251  2731  2731 I sh      : + alsa_amixer -c 0 set Headphone on
12-16 02:28:37.253  2754  2754 W linker  : [vdso]: unused DT entry: type 0x6ffffef5 arg 0xec
12-16 02:28:37.253  2731  2731 I sh      : WARNING: linker: [vdso]: unused DT entry: type 0x6ffffef5 arg 0xec
12-16 02:28:37.257  2731  2731 I sh      : Simple mixer control 'Headphone',0
12-16 02:28:37.257  2731  2731 I sh      :   Capabilities: pvolume pswitch penum
12-16 02:28:37.257  2731  2731 I sh      :   Playback channels: Front Left - Front Right
12-16 02:28:37.257  2731  2731 I sh      :   Limits: Playback 0 - 64
12-16 02:28:37.257  2731  2731 I sh      :   Mono:
12-16 02:28:37.257  2731  2731 I sh      :   Front Left: Playback 64 [100%] [0.00dB] [on]
12-16 02:28:37.257  2731  2731 I sh      :   Front Right: Playback 64 [100%] [0.00dB] [on]
12-16 02:28:37.258  2731  2731 I sh      : + alsa_amixer -c 0 set Headphone 100%
12-16 02:28:37.260  2755  2755 W linker  : [vdso]: unused DT entry: type 0x6ffffef5 arg 0xec
12-16 02:28:37.260  2731  2731 I sh      : WARNING: linker: [vdso]: unused DT entry: type 0x6ffffef5 arg 0xec
12-16 02:28:37.265  2731  2731 I sh      : Simple mixer control 'Headphone',0
12-16 02:28:37.265  2731  2731 I sh      :   Capabilities: pvolume pswitch penum
12-16 02:28:37.265  2731  2731 I sh      :   Playback channels: Front Left - Front Right
12-16 02:28:37.265  2731  2731 I sh      :   Limits: Playback 0 - 64
12-16 02:28:37.265  2731  2731 I sh      :   Mono:
12-16 02:28:37.265  2731  2731 I sh      :   Front Left: Playback 64 [100%] [0.00dB] [on]
12-16 02:28:37.265  2731  2731 I sh      :   Front Right: Playback 64 [100%] [0.00dB] [on]
12-16 02:28:37.265  2731  2731 I sh      : + alsa_amixer -c 0 set Speaker 100%
12-16 02:28:37.267  2756  2756 W linker  : [vdso]: unused DT entry: type 0x6ffffef5 arg 0xec
12-16 02:28:37.267  2731  2731 I sh      : WARNING: linker: [vdso]: unused DT entry: type 0x6ffffef5 arg 0xec
12-16 02:28:37.272  2731  2731 I sh      : amixer: Unable to find simple control 'Speaker',0
12-16 02:28:37.272  2731  2731 I sh      : + alsa_amixer -c 0 set Capture 100%
12-16 02:28:37.274  2757  2757 W linker  : [vdso]: unused DT entry: type 0x6ffffef5 arg 0xec
12-16 02:28:37.274  2731  2731 I sh      : WARNING: linker: [vdso]: unused DT entry: type 0x6ffffef5 arg 0xec
12-16 02:28:37.279  2731  2731 I sh      : Simple mixer control 'Capture',0
12-16 02:28:37.279  2731  2731 I sh      :   Capabilities: cvolume cswitch penum
12-16 02:28:37.279  2731  2731 I sh      :   Capture channels: Front Left - Front Right
12-16 02:28:37.279  2731  2731 I sh      :   Limits: Capture 0 - 46
12-16 02:28:37.279  2731  2731 I sh      :   Front Left: Capture 46 [100%] [30.00dB] [on]
12-16 02:28:37.279  2731  2731 I sh      :   Front Right: Capture 46 [100%] [30.00dB] [on]
12-16 02:28:37.279  2731  2731 I sh      : + alsa_amixer -c 0 set Capture cap
12-16 02:28:37.281  2758  2758 W linker  : [vdso]: unused DT entry: type 0x6ffffef5 arg 0xec
12-16 02:28:37.281  2731  2731 I sh      : WARNING: linker: [vdso]: unused DT entry: type 0x6ffffef5 arg 0xec
12-16 02:28:37.286  2731  2731 I sh      : Simple mixer control 'Capture',0
12-16 02:28:37.286  2731  2731 I sh      :   Capabilities: cvolume cswitch penum
12-16 02:28:37.286  2731  2731 I sh      :   Capture channels: Front Left - Front Right
12-16 02:28:37.286  2731  2731 I sh      :   Limits: Capture 0 - 46
12-16 02:28:37.286  2731  2731 I sh      :   Front Left: Capture 46 [100%] [30.00dB] [on]
